15051 read(3,  <unfinished ...>
15057 <... read resumed>"suwjzofadxczkywwpzrdqkxyusdanhcf"..., 369) = 369
15054 <... read resumed>"mhtnazwjzmfizocdmpeptvdxggvbuvii"..., 358) = 358
15057 read(9,  <unfinished ...>
15054 read(6,  <unfinished ...>
15052 <... read resumed>"pgcknkykqsajkgakiqsxojupdifxusyj"..., 1048576) = 1048576
15056 lseek(8, 813630976, SEEK_SET)     = 813630976
15056 read(8,  <unfinished ...>
15053 lseek(5, 334679552, SEEK_SET <unfinished ...>
15056 <... read resumed>"suwjzofadxczkywwpzrdqkxyusdanhcf"..., 369) = 369
15053 <... lseek resumed>)              = 334679552
15058 <... read resumed>"clugznjhxjgvcbyzbawipcclmcacjuzl"..., 1048576) = 1048576
15056 read(8,  <unfinished ...>
15053 read(5,  <unfinished ...>
15052 lseek(4, 174679552, SEEK_SET <unfinished ...>
15058 lseek(10, 1133630976, SEEK_SET <unfinished ...>
15053 <... read resumed>"mhtnazwjzmfizocdmpeptvdxggvbuvii"..., 358) = 358
15058 <... lseek resumed>)              = 1133630976
15052 <... lseek resumed>)              = 174679552
15058 read(10,  <unfinished ...>
15053 read(5,  <unfinished ...>
15055 <... read resumed>"pgcknkykqsajkgakiqsxojupdifxusyj"..., 1048576) = 1048576
15052 read(4,  <unfinished ...>
15058 <... read resumed>"suwjzofadxczkywwpzrdqkxyusdanhcf"..., 369) = 369
15052 <... read resumed>"mhtnazwjzmfizocdmpeptvdxggvbuvii"..., 358) = 358
15058 read(10,  <unfinished ...>
15052 read(4,  <unfinished ...>
15055 lseek(7, 654679552, SEEK_SET)     = 654679552
15051 <... read resumed>"ptxwbniyfqzrieyybpkphcqawhgzcatr"..., 1048576) = 1048576
15055 read(7,  <unfinished ...>
15057 <... read resumed>"pgcknkykqsajkgakiqsxojupdifxusyj"..., 1048576) = 1048576
15055 <... read resumed>"mhtnazwjzmfizocdmpeptvdxggvbuvii"..., 358) = 358
15054 <... read resumed>"ptxwbniyfqzrieyybpkphcqawhgzcatr"..., 1048576) = 1048576
15055 read(7,  <unfinished ...>
15057 lseek(9, 974679552, SEEK_SET <unfinished ...>
15054 lseek(6, 495728128, SEEK_SET <unfinished ...>
15051 lseek(3, 15728128, SEEK_SET <unfinished ...>
15057 <... lseek resumed>)              = 974679552
15054 <... lseek resumed>)              = 495728128
15057 read(9,  <unfinished ...>
15051 <... lseek resumed>)              = 15728128
15057 <... read resumed>"mhtnazwjzmfizocdmpeptvdxggvbuvii"..., 358) = 358
15056 <... read resumed>"pgcknkykqsajkgakiqsxojupdifxusyj"..., 1048576) = 1048576
15054 read(6,  <unfinished ...>
15057 read(9,  <unfinished ...>
15051 read(3,  <unfinished ...>
15054 <... read resumed>"javparlolmxzipvclgmrjszjflzxjtzv"..., 347) = 347
15051 <... read resumed>"javparlolmxzipvclgmrjszjflzxjtzv"..., 347) = 347
15054 read(6,  <unfinished ...>
15053 <... read resumed>"ptxwbniyfqzrieyybpkphcqawhgzcatr"..., 1048576) = 1048576
15051 read(3,  <unfinished ...>
15056 lseek(8, 814679552, SEEK_SET)     = 814679552
15056 read(8,  <unfinished ...>
15058 <... read resumed>"pgcknkykqsajkgakiqsxojupdifxusyj"..., 1048576) = 1048576
15056 <... read resumed>"mhtnazwjzmfizocdmpeptvdxggvbuvii"..., 358) = 358
15052 <... read resumed>"ptxwbniyfqzrieyybpkphcqawhgzcatr"..., 1048576) = 1048576
15056 read(8,  <unfinished ...>
15053 lseek(5, 335728128, SEEK_SET)     = 335728128
15053 read(5, "javparlolmxzipvclgmrjszjflzxjtzv"..., 347) = 347
15053 read(5,  <unfinished ...>
15058 lseek(10, 1134679552, SEEK_SET <unfinished ...>
15055 <... read resumed>"ptxwbniyfqzrieyybpkphcqawhgzcatr"..., 1048576) = 1048576
15052 lseek(4, 175728128, SEEK_SET <unfinished ...>
15058 <... lseek resumed>)              = 1134679552
15052 <... lseek resumed>)              = 175728128
15058 read(10,  <unfinished ...>
15052 read(4,  <unfinished ...>
15058 <... read resumed>"mhtnazwjzmfizocdmpeptvdxggvbuvii"..., 358) = 358
15055 lseek(7, 655728128, SEEK_SET <unfinished ...>
15052 <... read resumed>"javparlolmxzipvclgmrjszjflzxjtzv"..., 347) = 347
15058 read(10,  <unfinished ...>
15057 <... read resumed>"ptxwbniyfqzrieyybpkphcqawhgzcatr"..., 1048576) = 1048576
15055 <... lseek resumed>)              = 655728128
15055 read(7,  <unfinished ...>
15054 <... read resumed>"pjezzqbnlexjehbthupkclwqewurrqbg"..., 1048576) = 1048576
15052 read(4,  <unfinished ...>
15055 <... read resumed>"javparlolmxzipvclgmrjszjflzxjtzv"..., 347) = 347
15051 <... read resumed>"pjezzqbnlexjehbthupkclwqewurrqbg"..., 1048576) = 1048576
15055 read(7,  <unfinished ...>
15057 lseek(9, 975728128, SEEK_SET)     = 975728128
15056 <... read resumed>"ptxwbniyfqzrieyybpkphcqawhgzcatr"..., 1048576) = 1048576
15057 read(9,  <unfinished ...>
15054 lseek(6, 496776704, SEEK_SET)     = 496776704
15057 <... read resumed>"javparlolmxzipvclgmrjszjflzxjtzv"..., 347) = 347
15051 lseek(3, 16776704, SEEK_SET <unfinished ...>
15057 read(9,  <unfinished ...>
15054 read(6,  <unfinished ...>
15053 <... read resumed>"pjezzqbnlexjehbthupkclwqewurrqbg"..., 1048576) = 1048576
15051 <... lseek resumed>)              = 16776704
15054 <... read resumed>"vrfrndhqpgssoygrzajtowoambgjklui"..., 336) = 336
15051 read(3,  <unfinished ...>
15056 lseek(8, 815728128, SEEK_SET <unfinished ...>
15054 read(6,  <unfinished ...>
15056 <... lseek resumed>)              = 815728128
15051 <... read resumed>"vrfrndhqpgssoygrzajtowoambgjklui"..., 336) = 336
15056 read(8,  <unfinished ...>
15053 lseek(5, 336776704, SEEK_SET <unfinished ...>
15051 read(3,  <unfinished ...>
15056 <... read resumed>"javparlolmxzipvclgmrjszjflzxjtzv"..., 347) = 347
15053 <... lseek resumed>)              = 336776704
15058 <... read resumed>"ptxwbniyfqzrieyybpkphcqawhgzcatr"..., 1048576) = 1048576
15056 read(8,  <unfinished ...>
15053 read(5,  <unfinished ...>
15052 <... read resumed>"pjezzqbnlexjehbthupkclwqewurrqbg"..., 1048576) = 1048576
15053 <... read resumed>"vrfrndhqpgssoygrzajtowoambgjklui"..., 336) = 336
15055 <... read resumed>"pjezzqbnlexjehbthupkclwqewurrqbg"..., 1048576) = 1048576
15053 read(5,  <unfinished ...>
15058 lseek(10, 1135728128, SEEK_SET)   = 1135728128
15058 read(10, "javparlolmxzipvclgmrjszjflzxjtzv"..., 347) = 347
15058 read(10,  <unfinished ...>
15052 lseek(4, 176776704, SEEK_SET <unfinished ...>
15055 lseek(7, 656776704, SEEK_SET <unfinished ...>
15057 <... read resumed>"pjezzqbnlexjehbthupkclwqewurrqbg"..., 1048576) = 1048576
15055 <... lseek resumed>)              = 656776704
15052 <... lseek resumed>)              = 176776704
15055 read(7,  <unfinished ...>
15052 read(4,  <unfinished ...>
15055 <... read resumed>"vrfrndhqpgssoygrzajtowoambgjklui"..., 336) = 336
15054 <... read resumed>"fsumyftskefdcgyvwaegpatdsopzyevd"..., 1048576) = 1048576
15052 <... read resumed>"vrfrndhqpgssoygrzajtowoambgjklui"..., 336) = 336
15055 read(7,  <unfinished ...>
15052 read(4,  <unfinished ...>
15051 <... read resumed>"fsumyftskefdcgyvwaegpatdsopzyevd"..., 1048576) = 1048576
15057 lseek(9, 976776704, SEEK_SET)     = 976776704
15057 read(9,  <unfinished ...>
15056 <... read resumed>"pjezzqbnlexjehbthupkclwqewurrqbg"..., 1048576) = 1048576
15057 <... read resumed>"vrfrndhqpgssoygrzajtowoambgjklui"..., 336) = 336
15057 read(9,  <unfinished ...>
15054 lseek(6, 497825280, SEEK_SET)     = 497825280
15054 read(6, "bnhpjgsmhvyuxeggjbglqzinoqrnntpo"..., 325) = 325
15053 <... read resumed>"fsumyftskefdcgyvwaegpatdsopzyevd"..., 1048576) = 1048576
15051 lseek(3, 17825280, SEEK_SET <unfinished ...>
15054 read(6,  <unfinished ...>
15051 <... lseek resumed>)              = 17825280
15056 lseek(8, 816776704, SEEK_SET <unfinished ...>
15051 read(3,  <unfinished ...>
15056 <... lseek resumed>)              = 816776704
15058 <... read resumed>"pjezzqbnlexjehbthupkclwqewurrqbg"..., 1048576) = 1048576
15051 <... read resumed>"bnhpjgsmhvyuxeggjbglqzinoqrnntpo"..., 325) = 325
15056 read(8,  <unfinished ...>
15053 lseek(5, 337825280, SEEK_SET <unfinished ...>
15051 read(3,  <unfinished ...>
15056 <... read resumed>"vrfrndhqpgssoygrzajtowoambgjklui"..., 336) = 336
15053 <... lseek resumed>)              = 337825280
15056 read(8,  <unfinished ...>
15058 lseek(10, 1136776704, SEEK_SET <unfinished ...>
15053 read(5,  <unfinished ...>
15058 <... lseek resumed>)              = 1136776704
15053 <... read resumed>"bnhpjgsmhvyuxeggjbglqzinoqrnntpo"..., 325) = 325
15058 read(10,  <unfinished ...>
15055 <... read resumed>"fsumyftskefdcgyvwaegpatdsopzyevd"..., 1048576) = 1048576
15058 <... read resumed>"vrfrndhqpgssoygrzajtowoambgjklui"..., 336) = 336
15053 read(5,  <unfinished ...>
15052 <... read resumed>"fsumyftskefdcgyvwaegpatdsopzyevd"..., 1048576) = 1048576
15058 read(10,  <unfinished ...>
15057 <... read resumed>"fsumyftskefdcgyvwaegpatdsopzyevd"..., 1048576) = 1048576
15055 lseek(7, 657825280, SEEK_SET)     = 657825280
15055 read(7,  <unfinished ...>
15052 lseek(4, 177825280, SEEK_SET <unfinished ...>
15055 <... read resumed>"bnhpjgsmhvyuxeggjbglqzinoqrnntpo"..., 325) = 325
15054 <... read resumed>"nlkmdewihchyvogowpbukhgajwworumf"..., 1048576) = 1048576
15052 <... lseek resumed>)              = 177825280
15055 read(7,  <unfinished ...>
15057 lseek(9, 977825280, SEEK_SET <unfinished ...>
15052 read(4,  <unfinished ...>
15057 <... lseek resumed>)              = 977825280
15052 <... read resumed>"bnhpjgsmhvyuxeggjbglqzinoqrnntpo"..., 325) = 325
15057 read(9,  <unfinished ...>
15054 lseek(6, 498873856, SEEK_SET <unfinished ...>
15057 <... read resumed>"bnhpjgsmhvyuxeggjbglqzinoqrnntpo"..., 325) = 325
15052 read(4,  <unfinished ...>
15051 <... read resumed>"nlkmdewihchyvogowpbukhgajwworumf"..., 1048576) = 1048576
15057 read(9,  <unfinished ...>
15056 <... read resumed>"fsumyftskefdcgyvwaegpatdsopzyevd"..., 1048576) = 1048576
15054 <... lseek resumed>)              = 498873856
15056 lseek(8, 817825280, SEEK_SET <unfinished ...>
15051 lseek(3, 18873856, SEEK_SET <unfinished ...>
15056 <... lseek resumed>)              = 817825280
15054 read(6,  <unfinished ...>
15051 <... lseek resumed>)              = 18873856
15056 read(8,  <unfinished ...>
15054 <... read resumed>"pbbiysokvrkayhmofhzhinfiwvbbrjei"..., 314) = 314
15056 <... read resumed>"bnhpjgsmhvyuxeggjbglqzinoqrnntpo"..., 325) = 325
15051 read(3,  <unfinished ...>
15058 <... read resumed>"fsumyftskefdcgyvwaegpatdsopzyevd"..., 1048576) = 1048576
15056 read(8,  <unfinished ...>
15054 read(6,  <unfinished ...>
15053 <... read resumed>"nlkmdewihchyvogowpbukhgajwworumf"..., 1048576) = 1048576
15051 <... read resumed>"pbbiysokvrkayhmofhzhinfiwvbbrjei"..., 314) = 314
15051 read(3,  <unfinished ...>
15053 lseek(5, 338873856, SEEK_SET)     = 338873856
15053 read(5,  <unfinished ...>
15058 lseek(10, 1137825280, SEEK_SET <unfinished ...>
15053 <... read resumed>"pbbiysokvrkayhmofhzhinfiwvbbrjei"..., 314) = 314
15058 <... lseek resumed>)              = 1137825280
15055 <... read resumed>"nlkmdewihchyvogowpbukhgajwworumf"..., 1048576) = 1048576
15058 read(10,  <unfinished ...>
15053 read(5,  <unfinished ...>
15058 <... read resumed>"bnhpjgsmhvyuxeggjbglqzinoqrnntpo"..., 325) = 325
15058 read(10,  <unfinished ...>
15052 <... read resumed>"nlkmdewihchyvogowpbukhgajwworumf"..., 1048576) = 1048576
15057 <... read resumed>"nlkmdewihchyvogowpbukhgajwworumf"..., 1048576) = 1048576
15055 lseek(7, 658873856, SEEK_SET)     = 658873856
15055 read(7, "pbbiysokvrkayhmofhzhinfiwvbbrjei"..., 314) = 314
15057 lseek(9, 978873856, SEEK_SET <unfinished ...>
15052 lseek(4, 178873856, SEEK_SET <unfinished ...>
15057 <... lseek resumed>)              = 978873856
15056 <... read resumed>"nlkmdewihchyvogowpbukhgajwworumf"..., 1048576) = 1048576
15055 read(7,  <unfinished ...>
15057 read(9,  <unfinished ...>
15054 <... read resumed>"lssaaiacjjcjchizqgdzpyqvjxhbrdaf"..., 1048576) = 1048576
15052 <... lseek resumed>)              = 178873856
15057 <... read resumed>"pbbiysokvrkayhmofhzhinfiwvbbrjei"..., 314) = 314
15051 <... read resumed>"lssaaiacjjcjchizqgdzpyqvjxhbrdaf"..., 1048576) = 1048576
15057 read(9,  <unfinished ...>
15052 read(4, "pbbiysokvrkayhmofhzhinfiwvbbrjei"..., 314) = 314
15052 read(4,  <unfinished ...>
15056 lseek(8, 818873856, SEEK_SET)     = 818873856
15056 read(8, "pbbiysokvrkayhmofhzhinfiwvbbrjei"..., 314) = 314
15056 read(8,  <unfinished ...>
15053 <... read resumed>"lssaaiacjjcjchizqgdzpyqvjxhbrdaf"..., 1048576) = 1048576
15051 lseek(3, 19922432, SEEK_SET)      = 19922432
15058 <... read resumed>"nlkmdewihchyvogowpbukhgajwworumf"..., 1048576) = 1048576
15054 lseek(6, 499922432, SEEK_SET <unfinished ...>
15051 read(3,  <unfinished ...>
15054 <... lseek resumed>)              = 499922432
15054 read(6,  <unfinished ...>
15051 <... read resumed>"ktrfnbptvymrnaevqpwpdjamjarcqmid"..., 303) = 303
15054 <... read resumed>"ktrfnbptvymrnaevqpwpdjamjarcqmid"..., 303) = 303
15051 read(3,  <unfinished ...>
15054 read(6,  <unfinished ...>
15053 lseek(5, 339922432, SEEK_SET)     = 339922432
15058 lseek(10, 1138873856, SEEK_SET <unfinished ...>
15053 read(5,  <unfinished ...>
15058 <... lseek resumed>)              = 1138873856
15058 read(10,  <unfinished ...>
15053 <... read resumed>"ktrfnbptvymrnaevqpwpdjamjarcqmid"..., 303) = 303
15058 <... read resumed>"pbbiysokvrkayhmofhzhinfiwvbbrjei"..., 314) = 314
15055 <... read resumed>"lssaaiacjjcjchizqgdzpyqvjxhbrdaf"..., 1048576) = 1048576
15058 read(10,  <unfinished ...>
15053 read(5,  <unfinished ...>
15057 <... read resumed>"lssaaiacjjcjchizqgdzpyqvjxhbrdaf"..., 1048576) = 1048576
15052 <... read resumed>"lssaaiacjjcjchizqgdzpyqvjxhbrdaf"..., 1048576) = 1048576
15055 lseek(7, 659922432, SEEK_SET)     = 659922432
15055 read(7,  <unfinished ...>
15057 lseek(9, 979922432, SEEK_SET <unfinished ...>
15056 <... read resumed>"lssaaiacjjcjchizqgdzpyqvjxhbrdaf"..., 1048576) = 1048576
15055 <... read resumed>"ktrfnbptvymrnaevqpwpdjamjarcqmid"..., 303) = 303
15057 <... lseek resumed>)              = 979922432
15055 read(7,  <unfinished ...>
15052 lseek(4, 179922432, SEEK_SET <unfinished ...>
15057 read(9,  <unfinished ...>
15052 <... lseek resumed>)              = 179922432
15052 read(4,  <unfinished ...>
15057 <... read resumed>"ktrfnbptvymrnaevqpwpdjamjarcqmid"..., 303) = 303
15052 <... read resumed>"ktrfnbptvymrnaevqpwpdjamjarcqmid"..., 303) = 303
15057 read(9,  <unfinished ...>
15054 <... read resumed>"tinprfubmofehzyqvxamwilxlgkfzkdt"..., 1048576) = 1048576
15051 <... read resumed>"tinprfubmofehzyqvxamwilxlgkfzkdt"..., 1048576) = 1048576
15056 lseek(8, 819922432, SEEK_SET <unfinished ...>
15052 read(4,  <unfinished ...>
15056 <... lseek resumed>)              = 819922432
15056 read(8, "ktrfnbptvymrnaevqpwpdjamjarcqmid"..., 303) = 303
15056 read(8,  <unfinished ...>
15054 lseek(6, 500971008, SEEK_SET <unfinished ...>
15058 <... read resumed>"lssaaiacjjcjchizqgdzpyqvjxhbrdaf"..., 1048576) = 1048576
15051 lseek(3, 20971008, SEEK_SET <unfinished ...>
15054 <... lseek resumed>)              = 500971008
15053 <... read resumed>"tinprfubmofehzyqvxamwilxlgkfzkdt"..., 1048576) = 1048576
15054 read(6,  <unfinished ...>
15051 <... lseek resumed>)              = 20971008
15054 <... read resumed>"yzjutvqyiwslfpyjrmlrevigugoixdev"..., 292) = 292
15054 read(6,  <unfinished ...>
15051 read(3,  <unfinished ...>
15058 lseek(10, 1139922432, SEEK_SET <unfinished ...>
15051 <... read resumed>"yzjutvqyiwslfpyjrmlrevigugoixdev"..., 292) = 292
15058 <... lseek resumed>)              = 1139922432
15053 lseek(5, 340971008, SEEK_SET <unfinished ...>
15058 read(10,  <unfinished ...>
15051 read(3,  <unfinished ...>
15055 <... read resumed>"tinprfubmofehzyqvxamwilxlgkfzkdt"..., 1048576) = 1048576
15053 <... lseek resumed>)              = 340971008
15058 <... read resumed>"ktrfnbptvymrnaevqpwpdjamjarcqmid"..., 303) = 303
15053 read(5,  <unfinished ...>
15058 read(10,  <unfinished ...>
15053 <... read resumed>"yzjutvqyiwslfpyjrmlrevigugoixdev"..., 292) = 292
15057 <... read resumed>"tinprfubmofehzyqvxamwilxlgkfzkdt"..., 1048576) = 1048576
15053 read(5,  <unfinished ...>
15055 lseek(7, 660971008, SEEK_SET <unfinished ...>
15052 <... read resumed>"tinprfubmofehzyqvxamwilxlgkfzkdt"..., 1048576) = 1048576
15055 <... lseek resumed>)              = 660971008
15055 read(7,  <unfinished ...>
15056 <... read resumed>"tinprfubmofehzyqvxamwilxlgkfzkdt"..., 1048576) = 1048576
15055 <... read resumed>"yzjutvqyiwslfpyjrmlrevigugoixdev"..., 292) = 292
15057 lseek(9, 980971008, SEEK_SET <unfinished ...>
15055 read(7,  <unfinished ...>
15057 <... lseek resumed>)              = 980971008
15057 read(9,  <unfinished ...>
15052 lseek(4, 180971008, SEEK_SET <unfinished ...>
15057 <... read resumed>"yzjutvqyiwslfpyjrmlrevigugoixdev"..., 292) = 292
15052 <... lseek resumed>)              = 180971008
15057 read(9,  <unfinished ...>
15056 lseek(8, 820971008, SEEK_SET <unfinished ...>
15052 read(4,  <unfinished ...>
15056 <... lseek resumed>)              = 820971008
15054 <... read resumed>"mwdgmosmwchtxzedgudobpcgonlbllez"..., 1048576) = 1048576
15056 read(8,  <unfinished ...>
15052 <... read resumed>"yzjutvqyiwslfpyjrmlrevigugoixdev"..., 292) = 292
15056 <... read resumed>"yzjutvqyiwslfpyjrmlrevigugoixdev"..., 292) = 292
15052 read(4,  <unfinished ...>
15051 <... read resumed>"mwdgmosmwchtxzedgudobpcgonlbllez"..., 1048576) = 1048576
15056 read(8,  <unfinished ...>
15054 lseek(6, 502019584, SEEK_SET <unfinished ...>
15058 <... read resumed>"tinprfubmofehzyqvxamwilxlgkfzkdt"..., 1048576) = 1048576
15054 <... lseek resumed>)              = 502019584
15054 read(6,  <unfinished ...>
15053 <... read resumed>"mwdgmosmwchtxzedgudobpcgonlbllez"..., 1048576) = 1048576
15054 <... read resumed>"gdhcquwwocviocfrjbseghufuboluxxa"..., 281) = 281
15051 lseek(3, 22019584, SEEK_SET <unfinished ...>
15054 read(6,  <unfinished ...>
15051 <... lseek resumed>)              = 22019584
15051 read(3,  <unfinished ...>
15058 lseek(10, 1140971008, SEEK_SET <unfinished ...>
15051 <... read resumed>"gdhcquwwocviocfrjbseghufuboluxxa"..., 281) = 281
15058 <... lseek resumed>)              = 1140971008
15055 <... read resumed>"mwdgmosmwchtxzedgudobpcgonlbllez"..., 1048576) = 1048576
15051 read(3,  <unfinished ...>
15058 read(10,  <unfinished ...>
15053 lseek(5, 342019584, SEEK_SET <unfinished ...>
15058 <... read resumed>"yzjutvqyiwslfpyjrmlrevigugoixdev"..., 292) = 292
15053 <... lseek resumed>)              = 342019584
15058 read(10,  <unfinished ...>
15057 <... read resumed>"mwdgmosmwchtxzedgudobpcgonlbllez"..., 1048576) = 1048576
15053 read(5, "gdhcquwwocviocfrjbseghufuboluxxa"..., 281) = 281
15055 lseek(7, 662019584, SEEK_SET <unfinished ...>
15053 read(5,  <unfinished ...>
15055 <... lseek resumed>)              = 662019584
15055 read(7,  <unfinished ...>
15057 lseek(9, 982019584, SEEK_SET <unfinished ...>
15052 <... read resumed>"mwdgmosmwchtxzedgudobpcgonlbllez"..., 1048576) = 1048576
15057 <... lseek resumed>)              = 982019584
15056 <... read resumed>"mwdgmosmwchtxzedgudobpcgonlbllez"..., 1048576) = 1048576
15055 <... read resumed>"gdhcquwwocviocfrjbseghufuboluxxa"..., 281) = 281
15057 read(9,  <unfinished ...>
15055 read(7,  <unfinished ...>
15057 <... read resumed>"gdhcquwwocviocfrjbseghufuboluxxa"..., 281) = 281
15054 <... read resumed>"kzpbnbacvfnfcogxjgsslgcfayfzubue"..., 1048576) = 1048576
15057 read(9,  <unfinished ...>
15052 lseek(4, 182019584, SEEK_SET <unfinished ...>
15056 lseek(8, 822019584, SEEK_SET <unfinished ...>
15052 <... lseek resumed>)              = 182019584
15056 <... lseek resumed>)              = 822019584
15052 read(4,  <unfinished ...>
15056 read(8,  <unfinished ...>
15052 <... read resumed>"gdhcquwwocviocfrjbseghufuboluxxa"..., 281) = 281
15056 <... read resumed>"gdhcquwwocviocfrjbseghufuboluxxa"..., 281) = 281
15054 lseek(6, 503068160, SEEK_SET <unfinished ...>
15051 <... read resumed>"kzpbnbacvfnfcogxjgsslgcfayfzubue"..., 1048576) = 1048576
15056 read(8,  <unfinished ...>
15054 <... lseek resumed>)              = 503068160
15052 read(4,  <unfinished ...>
15058 <... read resumed>"mwdgmosmwchtxzedgudobpcgonlbllez"..., 1048576) = 1048576
15054 read(6,  <unfinished ...>
15051 lseek(3, 23068160, SEEK_SET <unfinished ...>
15058 lseek(10, 1142019584, SEEK_SET <unfinished ...>
15054 <... read resumed>"mpfjdkqsazlyjxlveicclrjcqtxiryvf"..., 270) = 270
15058 <... lseek resumed>)              = 1142019584
15051 <... lseek resumed>)              = 23068160
15058 read(10,  <unfinished ...>
15054 read(6,  <unfinished ...>
15053 <... read resumed>"kzpbnbacvfnfcogxjgsslgcfayfzubue"..., 1048576) = 1048576
15058 <... read resumed>"gdhcquwwocviocfrjbseghufuboluxxa"..., 281) = 281
15051 read(3,  <unfinished ...>
15058 read(10,  <unfinished ...>
15051 <... read resumed>"mpfjdkqsazlyjxlveicclrjcqtxiryvf"..., 270) = 270
15051 read(3,  <unfinished ...>
15055 <... read resumed>"kzpbnbacvfnfcogxjgsslgcfayfzubue"..., 1048576) = 1048576
15053 lseek(5, 343068160, SEEK_SET)     = 343068160
15053 read(5,  <unfinished ...>
15057 <... read resumed>"kzpbnbacvfnfcogxjgsslgcfayfzubue"..., 1048576) = 1048576
15053 <... read resumed>"mpfjdkqsazlyjxlveicclrjcqtxiryvf"..., 270) = 270
15053 read(5,  <unfinished ...>
15055 lseek(7, 663068160, SEEK_SET)     = 663068160
15055 read(7, "mpfjdkqsazlyjxlveicclrjcqtxiryvf"..., 270) = 270
15055 read(7,  <unfinished ...>
15057 lseek(9, 983068160, SEEK_SET <unfinished ...>
15056 <... read resumed>"kzpbnbacvfnfcogxjgsslgcfayfzubue"..., 1048576) = 1048576
15057 <... lseek resumed>)              = 983068160
15052 <... read resumed>"kzpbnbacvfnfcogxjgsslgcfayfzubue"..., 1048576) = 1048576
15057 read(9, "mpfjdkqsazlyjxlveicclrjcqtxiryvf"..., 270) = 270
15057 read(9,  <unfinished ...>
15054 <... read resumed>"aupgpijhqyexevcvfprgyapqznkajczj"..., 1048576) = 1048576
15058 <... read resumed>"kzpbnbacvfnfcogxjgsslgcfayfzubue"..., 1048576) = 1048576
15052 lseek(4, 183068160, SEEK_SET <unfinished ...>
15051 <... read resumed>"aupgpijhqyexevcvfprgyapqznkajczj"..., 1048576) = 1048576
15052 <... lseek resumed>)              = 183068160
15056 lseek(8, 823068160, SEEK_SET)     = 823068160
15054 lseek(6, 504116736, SEEK_SET <unfinished ...>
15058 lseek(10, 1143068160, SEEK_SET <unfinished ...>
15056 read(8,  <unfinished ...>
15058 <... lseek resumed>)              = 1143068160
15054 <... lseek resumed>)              = 504116736
15053 <... read resumed>"aupgpijhqyexevcvfprgyapqznkajczj"..., 1048576) = 1048576
15052 read(4,  <unfinished ...>
15058 read(10,  <unfinished ...>
15056 <... read resumed>"mpfjdkqsazlyjxlveicclrjcqtxiryvf"..., 270) = 270
15054 read(6,  <unfinished ...>
15058 <... read resumed>"mpfjdkqsazlyjxlveicclrjcqtxiryvf"..., 270) = 270
15056 read(8,  <unfinished ...>
15052 <... read resumed>"mpfjdkqsazlyjxlveicclrjcqtxiryvf"..., 270) = 270
15051 lseek(3, 24116736, SEEK_SET <unfinished ...>
15058 read(10,  <unfinished ...>
15055 <... read resumed>"aupgpijhqyexevcvfprgyapqznkajczj"..., 1048576) = 1048576
15054 <... read resumed>"dejrsrdbgngechvgfvaefuwsmykzrfmw"..., 259) = 259
15052 read(4,  <unfinished ...>
15051 <... lseek resumed>)              = 24116736
15054 read(6,  <unfinished ...>
15053 lseek(5, 344116736, SEEK_SET <unfinished ...>
15057 <... read resumed>"aupgpijhqyexevcvfprgyapqznkajczj"..., 1048576) = 1048576
15051 read(3,  <unfinished ...>
15053 <... lseek resumed>)              = 344116736
15055 lseek(7, 664116736, SEEK_SET <unfinished ...>
15051 <... read resumed>"dejrsrdbgngechvgfvaefuwsmykzrfmw"..., 259) = 259
15055 <... lseek resumed>)              = 664116736
15053 read(5,  <unfinished ...>
15055 read(7,  <unfinished ...>
15051 read(3,  <unfinished ...>
15057 lseek(9, 984116736, SEEK_SET <unfinished ...>
15053 <... read resumed>"dejrsrdbgngechvgfvaefuwsmykzrfmw"..., 259) = 259
15057 <... lseek resumed>)              = 984116736
15055 <... read resumed>"dejrsrdbgngechvgfvaefuwsmykzrfmw"..., 259) = 259
15057 read(9,  <unfinished ...>
15053 read(5,  <unfinished ...>
15057 <... read resumed>"dejrsrdbgngechvgfvaefuwsmykzrfmw"..., 259) = 259
15055 read(7,  <unfinished ...>
15057 read(9,  <unfinished ...>
15056 <... read resumed>"aupgpijhqyexevcvfprgyapqznkajczj"..., 1048576) = 1048576
15058 <... read resumed>"aupgpijhqyexevcvfprgyapqznkajczj"..., 1048576) = 1048576
15052 <... read resumed>"aupgpijhqyexevcvfprgyapqznkajczj"..., 1048576) = 1048576
15054 <... read resumed>"gyxhfwhygcwmjlciwafdwbcdbxmsmres"..., 1048576) = 1048576
15056 lseek(8, 824116736, SEEK_SET)     = 824116736
15058 lseek(10, 1144116736, SEEK_SET <unfinished ...>
15056 read(8,  <unfinished ...>
15058 <... lseek resumed>)              = 1144116736
15056 <... read resumed>"dejrsrdbgngechvgfvaefuwsmykzrfmw"..., 259) = 259
15058 read(10,  <unfinished ...>
15056 read(8,  <unfinished ...>
15052 lseek(4, 184116736, SEEK_SET <unfinished ...>
15058 <... read resumed>"dejrsrdbgngechvgfvaefuwsmykzrfmw"..., 259) = 259
15054 lseek(6, 505165312, SEEK_SET <unfinished ...>
15058 read(10,  <unfinished ...>
15052 <... lseek resumed>)              = 184116736
15051 <... read resumed>"gyxhfwhygcwmjlciwafdwbcdbxmsmres"..., 1048576) = 1048576
15054 <... lseek resumed>)              = 505165312
15053 <... read resumed>"gyxhfwhygcwmjlciwafdwbcdbxmsmres"..., 1048576) = 1048576
15052 read(4,  <unfinished ...>
15055 <... read resumed>"gyxhfwhygcwmjlciwafdwbcdbxmsmres"..., 1048576) = 1048576
15054 read(6,  <unfinished ...>
15057 <... read resumed>"gyxhfwhygcwmjlciwafdwbcdbxmsmres"..., 1048576) = 1048576
15052 <... read resumed>"dejrsrdbgngechvgfvaefuwsmykzrfmw"..., 259) = 259
15057 lseek(9, 985165312, SEEK_SET <unfinished ...>
15054 <... read resumed>"kfqjozqxfcykvlbqzbeynpkhqispymek"..., 248) = 248
15053 lseek(5, 345165312, SEEK_SET <unfinished ...>
15051 lseek(3, 25165312, SEEK_SET <unfinished ...>
15057 <... lseek resumed>)              = 985165312
15055 lseek(7, 665165312, SEEK_SET <unfinished ...>
15054 read(6,  <unfinished ...>
15053 <... lseek resumed>)              = 345165312
15052 read(4,  <unfinished ...>
15057 read(9,  <unfinished ...>
15055 <... lseek resumed>)              = 665165312
15053 read(5,  <unfinished ...>
15051 <... lseek resumed>)              = 25165312
15057 <... read resumed>"kfqjozqxfcykvlbqzbeynpkhqispymek"..., 248) = 248
15055 read(7,  <unfinished ...>
15057 read(9,  <unfinished ...>
15053 <... read resumed>"kfqjozqxfcykvlbqzbeynpkhqispymek"..., 248) = 248
15051 read(3,  <unfinished ...>
15055 <... read resumed>"kfqjozqxfcykvlbqzbeynpkhqispymek"..., 248) = 248
15053 read(5,  <unfinished ...>
15055 read(7,  <unfinished ...>
15051 <... read resumed>"kfqjozqxfcykvlbqzbeynpkhqispymek"..., 248) = 248
15051 read(3,  <unfinished ...>
15056 <... read resumed>"gyxhfwhygcwmjlciwafdwbcdbxmsmres"..., 1048576) = 1048576
15058 <... read resumed>"gyxhfwhygcwmjlciwafdwbcdbxmsmres"..., 1048576) = 1048576
15056 lseek(8, 825165312, SEEK_SET)     = 825165312
15056 read(8, "kfqjozqxfcykvlbqzbeynpkhqispymek"..., 248) = 248
15056 read(8,  <unfinished ...>
15058 lseek(10, 1145165312, SEEK_SET)   = 1145165312
15058 read(10,  <unfinished ...>
15054 <... read resumed>"aeynomysgywpnnlxwiqihjqyswjlflyf"..., 1048576) = 1048576
15058 <... read resumed>"kfqjozqxfcykvlbqzbeynpkhqispymek"..., 248) = 248
15052 <... read resumed>"gyxhfwhygcwmjlciwafdwbcdbxmsmres"..., 1048576) = 1048576
15058 read(10,  <unfinished ...>
15054 lseek(6, 506213888, SEEK_SET)     = 506213888
15057 <... read resumed>"aeynomysgywpnnlxwiqihjqyswjlflyf"..., 1048576) = 1048576
15054 read(6, "jeecfcpggsttztffkpxjwpnojejvtwte"..., 237) = 237
15053 <... read resumed>"aeynomysgywpnnlxwiqihjqyswjlflyf"..., 1048576) = 1048576
15055 <... read resumed>"aeynomysgywpnnlxwiqihjqyswjlflyf"..., 1048576) = 1048576
15054 read(6,  <unfinished ...>
15051 <... read resumed>"aeynomysgywpnnlxwiqihjqyswjlflyf"..., 1048576) = 1048576
15057 lseek(9, 986213888, SEEK_SET)     = 986213888
15057 read(9,  <unfinished ...>
15052 lseek(4, 185165312, SEEK_SET <unfinished ...>
15057 <... read resumed>"jeecfcpggsttztffkpxjwpnojejvtwte"..., 237) = 237
15057 read(9,  <unfinished ...>
15052 <... lseek resumed>)              = 185165312
15052 read(4,  <unfinished ...>
15051 lseek(3, 26213888, SEEK_SET <unfinished ...>
15055 lseek(7, 666213888, SEEK_SET <unfinished ...>
15053 lseek(5, 346213888, SEEK_SET <unfinished ...>
15056 <... read resumed>"aeynomysgywpnnlxwiqihjqyswjlflyf"..., 1048576) = 1048576
15055 <... lseek resumed>)              = 666213888
15052 <... read resumed>"kfqjozqxfcykvlbqzbeynpkhqispymek"..., 248) = 248
15051 <... lseek resumed>)              = 26213888
15055 read(7,  <unfinished ...>
15053 <... lseek resumed>)              = 346213888
15052 read(4,  <unfinished ...>
15055 <... read resumed>"jeecfcpggsttztffkpxjwpnojejvtwte"..., 237) = 237
15053 read(5,  <unfinished ...>
15051 read(3,  <unfinished ...>
15055 read(7,  <unfinished ...>
15058 <... read resumed>"aeynomysgywpnnlxwiqihjqyswjlflyf"..., 1048576) = 1048576
15056 lseek(8, 826213888, SEEK_SET <unfinished ...>
15053 <... read resumed>"jeecfcpggsttztffkpxjwpnojejvtwte"..., 237) = 237
15051 <... read resumed>"jeecfcpggsttztffkpxjwpnojejvtwte"..., 237) = 237
15056 <... lseek resumed>)              = 826213888
15053 read(5,  <unfinished ...>
15056 read(8,  <unfinished ...>
15051 read(3,  <unfinished ...>
15054 <... read resumed>"wobdluryocdkamwybpipvjkfgxoyzdex"..., 1048576) = 1048576
15056 <... read resumed>"jeecfcpggsttztffkpxjwpnojejvtwte"..., 237) = 237
15056 read(8,  <unfinished ...>
15058 lseek(10, 1146213888, SEEK_SET)   = 1146213888
15058 read(10, "jeecfcpggsttztffkpxjwpnojejvtwte"..., 237) = 237
15058 read(10,  <unfinished ...>
15054 lseek(6, 507262464, SEEK_SET)     = 507262464
15057 <... read resumed>"wobdluryocdkamwybpipvjkfgxoyzdex"..., 1048576) = 1048576
15054 read(6, "fsdcpzufsexhktmuqkxgcrdrqandahhh"..., 226) = 226
15054 read(6,  <unfinished ...>
15057 lseek(9, 987262464, SEEK_SET)     = 987262464
15057 read(9,  <unfinished ...>
15052 <... read resumed>"aeynomysgywpnnlxwiqihjqyswjlflyf"..., 1048576) = 1048576
15057 <... read resumed>"fsdcpzufsexhktmuqkxgcrdrqandahhh"..., 226) = 226
15057 read(9,  <unfinished ...>
15055 <... read resumed>"wobdluryocdkamwybpipvjkfgxoyzdex"..., 1048576) = 1048576
15052 lseek(4, 186213888, SEEK_SET)     = 186213888
15052 read(4,  <unfinished ...>
15053 <... read resumed>"wobdluryocdkamwybpipvjkfgxoyzdex"..., 1048576) = 1048576
15055 lseek(7, 667262464, SEEK_SET <unfinished ...>
15052 <... read resumed>"jeecfcpggsttztffkpxjwpnojejvtwte"..., 237) = 237
15051 <... read resumed>"wobdluryocdkamwybpipvjkfgxoyzdex"..., 1048576) = 1048576
15056 <... read resumed>"wobdluryocdkamwybpipvjkfgxoyzdex"..., 1048576) = 1048576
15055 <... lseek resumed>)              = 667262464
15052 read(4,  <unfinished ...>
15055 read(7,  <unfinished ...>
15058 <... read resumed>"wobdluryocdkamwybpipvjkfgxoyzdex"..., 1048576) = 1048576
15055 <... read resumed>"fsdcpzufsexhktmuqkxgcrdrqandahhh"..., 226) = 226
15053 lseek(5, 347262464, SEEK_SET <unfinished ...>
15055 read(7,  <unfinished ...>
15053 <... lseek resumed>)              = 347262464
15053 read(5, "fsdcpzufsexhktmuqkxgcrdrqandahhh"..., 226) = 226
15051 lseek(3, 27262464, SEEK_SET <unfinished ...>
15056 lseek(8, 827262464, SEEK_SET <unfinished ...>
15054 <... read resumed>"uquytonkyyplrnjfdhpkhqgecsdesmfm"..., 1048576) = 1048576
15053 read(5,  <unfinished ...>
15051 <... lseek resumed>)              = 27262464
15058 lseek(10, 1147262464, SEEK_SET <unfinished ...>
15056 <... lseek resumed>)              = 827262464
15051 read(3,  <unfinished ...>
15058 <... lseek resumed>)              = 1147262464
15056 read(8,  <unfinished ...>
15058 read(10,  <unfinished ...>
15057 <... read resumed>"uquytonkyyplrnjfdhpkhqgecsdesmfm"..., 1048576) = 1048576
15051 <... read resumed>"fsdcpzufsexhktmuqkxgcrdrqandahhh"..., 226) = 226
15058 <... read resumed>"fsdcpzufsexhktmuqkxgcrdrqandahhh"..., 226) = 226
15056 <... read resumed>"fsdcpzufsexhktmuqkxgcrdrqandahhh"..., 226) = 226
15054 lseek(6, 508311040, SEEK_SET <unfinished ...>
15058 read(10,  <unfinished ...>
15056 read(8,  <unfinished ...>
15051 read(3,  <unfinished ...>
15054 <... lseek resumed>)              = 508311040
15054 read(6,  <unfinished ...>
15057 lseek(9, 988311040, SEEK_SET <unfinished ...>
15054 <... read resumed>"tmcazftulnvxjyntifvtwbbczotartml"..., 215) = 215
15052 <... read resumed>"wobdluryocdkamwybpipvjkfgxoyzdex"..., 1048576) = 1048576
15057 <... lseek resumed>)              = 988311040
15054 read(6,  <unfinished ...>
15057 read(9,  <unfinished ...>
15055 <... read resumed>"uquytonkyyplrnjfdhpkhqgecsdesmfm"..., 1048576) = 1048576
15057 <... read resumed>"tmcazftulnvxjyntifvtwbbczotartml"..., 215) = 215
15055 lseek(7, 668311040, SEEK_SET <unfinished ...>
15052 lseek(4, 187262464, SEEK_SET <unfinished ...>
15057 read(9,  <unfinished ...>
15055 <... lseek resumed>)              = 668311040
15052 <... lseek resumed>)              = 187262464
15055 read(7,  <unfinished ...>
15052 read(4,  <unfinished ...>
15055 <... read resumed>"tmcazftulnvxjyntifvtwbbczotartml"..., 215) = 215
15053 <... read resumed>"uquytonkyyplrnjfdhpkhqgecsdesmfm"..., 1048576) = 1048576
15055 read(7,  <unfinished ...>
15052 <... read resumed>"fsdcpzufsexhktmuqkxgcrdrqandahhh"..., 226) = 226
15052 read(4,  <unfinished ...>
15053 lseek(5, 348311040, SEEK_SET)     = 348311040
15053 read(5, "tmcazftulnvxjyntifvtwbbczotartml"..., 215) = 215
15053 read(5,  <unfinished ...>
15058 <... read resumed>"uquytonkyyplrnjfdhpkhqgecsdesmfm"..., 1048576) = 1048576
15056 <... read resumed>"uquytonkyyplrnjfdhpkhqgecsdesmfm"..., 1048576) = 1048576
15051 <... read resumed>"uquytonkyyplrnjfdhpkhqgecsdesmfm"..., 1048576) = 1048576
15058 lseek(10, 1148311040, SEEK_SET)   = 1148311040
15054 <... read resumed>"godtzvuncuubekdjkccalvcyarydunpb"..., 1048576) = 1048576
15058 read(10,  <unfinished ...>
15056 lseek(8, 828311040, SEEK_SET <unfinished ...>
15051 lseek(3, 28311040, SEEK_SET <unfinished ...>
15056 <... lseek resumed>)              = 828311040
15058 <... read resumed>"tmcazftulnvxjyntifvtwbbczotartml"..., 215) = 215
15051 <... lseek resumed>)              = 28311040
15058 read(10,  <unfinished ...>
15057 <... read resumed>"godtzvuncuubekdjkccalvcyarydunpb"..., 1048576) = 1048576
15056 read(8,  <unfinished ...>
15051 read(3,  <unfinished ...>
15056 <... read resumed>"tmcazftulnvxjyntifvtwbbczotartml"..., 215) = 215
15054 lseek(6, 509359616, SEEK_SET <unfinished ...>
15056 read(8,  <unfinished ...>
15055 <... read resumed>"godtzvuncuubekdjkccalvcyarydunpb"..., 1048576) = 1048576
15052 <... read resumed>"uquytonkyyplrnjfdhpkhqgecsdesmfm"..., 1048576) = 1048576
15051 <... read resumed>"tmcazftulnvxjyntifvtwbbczotartml"..., 215) = 215
15057 lseek(9, 989359616, SEEK_SET <unfinished ...>
15055 lseek(7, 669359616, SEEK_SET <unfinished ...>
15054 <... lseek resumed>)              = 509359616
15052 lseek(4, 188311040, SEEK_SET <unfinished ...>
15057 <... lseek resumed>)              = 989359616
15055 <... lseek resumed>)              = 669359616
15054 read(6,  <unfinished ...>
15053 <... read resumed>"godtzvuncuubekdjkccalvcyarydunpb"..., 1048576) = 1048576
15051 read(3,  <unfinished ...>
15057 read(9,  <unfinished ...>
15055 read(7,  <unfinished ...>
15054 <... read resumed>"vbwapusxijxhmlffhmppfxcddnxjcqkx"..., 204) = 204
15052 <... lseek resumed>)              = 188311040
15057 <... read resumed>"vbwapusxijxhmlffhmppfxcddnxjcqkx"..., 204) = 204
15055 <... read resumed>"vbwapusxijxhmlffhmppfxcddnxjcqkx"..., 204) = 204
15054 read(6,  <unfinished ...>
15057 read(9,  <unfinished ...>
15055 read(7,  <unfinished ...>
15052 read(4,  <unfinished ...>
15053 lseek(5, 349359616, SEEK_SET <unfinished ...>
15052 <... read resumed>"tmcazftulnvxjyntifvtwbbczotartml"..., 215) = 215
15053 <... lseek resumed>)              = 349359616
15052 read(4,  <unfinished ...>
15053 read(5, "vbwapusxijxhmlffhmppfxcddnxjcqkx"..., 204) = 204
15053 read(5,  <unfinished ...>
15058 <... read resumed>"godtzvuncuubekdjkccalvcyarydunpb"..., 1048576) = 1048576
15056 <... read resumed>"godtzvuncuubekdjkccalvcyarydunpb"..., 1048576) = 1048576
15058 lseek(10, 1149359616, SEEK_SET)   = 1149359616
15058 read(10, "vbwapusxijxhmlffhmppfxcddnxjcqkx"..., 204) = 204
15056 lseek(8, 829359616, SEEK_SET <unfinished ...>
15058 read(10,  <unfinished ...>
15056 <... lseek resumed>)              = 829359616
15056 read(8, "vbwapusxijxhmlffhmppfxcddnxjcqkx"..., 204) = 204
15051 <... read resumed>"godtzvuncuubekdjkccalvcyarydunpb"..., 1048576) = 1048576
15056 read(8,  <unfinished ...>
15054 <... read resumed>"tvhewjbvtmwskpqvoaknulxwrcqrrurl"..., 1048576) = 1048576
15057 <... read resumed>"tvhewjbvtmwskpqvoaknulxwrcqrrurl"..., 1048576) = 1048576
15055 <... read resumed>"tvhewjbvtmwskpqvoaknulxwrcqrrurl"..., 1048576) = 1048576
15051 lseek(3, 29359616, SEEK_SET)      = 29359616
15054 lseek(6, 510408192, SEEK_SET <unfinished ...>
15052 <... read resumed>"godtzvuncuubekdjkccalvcyarydunpb"..., 1048576) = 1048576
15057 lseek(9, 990408192, SEEK_SET <unfinished ...>
15055 lseek(7, 670408192, SEEK_SET <unfinished ...>
15054 <... lseek resumed>)              = 510408192
15053 <... read resumed>"tvhewjbvtmwskpqvoaknulxwrcqrrurl"..., 1048576) = 1048576
15051 read(3,  <unfinished ...>
15057 <... lseek resumed>)              = 990408192
15055 <... lseek resumed>)              = 670408192
15054 read(6,  <unfinished ...>
15057 read(9,  <unfinished ...>
15055 read(7,  <unfinished ...>
15057 <... read resumed>"dhwaltuvqgreevbvbqjyahbykhphzgwe"..., 193) = 193
15054 <... read resumed>"dhwaltuvqgreevbvbqjyahbykhphzgwe"..., 193) = 193
15057 read(9,  <unfinished ...>
15055 <... read resumed>"dhwaltuvqgreevbvbqjyahbykhphzgwe"..., 193) = 193
15051 <... read resumed>"vbwapusxijxhmlffhmppfxcddnxjcqkx"..., 204) = 204
15058 <... read resumed>"tvhewjbvtmwskpqvoaknulxwrcqrrurl"..., 1048576) = 1048576
15055 read(7,  <unfinished ...>
15054 read(6,  <unfinished ...>
15052 lseek(4, 189359616, SEEK_SET <unfinished ...>
15051 read(3,  <unfinished ...>
15056 <... read resumed>"tvhewjbvtmwskpqvoaknulxwrcqrrurl"..., 1048576) = 1048576
15053 lseek(5, 350408192, SEEK_SET <unfinished ...>
15052 <... lseek resumed>)              = 189359616
15053 <... lseek resumed>)              = 350408192
15052 read(4,  <unfinished ...>
15058 lseek(10, 1150408192, SEEK_SET <unfinished ...>
15053 read(5,  <unfinished ...>
15058 <... lseek resumed>)              = 1150408192
15052 <... read resumed>"vbwapusxijxhmlffhmppfxcddnxjcqkx"..., 204) = 204
15058 read(10,  <unfinished ...>
15053 <... read resumed>"dhwaltuvqgreevbvbqjyahbykhphzgwe"..., 193) = 193
15056 lseek(8, 830408192, SEEK_SET <unfinished ...>
15053 read(5,  <unfinished ...>
15052 read(4,  <unfinished ...>
15058 <... read resumed>"dhwaltuvqgreevbvbqjyahbykhphzgwe"..., 193) = 193
15056 <... lseek resumed>)              = 830408192
15058 read(10,  <unfinished ...>
15056 read(8, "dhwaltuvqgreevbvbqjyahbykhphzgwe"..., 193) = 193
15056 read(8,  <unfinished ...>
15057 <... read resumed>"xkqrlkqkzbvfuniryyxrhymugjwdhwof"..., 1048576) = 1048576
15055 <... read resumed>"xkqrlkqkzbvfuniryyxrhymugjwdhwof"..., 1048576) = 1048576
15054 <... read resumed>"xkqrlkqkzbvfuniryyxrhymugjwdhwof"..., 1048576) = 1048576
15051 <... read resumed>"tvhewjbvtmwskpqvoaknulxwrcqrrurl"..., 1048576) = 1048576
15055 lseek(7, 671456768, SEEK_SET <unfinished ...>
15054 lseek(6, 511456768, SEEK_SET <unfinished ...>
15057 lseek(9, 991456768, SEEK_SET <unfinished ...>
15055 <... lseek resumed>)              = 671456768
15057 <... lseek resumed>)              = 991456768
15054 <... lseek resumed>)              = 511456768
15057 read(9,  <unfinished ...>
15055 read(7,  <unfinished ...>
15057 <... read resumed>"xefobuqxygtrxjzmrlojbatkhgezydix"..., 182) = 182
15054 read(6,  <unfinished ...>
15057 read(9,  <unfinished ...>
15055 <... read resumed>"xefobuqxygtrxjzmrlojbatkhgezydix"..., 182) = 182
15053 <... read resumed>"xkqrlkqkzbvfuniryyxrhymugjwdhwof"..., 1048576) = 1048576
15051 lseek(3, 30408192, SEEK_SET <unfinished ...>
15055 read(7,  <unfinished ...>
15054 <... read resumed>"xefobuqxygtrxjzmrlojbatkhgezydix"..., 182) = 182
15052 <... read resumed>"tvhewjbvtmwskpqvoaknulxwrcqrrurl"..., 1048576) = 1048576
15058 <... read resumed>"xkqrlkqkzbvfuniryyxrhymugjwdhwof"..., 1048576) = 1048576
15054 read(6,  <unfinished ...>
15051 <... lseek resumed>)              = 30408192
15056 <... read resumed>"xkqrlkqkzbvfuniryyxrhymugjwdhwof"..., 1048576) = 1048576
15051 read(3, "dhwaltuvqgreevbvbqjyahbykhphzgwe"..., 193) = 193
15053 lseek(5, 351456768, SEEK_SET <unfinished ...>
15051 read(3,  <unfinished ...>
15058 lseek(10, 1151456768, SEEK_SET <unfinished ...>
15053 <... lseek resumed>)              = 351456768
15052 lseek(4, 190408192, SEEK_SET <unfinished ...>
15058 <... lseek resumed>)              = 1151456768
15056 lseek(8, 831456768, SEEK_SET <unfinished ...>
15053 read(5,  <unfinished ...>
15058 read(10,  <unfinished ...>
15056 <... lseek resumed>)              = 831456768
15052 <... lseek resumed>)              = 190408192
15058 <... read resumed>"xefobuqxygtrxjzmrlojbatkhgezydix"..., 182) = 182
15056 read(8,  <unfinished ...>
15053 <... read resumed>"xefobuqxygtrxjzmrlojbatkhgezydix"..., 182) = 182
15058 read(10,  <unfinished ...>
15056 <... read resumed>"xefobuqxygtrxjzmrlojbatkhgezydix"..., 182) = 182
15052 read(4,  <unfinished ...>
15056 read(8,  <unfinished ...>
15053 read(5,  <unfinished ...>
15052 <... read resumed>"dhwaltuvqgreevbvbqjyahbykhphzgwe"..., 193) = 193
15052 read(4,  <unfinished ...>
15057 <... read resumed>"kbchbljnqytpznxpuwrdpwyoojficlco"..., 1048576) = 1048576
15055 <... read resumed>"kbchbljnqytpznxpuwrdpwyoojficlco"..., 1048576) = 1048576
15054 <... read resumed>"kbchbljnqytpznxpuwrdpwyoojficlco"..., 1048576) = 1048576
15057 lseek(9, 992505344, SEEK_SET)     = 992505344
15057 read(9,  <unfinished ...>
15055 lseek(7, 672505344, SEEK_SET <unfinished ...>
15057 <... read resumed>"omnwmxaqvvgidnzmlqzxufyzbhfzihbw"..., 171) = 171
15051 <... read resumed>"xkqrlkqkzbvfuniryyxrhymugjwdhwof"..., 1048576) = 1048576
15057 read(9,  <unfinished ...>
15055 <... lseek resumed>)              = 672505344
15054 lseek(6, 512505344, SEEK_SET <unfinished ...>
15055 read(7,  <unfinished ...>
15054 <... lseek resumed>)              = 512505344
15055 <... read resumed>"omnwmxaqvvgidnzmlqzxufyzbhfzihbw"..., 171) = 171
15051 lseek(3, 31456768, SEEK_SET <unfinished ...>
15055 read(7,  <unfinished ...>
15054 read(6,  <unfinished ...>
15051 <... lseek resumed>)              = 31456768
15058 <... read resumed>"kbchbljnqytpznxpuwrdpwyoojficlco"..., 1048576) = 1048576
15054 <... read resumed>"omnwmxaqvvgidnzmlqzxufyzbhfzihbw"..., 171) = 171
15051 read(3,  <unfinished ...>
15056 <... read resumed>"kbchbljnqytpznxpuwrdpwyoojficlco"..., 1048576) = 1048576
15054 read(6,  <unfinished ...>
15053 <... read resumed>"kbchbljnqytpznxpuwrdpwyoojficlco"..., 1048576) = 1048576
15052 <... read resumed>"xkqrlkqkzbvfuniryyxrhymugjwdhwof"..., 1048576) = 1048576
15051 <... read resumed>"xefobuqxygtrxjzmrlojbatkhgezydix"..., 182) = 182
15051 read(3,  <unfinished ...>
15058 lseek(10, 1152505344, SEEK_SET)   = 1152505344
15058 read(10,  <unfinished ...>
15056 lseek(8, 832505344, SEEK_SET <unfinished ...>
15053 lseek(5, 352505344, SEEK_SET <unfinished ...>
15058 <... read resumed>"omnwmxaqvvgidnzmlqzxufyzbhfzihbw"..., 171) = 171
15056 <... lseek resumed>)              = 832505344
15052 lseek(4, 191456768, SEEK_SET <unfinished ...>
15058 read(10,  <unfinished ...>
15056 read(8,  <unfinished ...>
15053 <... lseek resumed>)              = 352505344
15057 <... read resumed>"ydksxwgdnqlymmbmkusdznmssmutajsy"..., 1048576) = 1048576
15056 <... read resumed>"omnwmxaqvvgidnzmlqzxufyzbhfzihbw"..., 171) = 171
15052 <... lseek resumed>)              = 191456768
15056 read(8,  <unfinished ...>
15053 read(5,  <unfinished ...>
15052 read(4,  <unfinished ...>
15053 <... read resumed>"omnwmxaqvvgidnzmlqzxufyzbhfzihbw"..., 171) = 171
15052 <... read resumed>"xefobuqxygtrxjzmrlojbatkhgezydix"..., 182) = 182
15055 <... read resumed>"ydksxwgdnqlymmbmkusdznmssmutajsy"..., 1048576) = 1048576
15053 read(5,  <unfinished ...>
15052 read(4,  <unfinished ...>
15057 lseek(9, 993553920, SEEK_SET)     = 993553920
15057 read(9,  <unfinished ...>
15054 <... read resumed>"ydksxwgdnqlymmbmkusdznmssmutajsy"..., 1048576) = 1048576
15057 <... read resumed>"xixsemcwlpneewrlnzovhcsmzcnqgmdf"..., 160) = 160
15055 lseek(7, 673553920, SEEK_SET <unfinished ...>
15057 read(9,  <unfinished ...>
15055 <... lseek resumed>)              = 673553920
15051 <... read resumed>"kbchbljnqytpznxpuwrdpwyoojficlco"..., 1048576) = 1048576
15055 read(7,  <unfinished ...>
15054 lseek(6, 513553920, SEEK_SET <unfinished ...>
15055 <... read resumed>"xixsemcwlpneewrlnzovhcsmzcnqgmdf"..., 160) = 160
15054 <... lseek resumed>)              = 513553920
15055 read(7,  <unfinished ...>
15054 read(6,  <unfinished ...>
15051 lseek(3, 32505344, SEEK_SET <unfinished ...>
15054 <... read resumed>"xixsemcwlpneewrlnzovhcsmzcnqgmdf"..., 160) = 160
15058 <... read resumed>"ydksxwgdnqlymmbmkusdznmssmutajsy"..., 1048576) = 1048576
15051 <... lseek resumed>)              = 32505344
15054 read(6,  <unfinished ...>
15051 read(3,  <unfinished ...>
15056 <... read resumed>"ydksxwgdnqlymmbmkusdznmssmutajsy"..., 1048576) = 1048576
15051 <... read resumed>"omnwmxaqvvgidnzmlqzxufyzbhfzihbw"..., 171) = 171
15051 read(3,  <unfinished ...>
15058 lseek(10, 1153553920, SEEK_SET)   = 1153553920
15053 <... read resumed>"ydksxwgdnqlymmbmkusdznmssmutajsy"..., 1048576) = 1048576
15058 read(10,  <unfinished ...>
15056 lseek(8, 833553920, SEEK_SET <unfinished ...>
15052 <... read resumed>"kbchbljnqytpznxpuwrdpwyoojficlco"..., 1048576) = 1048576
15058 <... read resumed>"xixsemcwlpneewrlnzovhcsmzcnqgmdf"..., 160) = 160
15056 <... lseek resumed>)              = 833553920
15058 read(10,  <unfinished ...>
15056 read(8,  <unfinished ...>
15057 <... read resumed>"ewugmgpbkxeetvhexbmrhsgtiqkjaljg"..., 1048576) = 1048576
15056 <... read resumed>"xixsemcwlpneewrlnzovhcsmzcnqgmdf"..., 160) = 160
15053 lseek(5, 353553920, SEEK_SET <unfinished ...>
15056 read(8,  <unfinished ...>
15053 <... lseek resumed>)              = 353553920
15052 lseek(4, 192505344, SEEK_SET <unfinished ...>
15053 read(5,  <unfinished ...>
15052 <... lseek resumed>)              = 192505344
15053 <... read resumed>"xixsemcwlpneewrlnzovhcsmzcnqgmdf"..., 160) = 160
15055 <... read resumed>"ewugmgpbkxeetvhexbmrhsgtiqkjaljg"..., 1048576) = 1048576
15052 read(4,  <unfinished ...>
15057 lseek(9, 994602496, SEEK_SET <unfinished ...>
15053 read(5,  <unfinished ...>
15057 <... lseek resumed>)              = 994602496
15052 <... read resumed>"omnwmxaqvvgidnzmlqzxufyzbhfzihbw"..., 171) = 171
15057 read(9,  <unfinished ...>
15052 read(4,  <unfinished ...>
15057 <... read resumed>"bjregmsvxjfruohygwjopbaxaoouvsez"..., 149) = 149
15054 <... read resumed>"ewugmgpbkxeetvhexbmrhsgtiqkjaljg"..., 1048576) = 1048576
15057 read(9,  <unfinished ...>
15055 lseek(7, 674602496, SEEK_SET <unfinished ...>
15051 <... read resumed>"ydksxwgdnqlymmbmkusdznmssmutajsy"..., 1048576) = 1048576
15055 <... lseek resumed>)              = 674602496
15055 read(7, "bjregmsvxjfruohygwjopbaxaoouvsez"..., 149) = 149
15054 lseek(6, 514602496, SEEK_SET <unfinished ...>
15055 read(7,  <unfinished ...>
15054 <... lseek resumed>)              = 514602496
15054 read(6,  <unfinished ...>
15051 lseek(3, 33553920, SEEK_SET <unfinished ...>
15054 <... read resumed>"bjregmsvxjfruohygwjopbaxaoouvsez"..., 149) = 149
15058 <... read resumed>"ewugmgpbkxeetvhexbmrhsgtiqkjaljg"..., 1048576) = 1048576
15051 <... lseek resumed>)              = 33553920
15054 read(6,  <unfinished ...>
15051 read(3,  <unfinished ...>
15056 <... read resumed>"ewugmgpbkxeetvhexbmrhsgtiqkjaljg"..., 1048576) = 1048576
15051 <... read resumed>"xixsemcwlpneewrlnzovhcsmzcnqgmdf"..., 160) = 160
15051 read(3,  <unfinished ...>
15058 lseek(10, 1154602496, SEEK_SET)   = 1154602496
15058 read(10,  <unfinished ...>
15053 <... read resumed>"ewugmgpbkxeetvhexbmrhsgtiqkjaljg"..., 1048576) = 1048576
15058 <... read resumed>"bjregmsvxjfruohygwjopbaxaoouvsez"..., 149) = 149
15052 <... read resumed>"ydksxwgdnqlymmbmkusdznmssmutajsy"..., 1048576) = 1048576
15058 read(10,  <unfinished ...>
15057 <... read resumed>"udwgzhfvvljhjnbfyozckdakqtkdgoxa"..., 1048576) = 1048576
15053 lseek(5, 354602496, SEEK_SET <unfinished ...>
15056 lseek(8, 834602496, SEEK_SET <unfinished ...>
15053 <... lseek resumed>)              = 354602496
15052 lseek(4, 193553920, SEEK_SET <unfinished ...>
15056 <... lseek resumed>)              = 834602496
15055 <... read resumed>"udwgzhfvvljhjnbfyozckdakqtkdgoxa"..., 1048576) = 1048576
15053 read(5,  <unfinished ...>
15056 read(8,  <unfinished ...>
15052 <... lseek resumed>)              = 193553920
15057 lseek(9, 995651072, SEEK_SET <unfinished ...>
15056 <... read resumed>"bjregmsvxjfruohygwjopbaxaoouvsez"..., 149) = 149
15053 <... read resumed>"bjregmsvxjfruohygwjopbaxaoouvsez"..., 149) = 149
15057 <... lseek resumed>)              = 995651072
15056 read(8,  <unfinished ...>
15054 <... read resumed>"udwgzhfvvljhjnbfyozckdakqtkdgoxa"..., 1048576) = 1048576
15052 read(4,  <unfinished ...>
15057 read(9,  <unfinished ...>
15053 read(5,  <unfinished ...>
15057 <... read resumed>"afpmrsunvuvrqcljbubuucnolyszzwfz"..., 138) = 138
15052 <... read resumed>"xixsemcwlpneewrlnzovhcsmzcnqgmdf"..., 160) = 160
15057 read(9,  <unfinished ...>
15055 lseek(7, 675651072, SEEK_SET <unfinished ...>
15051 <... read resumed>"ewugmgpbkxeetvhexbmrhsgtiqkjaljg"..., 1048576) = 1048576
15055 <... lseek resumed>)              = 675651072
15052 read(4,  <unfinished ...>
15055 read(7, "afpmrsunvuvrqcljbubuucnolyszzwfz"..., 138) = 138
15054 lseek(6, 515651072, SEEK_SET <unfinished ...>
15058 <... read resumed>"udwgzhfvvljhjnbfyozckdakqtkdgoxa"..., 1048576) = 1048576
15055 read(7,  <unfinished ...>
15054 <... lseek resumed>)              = 515651072
15054 read(6,  <unfinished ...>
15051 lseek(3, 34602496, SEEK_SET <unfinished ...>
15054 <... read resumed>"afpmrsunvuvrqcljbubuucnolyszzwfz"..., 138) = 138
15051 <... lseek resumed>)              = 34602496
15058 lseek(10, 1155651072, SEEK_SET <unfinished ...>
15054 read(6,  <unfinished ...>
15058 <... lseek resumed>)              = 1155651072
15051 read(3,  <unfinished ...>
15058 read(10,  <unfinished ...>
15051 <... read resumed>"bjregmsvxjfruohygwjopbaxaoouvsez"..., 149) = 149
15058 <... read resumed>"afpmrsunvuvrqcljbubuucnolyszzwfz"..., 138) = 138
