15056 read(8,  <unfinished ...>
15052 read(4,  <unfinished ...>
15055 <... read resumed>"bldjehoghnutgdezkwyofuhxqdjcgbxi"..., 1048576) = 1048576
15051 lseek(3, 138410496, SEEK_SET <unfinished ...>
15053 <... read resumed>"inylwkruegkvchotwkoxglpbikpngmno"..., 1048576) = 1048576
15052 <... read resumed>"qefgdkzamditgdrnkbasmxwbblctnyvd"..., 95) = 95
15051 <... lseek resumed>)              = 138410496
15052 read(4,  <unfinished ...>
15051 read(3, "uomuyzguqqdhsdfrilrmpwwapvqgiote"..., 84) = 84
15054 lseek(6, 624701952, SEEK_SET <unfinished ...>
15051 read(3,  <unfinished ...>
15055 lseek(7, 785750528, SEEK_SET <unfinished ...>
15054 <... lseek resumed>)              = 624701952
15058 <... read resumed>"szqdwxcckfgsifpvahebqhurkfesxwfr"..., 1048576) = 1048576
15055 <... lseek resumed>)              = 785750528
15053 lseek(5, 461556224, SEEK_SET <unfinished ...>
15055 read(7,  <unfinished ...>
15054 read(6,  <unfinished ...>
15053 <... lseek resumed>)              = 461556224
15055 <... read resumed>"kklzozd", 7)   = 7
15054 <... read resumed>"jlrepwcjwtptvkmbsu", 18) = 18
15055 read(7,  <unfinished ...>
15053 read(5,  <unfinished ...>
15058 lseek(10, 1269944320, SEEK_SET <unfinished ...>
15057 <... read resumed>"gabgxeaudtadneaqqhabzpzhvmmhmjds"..., 1048576) = 1048576
15054 read(6,  <unfinished ...>
15058 <... lseek resumed>)              = 1269944320
15053 <... read resumed>"jmcgnwurjvtnjseiparwvxwxconkbibl"..., 51) = 51
15058 read(10,  <unfinished ...>
15053 read(5,  <unfinished ...>
15058 <... read resumed>"ykyrengbzhtozyydmfzwducsnoolgowe"..., 475) = 475
15057 lseek(9, 1108895744, SEEK_SET <unfinished ...>
15058 read(10,  <unfinished ...>
15056 <... read resumed>"bldjehoghnutgdezkwyofuhxqdjcgbxi"..., 1048576) = 1048576
15057 <... lseek resumed>)              = 1108895744
15057 read(9,  <unfinished ...>
15052 <... read resumed>"edewcgqtbfkvglyyacpahmpwnlkslair"..., 1048576) = 1048576
15057 <... read resumed>"yqsgrdvxaybmhenvescgskehgbbybjla"..., 486) = 486
15057 read(9,  <unfinished ...>
15056 lseek(8, 945750528, SEEK_SET <unfinished ...>
15051 <... read resumed>"eedboxikmumkgqqcuxuzmemnwpopuefb"..., 1048576) = 1048576
15056 <... lseek resumed>)              = 945750528
15052 lseek(4, 298410496, SEEK_SET <unfinished ...>
15056 read(8,  <unfinished ...>
15052 <... lseek resumed>)              = 298410496
15051 lseek(3, 139459072, SEEK_SET <unfinished ...>
15056 <... read resumed>"kklzozd", 7)   = 7
15052 read(4,  <unfinished ...>
15056 read(8,  <unfinished ...>
15051 <... lseek resumed>)              = 139459072
15052 <... read resumed>"uomuyzguqqdhsdfrilrmpwwapvqgiote"..., 84) = 84
15055 <... read resumed>"ieajtewijyfcodeyrazgkcpdozonqpra"..., 1048576) = 1048576
15051 read(3,  <unfinished ...>
15052 read(4,  <unfinished ...>
15051 <... read resumed>"zkwufppklvuqhxtujvwtxczlkntgkldk"..., 73) = 73
15051 read(3,  <unfinished ...>
15054 <... read resumed>"bldjehoghnutgdezkwyofuhxqdjcgbxi"..., 1048576) = 1048576
15053 <... read resumed>"dxcbzsqltamgztckxsplhpnfitmsbjyf"..., 1048576) = 1048576
15055 lseek(7, 786798592, SEEK_SET)     = 786798592
15055 read(7,  <unfinished ...>
15058 <... read resumed>"fbaigcovyvafxhsbsblrupyrpnsnhsun"..., 1048576) = 1048576
15055 <... read resumed>"fnuncpcvetcwnldluqpzkorrzwgpvkmc"..., 508) = 508
15055 read(7,  <unfinished ...>
15054 lseek(6, 625750528, SEEK_SET)     = 625750528
15053 lseek(5, 462604800, SEEK_SET <unfinished ...>
15057 <... read resumed>"szqdwxcckfgsifpvahebqhurkfesxwfr"..., 1048576) = 1048576
15054 read(6,  <unfinished ...>
15053 <... lseek resumed>)              = 462604800
15058 lseek(10, 1270992896, SEEK_SET <unfinished ...>
15054 <... read resumed>"kklzozd", 7)   = 7
15053 read(5,  <unfinished ...>
15058 <... lseek resumed>)              = 1270992896
15054 read(6,  <unfinished ...>
15058 read(10,  <unfinished ...>
15053 <... read resumed>"mfzjhbctnibadrippxpraqsgxzkslujx"..., 40) = 40
15058 <... read resumed>"hztqxcweydlrkbbxxeptskfzarxishia"..., 464) = 464
15057 lseek(9, 1109944320, SEEK_SET <unfinished ...>
15058 read(10,  <unfinished ...>
15056 <... read resumed>"ieajtewijyfcodeyrazgkcpdozonqpra"..., 1048576) = 1048576
15053 read(5,  <unfinished ...>
15057 <... lseek resumed>)              = 1109944320
15057 read(9,  <unfinished ...>
15052 <... read resumed>"eedboxikmumkgqqcuxuzmemnwpopuefb"..., 1048576) = 1048576
15057 <... read resumed>"ykyrengbzhtozyydmfzwducsnoolgowe"..., 475) = 475
15051 <... read resumed>"qrrhnlvgcidqjludailviqrmzgnyzgiq"..., 1048576) = 1048576
15057 read(9,  <unfinished ...>
15056 lseek(8, 946798592, SEEK_SET)     = 946798592
15056 read(8, "fnuncpcvetcwnldluqpzkorrzwgpvkmc"..., 508) = 508
15052 lseek(4, 299459072, SEEK_SET <unfinished ...>
15056 read(8,  <unfinished ...>
15051 lseek(3, 140507648, SEEK_SET <unfinished ...>
15055 <... read resumed>"hetkhguticugxpgvpwlssyodjlzgfmio"..., 1048576) = 1048576
15052 <... lseek resumed>)              = 299459072
15051 <... lseek resumed>)              = 140507648
15052 read(4,  <unfinished ...>
15051 read(3,  <unfinished ...>
15052 <... read resumed>"zkwufppklvuqhxtujvwtxczlkntgkldk"..., 73) = 73
15055 lseek(7, 787847168, SEEK_SET <unfinished ...>
15051 <... read resumed>"ikesokaohjrwdgdxoaeobamwxdukbgtl"..., 62) = 62
15055 <... lseek resumed>)              = 787847168
15054 <... read resumed>"ieajtewijyfcodeyrazgkcpdozonqpra"..., 1048576) = 1048576
15052 read(4,  <unfinished ...>
15055 read(7,  <unfinished ...>
15051 read(3,  <unfinished ...>
15058 <... read resumed>"teelfmjcnmhdphwsrlkunklxqeiryrgr"..., 1048576) = 1048576
15055 <... read resumed>"sqgwljaqatqquwboqxjswludamroxhwp"..., 497) = 497
15053 <... read resumed>"vgeyxooomffowxwtwgnjaxjdkrowetyb"..., 1048576) = 1048576
15055 read(7,  <unfinished ...>
15054 lseek(6, 626798592, SEEK_SET <unfinished ...>
15057 <... read resumed>"fbaigcovyvafxhsbsblrupyrpnsnhsun"..., 1048576) = 1048576
15054 <... lseek resumed>)              = 626798592
15054 read(6, "fnuncpcvetcwnldluqpzkorrzwgpvkmc"..., 508) = 508
15058 lseek(10, 1272041472, SEEK_SET <unfinished ...>
15053 lseek(5, 463653376, SEEK_SET <unfinished ...>
15058 <... lseek resumed>)              = 1272041472
15056 <... read resumed>"hetkhguticugxpgvpwlssyodjlzgfmio"..., 1048576) = 1048576
15054 read(6,  <unfinished ...>
15058 read(10,  <unfinished ...>
15053 <... lseek resumed>)              = 463653376
15053 read(5,  <unfinished ...>
15058 <... read resumed>"zyqfpmfsancetygobffxkucxnffuncum"..., 453) = 453
15057 lseek(9, 1110992896, SEEK_SET <unfinished ...>
15053 <... read resumed>"plegyhmszjsfvsxzrqtpehyismoqq", 29) = 29
15058 read(10,  <unfinished ...>
15057 <... lseek resumed>)              = 1110992896
15056 lseek(8, 947847168, SEEK_SET <unfinished ...>
15053 read(5,  <unfinished ...>
15057 read(9,  <unfinished ...>
15056 <... lseek resumed>)              = 947847168
15057 <... read resumed>"hztqxcweydlrkbbxxeptskfzarxishia"..., 464) = 464
15056 read(8,  <unfinished ...>
15057 read(9,  <unfinished ...>
15052 <... read resumed>"qrrhnlvgcidqjludailviqrmzgnyzgiq"..., 1048576) = 1048576
15051 <... read resumed>"inylwkruegkvchotwkoxglpbikpngmno"..., 1048576) = 1048576
15056 <... read resumed>"sqgwljaqatqquwboqxjswludamroxhwp"..., 497) = 497
15056 read(8,  <unfinished ...>
15055 <... read resumed>"gabgxeaudtadneaqqhabzpzhvmmhmjds"..., 1048576) = 1048576
15052 lseek(4, 300507648, SEEK_SET)     = 300507648
15051 lseek(3, 141556224, SEEK_SET <unfinished ...>
15052 read(4,  <unfinished ...>
15051 <... lseek resumed>)              = 141556224
15052 <... read resumed>"ikesokaohjrwdgdxoaeobamwxdukbgtl"..., 62) = 62
15051 read(3,  <unfinished ...>
15052 read(4,  <unfinished ...>
15054 <... read resumed>"hetkhguticugxpgvpwlssyodjlzgfmio"..., 1048576) = 1048576
15051 <... read resumed>"jmcgnwurjvtnjseiparwvxwxconkbibl"..., 51) = 51
15051 read(3,  <unfinished ...>
15058 <... read resumed>"znpfeokybgvdxfgrapyjjjucvdexzhda"..., 1048576) = 1048576
15054 lseek(6, 627847168, SEEK_SET <unfinished ...>
15055 lseek(7, 788895744, SEEK_SET <unfinished ...>
15053 <... read resumed>"jefwinxpzpoikvdeuevmxkthibzxrsnd"..., 1048576) = 1048576
15055 <... lseek resumed>)              = 788895744
15054 <... lseek resumed>)              = 627847168
15055 read(7,  <unfinished ...>
15057 <... read resumed>"teelfmjcnmhdphwsrlkunklxqeiryrgr"..., 1048576) = 1048576
15054 read(6,  <unfinished ...>
15058 lseek(10, 1273090048, SEEK_SET <unfinished ...>
15056 <... read resumed>"gabgxeaudtadneaqqhabzpzhvmmhmjds"..., 1048576) = 1048576
15055 <... read resumed>"yqsgrdvxaybmhenvescgskehgbbybjla"..., 486) = 486
15058 <... lseek resumed>)              = 1273090048
15054 <... read resumed>"sqgwljaqatqquwboqxjswludamroxhwp"..., 497) = 497
15058 read(10,  <unfinished ...>
15055 read(7,  <unfinished ...>
15058 <... read resumed>"dloohacdvsmtamwdqjkjifhplfnxikil"..., 442) = 442
15054 read(6,  <unfinished ...>
15058 read(10,  <unfinished ...>
15053 lseek(5, 464701952, SEEK_SET <unfinished ...>
15057 lseek(9, 1112041472, SEEK_SET <unfinished ...>
15053 <... lseek resumed>)              = 464701952
15057 <... lseek resumed>)              = 1112041472
15056 lseek(8, 948895744, SEEK_SET <unfinished ...>
15053 read(5,  <unfinished ...>
15057 read(9,  <unfinished ...>
15056 <... lseek resumed>)              = 948895744
15052 <... read resumed>"inylwkruegkvchotwkoxglpbikpngmno"..., 1048576) = 1048576
15057 <... read resumed>"zyqfpmfsancetygobffxkucxnffuncum"..., 453) = 453
15056 read(8,  <unfinished ...>
15053 <... read resumed>"jlrepwcjwtptvkmbsu", 18) = 18
15051 <... read resumed>"dxcbzsqltamgztckxsplhpnfitmsbjyf"..., 1048576) = 1048576
15057 read(9,  <unfinished ...>
15056 <... read resumed>"yqsgrdvxaybmhenvescgskehgbbybjla"..., 486) = 486
15053 read(5,  <unfinished ...>
15056 read(8,  <unfinished ...>
15052 lseek(4, 301556224, SEEK_SET)     = 301556224
15051 lseek(3, 142604800, SEEK_SET <unfinished ...>
15052 read(4,  <unfinished ...>
15051 <... lseek resumed>)              = 142604800
15052 <... read resumed>"jmcgnwurjvtnjseiparwvxwxconkbibl"..., 51) = 51
15051 read(3,  <unfinished ...>
15052 read(4,  <unfinished ...>
15055 <... read resumed>"szqdwxcckfgsifpvahebqhurkfesxwfr"..., 1048576) = 1048576
15051 <... read resumed>"mfzjhbctnibadrippxpraqsgxzkslujx"..., 40) = 40
15054 <... read resumed>"gabgxeaudtadneaqqhabzpzhvmmhmjds"..., 1048576) = 1048576
15058 <... read resumed>"qqjplshlslmypnxjhmwktbjqlpurirxb"..., 1048576) = 1048576
15051 read(3,  <unfinished ...>
15055 lseek(7, 789944320, SEEK_SET)     = 789944320
15055 read(7,  <unfinished ...>
15054 lseek(6, 628895744, SEEK_SET <unfinished ...>
15055 <... read resumed>"ykyrengbzhtozyydmfzwducsnoolgowe"..., 475) = 475
15058 lseek(10, 1274138624, SEEK_SET <unfinished ...>
15054 <... lseek resumed>)              = 628895744
15058 <... lseek resumed>)              = 1274138624
15057 <... read resumed>"znpfeokybgvdxfgrapyjjjucvdexzhda"..., 1048576) = 1048576
15055 read(7,  <unfinished ...>
15058 read(10,  <unfinished ...>
15056 <... read resumed>"szqdwxcckfgsifpvahebqhurkfesxwfr"..., 1048576) = 1048576
15054 read(6,  <unfinished ...>
15053 <... read resumed>"bldjehoghnutgdezkwyofuhxqdjcgbxi"..., 1048576) = 1048576
15058 <... read resumed>"kxbqnfpfmcvyezcprnytteqcbjmvwrqh"..., 431) = 431
15058 read(10,  <unfinished ...>
15054 <... read resumed>"yqsgrdvxaybmhenvescgskehgbbybjla"..., 486) = 486
15054 read(6,  <unfinished ...>
15057 lseek(9, 1113090048, SEEK_SET <unfinished ...>
15052 <... read resumed>"dxcbzsqltamgztckxsplhpnfitmsbjyf"..., 1048576) = 1048576
15057 <... lseek resumed>)              = 1113090048
15056 lseek(8, 949944320, SEEK_SET <unfinished ...>
15057 read(9,  <unfinished ...>
15053 lseek(5, 465750528, SEEK_SET <unfinished ...>
15056 <... lseek resumed>)              = 949944320
15057 <... read resumed>"dloohacdvsmtamwdqjkjifhplfnxikil"..., 442) = 442
15053 <... lseek resumed>)              = 465750528
15057 read(9,  <unfinished ...>
15056 read(8,  <unfinished ...>
15051 <... read resumed>"vgeyxooomffowxwtwgnjaxjdkrowetyb"..., 1048576) = 1048576
15056 <... read resumed>"ykyrengbzhtozyydmfzwducsnoolgowe"..., 475) = 475
15053 read(5,  <unfinished ...>
15052 lseek(4, 302604800, SEEK_SET <unfinished ...>
15056 read(8,  <unfinished ...>
15053 <... read resumed>"kklzozd", 7)   = 7
15052 <... lseek resumed>)              = 302604800
15053 read(5,  <unfinished ...>
15052 read(4, "mfzjhbctnibadrippxpraqsgxzkslujx"..., 40) = 40
15051 lseek(3, 143653376, SEEK_SET <unfinished ...>
15055 <... read resumed>"fbaigcovyvafxhsbsblrupyrpnsnhsun"..., 1048576) = 1048576
15052 read(4,  <unfinished ...>
15051 <... lseek resumed>)              = 143653376
15051 read(3,  <unfinished ...>
15058 <... read resumed>"ltioudzszubzatftdxpdgesyazsvwerh"..., 1048576) = 1048576
15051 <... read resumed>"plegyhmszjsfvsxzrqtpehyismoqq", 29) = 29
15051 read(3,  <unfinished ...>
15054 <... read resumed>"szqdwxcckfgsifpvahebqhurkfesxwfr"..., 1048576) = 1048576
15055 lseek(7, 790992896, SEEK_SET)     = 790992896
15055 read(7,  <unfinished ...>
15058 lseek(10, 1275187200, SEEK_SET <unfinished ...>
15055 <... read resumed>"hztqxcweydlrkbbxxeptskfzarxishia"..., 464) = 464
15058 <... lseek resumed>)              = 1275187200
15055 read(7,  <unfinished ...>
15058 read(10,  <unfinished ...>
15054 lseek(6, 629944320, SEEK_SET <unfinished ...>
15057 <... read resumed>"qqjplshlslmypnxjhmwktbjqlpurirxb"..., 1048576) = 1048576
15058 <... read resumed>"kdfiogshxkcxjofpztgbgewyppojbmdo"..., 420) = 420
15054 <... lseek resumed>)              = 629944320
15058 read(10,  <unfinished ...>
15056 <... read resumed>"fbaigcovyvafxhsbsblrupyrpnsnhsun"..., 1048576) = 1048576
15054 read(6,  <unfinished ...>
15053 <... read resumed>"ieajtewijyfcodeyrazgkcpdozonqpra"..., 1048576) = 1048576
15054 <... read resumed>"ykyrengbzhtozyydmfzwducsnoolgowe"..., 475) = 475
15057 lseek(9, 1114138624, SEEK_SET <unfinished ...>
15054 read(6,  <unfinished ...>
15057 <... lseek resumed>)              = 1114138624
15057 read(9,  <unfinished ...>
15052 <... read resumed>"vgeyxooomffowxwtwgnjaxjdkrowetyb"..., 1048576) = 1048576
15057 <... read resumed>"kxbqnfpfmcvyezcprnytteqcbjmvwrqh"..., 431) = 431
15057 read(9,  <unfinished ...>
15056 lseek(8, 950992896, SEEK_SET <unfinished ...>
15053 lseek(5, 466798592, SEEK_SET <unfinished ...>
15056 <... lseek resumed>)              = 950992896
15051 <... read resumed>"jefwinxpzpoikvdeuevmxkthibzxrsnd"..., 1048576) = 1048576
15056 read(8,  <unfinished ...>
15053 <... lseek resumed>)              = 466798592
15056 <... read resumed>"hztqxcweydlrkbbxxeptskfzarxishia"..., 464) = 464
15052 lseek(4, 303653376, SEEK_SET <unfinished ...>
15056 read(8,  <unfinished ...>
15053 read(5,  <unfinished ...>
15052 <... lseek resumed>)              = 303653376
15051 lseek(3, 144701952, SEEK_SET <unfinished ...>
15053 <... read resumed>"fnuncpcvetcwnldluqpzkorrzwgpvkmc"..., 508) = 508
15052 read(4,  <unfinished ...>
15055 <... read resumed>"teelfmjcnmhdphwsrlkunklxqeiryrgr"..., 1048576) = 1048576
15053 read(5,  <unfinished ...>
15051 <... lseek resumed>)              = 144701952
15052 <... read resumed>"plegyhmszjsfvsxzrqtpehyismoqq", 29) = 29
15051 read(3,  <unfinished ...>
15058 <... read resumed>"ymavoevoashjjnvgdoidijfmtmzucyxc"..., 1048576) = 1048576
15052 read(4,  <unfinished ...>
15051 <... read resumed>"jlrepwcjwtptvkmbsu", 18) = 18
15051 read(3,  <unfinished ...>
15055 lseek(7, 792041472, SEEK_SET)     = 792041472
15054 <... read resumed>"fbaigcovyvafxhsbsblrupyrpnsnhsun"..., 1048576) = 1048576
15055 read(7, "zyqfpmfsancetygobffxkucxnffuncum"..., 453) = 453
15055 read(7,  <unfinished ...>
15058 lseek(10, 1276235776, SEEK_SET <unfinished ...>
15057 <... read resumed>"ltioudzszubzatftdxpdgesyazsvwerh"..., 1048576) = 1048576
15058 <... lseek resumed>)              = 1276235776
15058 read(10,  <unfinished ...>
15054 lseek(6, 630992896, SEEK_SET <unfinished ...>
15058 <... read resumed>"ijvokjtivzmopfmyxqrvwihlmjhopldx"..., 409) = 409
15054 <... lseek resumed>)              = 630992896
15058 read(10,  <unfinished ...>
15056 <... read resumed>"teelfmjcnmhdphwsrlkunklxqeiryrgr"..., 1048576) = 1048576
15054 read(6,  <unfinished ...>
15057 lseek(9, 1115187200, SEEK_SET <unfinished ...>
15054 <... read resumed>"hztqxcweydlrkbbxxeptskfzarxishia"..., 464) = 464
15057 <... lseek resumed>)              = 1115187200
15054 read(6,  <unfinished ...>
15057 read(9,  <unfinished ...>
15056 lseek(8, 952041472, SEEK_SET <unfinished ...>
15057 <... read resumed>"kdfiogshxkcxjofpztgbgewyppojbmdo"..., 420) = 420
15053 <... read resumed>"hetkhguticugxpgvpwlssyodjlzgfmio"..., 1048576) = 1048576
15057 read(9,  <unfinished ...>
15056 <... lseek resumed>)              = 952041472
15052 <... read resumed>"jefwinxpzpoikvdeuevmxkthibzxrsnd"..., 1048576) = 1048576
15056 read(8,  <unfinished ...>
15051 <... read resumed>"bldjehoghnutgdezkwyofuhxqdjcgbxi"..., 1048576) = 1048576
15056 <... read resumed>"zyqfpmfsancetygobffxkucxnffuncum"..., 453) = 453
15056 read(8,  <unfinished ...>
15053 lseek(5, 467847168, SEEK_SET)     = 467847168
15055 <... read resumed>"znpfeokybgvdxfgrapyjjjucvdexzhda"..., 1048576) = 1048576
15053 read(5, "sqgwljaqatqquwboqxjswludamroxhwp"..., 497) = 497
15052 lseek(4, 304701952, SEEK_SET <unfinished ...>
15053 read(5,  <unfinished ...>
15051 lseek(3, 145750528, SEEK_SET <unfinished ...>
15052 <... lseek resumed>)              = 304701952
15058 <... read resumed>"taihxxxclwolysfsaumqlskcjhqnzfuu"..., 1048576) = 1048576
15051 <... lseek resumed>)              = 145750528
15052 read(4,  <unfinished ...>
15051 read(3,  <unfinished ...>
15055 lseek(7, 793090048, SEEK_SET <unfinished ...>
15052 <... read resumed>"jlrepwcjwtptvkmbsu", 18) = 18
15051 <... read resumed>"kklzozd", 7)   = 7
15055 <... lseek resumed>)              = 793090048
15054 <... read resumed>"teelfmjcnmhdphwsrlkunklxqeiryrgr"..., 1048576) = 1048576
15052 read(4,  <unfinished ...>
15055 read(7,  <unfinished ...>
15051 read(3,  <unfinished ...>
15055 <... read resumed>"dloohacdvsmtamwdqjkjifhplfnxikil"..., 442) = 442
15058 lseek(10, 1277284352, SEEK_SET <unfinished ...>
15057 <... read resumed>"ymavoevoashjjnvgdoidijfmtmzucyxc"..., 1048576) = 1048576
15058 <... lseek resumed>)              = 1277284352
15055 read(7,  <unfinished ...>
15058 read(10,  <unfinished ...>
15056 <... read resumed>"znpfeokybgvdxfgrapyjjjucvdexzhda"..., 1048576) = 1048576
15054 lseek(6, 632041472, SEEK_SET <unfinished ...>
15058 <... read resumed>"sudpudifyuimpouteccflpqnfcswkrte"..., 398) = 398
15054 <... lseek resumed>)              = 632041472
15058 read(10,  <unfinished ...>
15057 lseek(9, 1116235776, SEEK_SET <unfinished ...>
15054 read(6,  <unfinished ...>
15057 <... lseek resumed>)              = 1116235776
15054 <... read resumed>"zyqfpmfsancetygobffxkucxnffuncum"..., 453) = 453
15057 read(9,  <unfinished ...>
15054 read(6,  <unfinished ...>
15053 <... read resumed>"gabgxeaudtadneaqqhabzpzhvmmhmjds"..., 1048576) = 1048576
15057 <... read resumed>"ijvokjtivzmopfmyxqrvwihlmjhopldx"..., 409) = 409
15057 read(9,  <unfinished ...>
15056 lseek(8, 953090048, SEEK_SET)     = 953090048
15053 lseek(5, 468895744, SEEK_SET <unfinished ...>
15056 read(8,  <unfinished ...>
15052 <... read resumed>"bldjehoghnutgdezkwyofuhxqdjcgbxi"..., 1048576) = 1048576
15056 <... read resumed>"dloohacdvsmtamwdqjkjifhplfnxikil"..., 442) = 442
15053 <... lseek resumed>)              = 468895744
15051 <... read resumed>"ieajtewijyfcodeyrazgkcpdozonqpra"..., 1048576) = 1048576
15056 read(8,  <unfinished ...>
15053 read(5,  <unfinished ...>
15055 <... read resumed>"qqjplshlslmypnxjhmwktbjqlpurirxb"..., 1048576) = 1048576
15053 <... read resumed>"yqsgrdvxaybmhenvescgskehgbbybjla"..., 486) = 486
15052 lseek(4, 305750528, SEEK_SET <unfinished ...>
15053 read(5,  <unfinished ...>
15052 <... lseek resumed>)              = 305750528
15051 lseek(3, 146798592, SEEK_SET <unfinished ...>
15058 <... read resumed>"mlmwcnkybzwnqzytyaocecjnxdupvqrj"..., 1048576) = 1048576
15052 read(4,  <unfinished ...>
15051 <... lseek resumed>)              = 146798592
15052 <... read resumed>"kklzozd", 7)   = 7
15051 read(3,  <unfinished ...>
15055 lseek(7, 794138624, SEEK_SET <unfinished ...>
15054 <... read resumed>"znpfeokybgvdxfgrapyjjjucvdexzhda"..., 1048576) = 1048576
15052 read(4,  <unfinished ...>
15058 lseek(10, 1278332928, SEEK_SET <unfinished ...>
15057 <... read resumed>"taihxxxclwolysfsaumqlskcjhqnzfuu"..., 1048576) = 1048576
15055 <... lseek resumed>)              = 794138624
15051 <... read resumed>"fnuncpcvetcwnldluqpzkorrzwgpvkmc"..., 508) = 508
15058 <... lseek resumed>)              = 1278332928
15055 read(7,  <unfinished ...>
15054 lseek(6, 633090048, SEEK_SET <unfinished ...>
15058 read(10,  <unfinished ...>
15055 <... read resumed>"kxbqnfpfmcvyezcprnytteqcbjmvwrqh"..., 431) = 431
15051 read(3,  <unfinished ...>
15058 <... read resumed>"nrzimoqfhhoxlmbuoxojyvjmaiykyxso"..., 387) = 387
15055 read(7,  <unfinished ...>
15054 <... lseek resumed>)              = 633090048
15058 read(10,  <unfinished ...>
15057 lseek(9, 1117284352, SEEK_SET <unfinished ...>
15054 read(6,  <unfinished ...>
15057 <... lseek resumed>)              = 1117284352
15056 <... read resumed>"qqjplshlslmypnxjhmwktbjqlpurirxb"..., 1048576) = 1048576
15057 read(9,  <unfinished ...>
15054 <... read resumed>"dloohacdvsmtamwdqjkjifhplfnxikil"..., 442) = 442
15057 <... read resumed>"sudpudifyuimpouteccflpqnfcswkrte"..., 398) = 398
15054 read(6,  <unfinished ...>
15057 read(9,  <unfinished ...>
15053 <... read resumed>"szqdwxcckfgsifpvahebqhurkfesxwfr"..., 1048576) = 1048576
15056 lseek(8, 954138624, SEEK_SET)     = 954138624
15056 read(8,  <unfinished ...>
15053 lseek(5, 469944320, SEEK_SET <unfinished ...>
15056 <... read resumed>"kxbqnfpfmcvyezcprnytteqcbjmvwrqh"..., 431) = 431
15052 <... read resumed>"ieajtewijyfcodeyrazgkcpdozonqpra"..., 1048576) = 1048576
15056 read(8,  <unfinished ...>
15053 <... lseek resumed>)              = 469944320
15053 read(5, "ykyrengbzhtozyydmfzwducsnoolgowe"..., 475) = 475
15051 <... read resumed>"hetkhguticugxpgvpwlssyodjlzgfmio"..., 1048576) = 1048576
15055 <... read resumed>"ltioudzszubzatftdxpdgesyazsvwerh"..., 1048576) = 1048576
15053 read(5,  <unfinished ...>
15058 <... read resumed>"nshvbidrqsbdfjkyfhigalieakmnsesf"..., 1048576) = 1048576
15052 lseek(4, 306798592, SEEK_SET <unfinished ...>
15058 lseek(10, 1279381504, SEEK_SET <unfinished ...>
15052 <... lseek resumed>)              = 306798592
15058 <... lseek resumed>)              = 1279381504
15055 lseek(7, 795187200, SEEK_SET <unfinished ...>
15058 read(10,  <unfinished ...>
15054 <... read resumed>"qqjplshlslmypnxjhmwktbjqlpurirxb"..., 1048576) = 1048576
15052 read(4,  <unfinished ...>
15051 lseek(3, 147847168, SEEK_SET <unfinished ...>
15058 <... read resumed>"qplkzspjzbiipglnpwizgchsyudjquch"..., 376) = 376
15057 <... read resumed>"mlmwcnkybzwnqzytyaocecjnxdupvqrj"..., 1048576) = 1048576
15055 <... lseek resumed>)              = 795187200
15058 read(10,  <unfinished ...>
15052 <... read resumed>"fnuncpcvetcwnldluqpzkorrzwgpvkmc"..., 508) = 508
15051 <... lseek resumed>)              = 147847168
15055 read(7,  <unfinished ...>
15052 read(4,  <unfinished ...>
15051 read(3,  <unfinished ...>
15055 <... read resumed>"kdfiogshxkcxjofpztgbgewyppojbmdo"..., 420) = 420
15056 <... read resumed>"ltioudzszubzatftdxpdgesyazsvwerh"..., 1048576) = 1048576
15054 lseek(6, 634138624, SEEK_SET <unfinished ...>
15051 <... read resumed>"sqgwljaqatqquwboqxjswludamroxhwp"..., 497) = 497
15057 lseek(9, 1118332928, SEEK_SET <unfinished ...>
15055 read(7,  <unfinished ...>
15054 <... lseek resumed>)              = 634138624
15058 <... read resumed>"jlgralqxxpklztliahliyjkuklbuiior"..., 617984) = 617984
15057 <... lseek resumed>)              = 1118332928
15056 lseek(8, 955187200, SEEK_SET <unfinished ...>
15053 <... read resumed>"fbaigcovyvafxhsbsblrupyrpnsnhsun"..., 1048576) = 1048576
15051 read(3,  <unfinished ...>
15058 read(10,  <unfinished ...>
15057 read(9,  <unfinished ...>
15056 <... lseek resumed>)              = 955187200
15054 read(6,  <unfinished ...>
15053 lseek(5, 470992896, SEEK_SET <unfinished ...>
15058 <... read resumed>"wcstbtnfpaectnbepflymadiqvmkcrvy"..., 512) = 136
15057 <... read resumed>"nrzimoqfhhoxlmbuoxojyvjmaiykyxso"..., 387) = 387
15056 read(8,  <unfinished ...>
15054 <... read resumed>"kxbqnfpfmcvyezcprnytteqcbjmvwrqh"..., 431) = 431
15057 read(9,  <unfinished ...>
15056 <... read resumed>"kdfiogshxkcxjofpztgbgewyppojbmdo"..., 420) = 420
15053 <... lseek resumed>)              = 470992896
15058 lseek(10, 1280000000, SEEK_SET <unfinished ...>
15056 read(8,  <unfinished ...>
15054 read(6,  <unfinished ...>
15053 read(5,  <unfinished ...>
15058 <... lseek resumed>)              = 1280000000
15052 <... read resumed>"hetkhguticugxpgvpwlssyodjlzgfmio"..., 1048576) = 1048576
15058 munmap(0x79f9d8217000, 1052672 <unfinished ...>
15053 <... read resumed>"hztqxcweydlrkbbxxeptskfzarxishia"..., 464) = 464
15058 <... munmap resumed>)             = 0
15053 read(5,  <unfinished ...>
15058 close(10 <unfinished ...>
15055 <... read resumed>"ymavoevoashjjnvgdoidijfmtmzucyxc"..., 1048576) = 1048576
15052 lseek(4, 307847168, SEEK_SET <unfinished ...>
15058 <... close resumed>)              = 0
15052 <... lseek resumed>)              = 307847168
15058 rt_sigprocmask(SIG_BLOCK, ~[RT_1],  <unfinished ...>
15052 read(4,  <unfinished ...>
15058 <... rt_sigprocmask resumed>NULL, 8) = 0
15052 <... read resumed>"sqgwljaqatqquwboqxjswludamroxhwp"..., 497) = 497
15058 madvise(0x79f9ca7fd000, 8368128, MADV_DONTNEED <unfinished ...>
15051 <... read resumed>"gabgxeaudtadneaqqhabzpzhvmmhmjds"..., 1048576) = 1048576
15058 <... madvise resumed>)            = 0
15052 read(4,  <unfinished ...>
15058 exit(0 <unfinished ...>
15054 <... read resumed>"ltioudzszubzatftdxpdgesyazsvwerh"..., 1048576) = 1048576
15058 <... exit resumed>)               = ?
15055 lseek(7, 796235776, SEEK_SET <unfinished ...>
15058 +++ exited with 0 +++
15057 <... read resumed>"nshvbidrqsbdfjkyfhigalieakmnsesf"..., 1048576) = 1048576
15055 <... lseek resumed>)              = 796235776
15051 lseek(3, 148895744, SEEK_SET <unfinished ...>
15055 read(7,  <unfinished ...>
15056 <... read resumed>"ymavoevoashjjnvgdoidijfmtmzucyxc"..., 1048576) = 1048576
15051 <... lseek resumed>)              = 148895744
15055 <... read resumed>"ijvokjtivzmopfmyxqrvwihlmjhopldx"..., 409) = 409
15054 lseek(6, 635187200, SEEK_SET <unfinished ...>
15057 lseek(9, 1119381504, SEEK_SET <unfinished ...>
15055 read(7,  <unfinished ...>
15051 read(3,  <unfinished ...>
15054 <... lseek resumed>)              = 635187200
15057 <... lseek resumed>)              = 1119381504
15053 <... read resumed>"teelfmjcnmhdphwsrlkunklxqeiryrgr"..., 1048576) = 1048576
15057 read(9,  <unfinished ...>
15056 lseek(8, 956235776, SEEK_SET <unfinished ...>
15054 read(6,  <unfinished ...>
15051 <... read resumed>"yqsgrdvxaybmhenvescgskehgbbybjla"..., 486) = 486
15057 <... read resumed>"qplkzspjzbiipglnpwizgchsyudjquch"..., 376) = 376
15056 <... lseek resumed>)              = 956235776
15054 <... read resumed>"kdfiogshxkcxjofpztgbgewyppojbmdo"..., 420) = 420
15057 read(9,  <unfinished ...>
15056 read(8,  <unfinished ...>
15051 read(3,  <unfinished ...>
15056 <... read resumed>"ijvokjtivzmopfmyxqrvwihlmjhopldx"..., 409) = 409
15054 read(6,  <unfinished ...>
15053 lseek(5, 472041472, SEEK_SET <unfinished ...>
15056 read(8,  <unfinished ...>
15052 <... read resumed>"gabgxeaudtadneaqqhabzpzhvmmhmjds"..., 1048576) = 1048576
15053 <... lseek resumed>)              = 472041472
15053 read(5, "zyqfpmfsancetygobffxkucxnffuncum"..., 453) = 453
15053 read(5,  <unfinished ...>
15052 lseek(4, 308895744, SEEK_SET)     = 308895744
15052 read(4, "yqsgrdvxaybmhenvescgskehgbbybjla"..., 486) = 486
15057 <... read resumed>"jlgralqxxpklztliahliyjkuklbuiior"..., 617984) = 617984
15057 read(9,  <unfinished ...>
15052 read(4,  <unfinished ...>
15057 <... read resumed>"wcstbtnfpaectnbepflymadiqvmkcrvy"..., 512) = 512
15055 <... read resumed>"taihxxxclwolysfsaumqlskcjhqnzfuu"..., 1048576) = 1048576
15054 <... read resumed>"ymavoevoashjjnvgdoidijfmtmzucyxc"..., 1048576) = 1048576
15057 lseek(9, 1120000376, SEEK_SET)    = 1120000376
15057 munmap(0x79f9d8318000, 1052672 <unfinished ...>
15055 lseek(7, 797284352, SEEK_SET <unfinished ...>
15054 lseek(6, 636235776, SEEK_SET <unfinished ...>
15057 <... munmap resumed>)             = 0
15055 <... lseek resumed>)              = 797284352
15051 <... read resumed>"szqdwxcckfgsifpvahebqhurkfesxwfr"..., 1048576) = 1048576
15057 close(9 <unfinished ...>
15056 <... read resumed>"taihxxxclwolysfsaumqlskcjhqnzfuu"..., 1048576) = 1048576
15055 read(7,  <unfinished ...>
15054 <... lseek resumed>)              = 636235776
15057 <... close resumed>)              = 0
15055 <... read resumed>"sudpudifyuimpouteccflpqnfcswkrte"..., 398) = 398
15054 read(6,  <unfinished ...>
15057 rt_sigprocmask(SIG_BLOCK, ~[RT_1],  <unfinished ...>
15055 read(7,  <unfinished ...>
15053 <... read resumed>"znpfeokybgvdxfgrapyjjjucvdexzhda"..., 1048576) = 1048576
15057 <... rt_sigprocmask resumed>NULL, 8) = 0
15054 <... read resumed>"ijvokjtivzmopfmyxqrvwihlmjhopldx"..., 409) = 409
15057 madvise(0x79f9caffe000, 8368128, MADV_DONTNEED <unfinished ...>
15054 read(6,  <unfinished ...>
15057 <... madvise resumed>)            = 0
15057 exit(0)                           = ?
15057 +++ exited with 0 +++
15052 <... read resumed>"szqdwxcckfgsifpvahebqhurkfesxwfr"..., 1048576) = 1048576
15056 lseek(8, 957284352, SEEK_SET <unfinished ...>
15051 lseek(3, 149944320, SEEK_SET <unfinished ...>
15056 <... lseek resumed>)              = 957284352
15053 lseek(5, 473090048, SEEK_SET <unfinished ...>
15056 read(8,  <unfinished ...>
15051 <... lseek resumed>)              = 149944320
15053 <... lseek resumed>)              = 473090048
15056 <... read resumed>"sudpudifyuimpouteccflpqnfcswkrte"..., 398) = 398
15051 read(3,  <unfinished ...>
15056 read(8,  <unfinished ...>
15053 read(5,  <unfinished ...>
15052 lseek(4, 309944320, SEEK_SET <unfinished ...>
15051 <... read resumed>"ykyrengbzhtozyydmfzwducsnoolgowe"..., 475) = 475
15053 <... read resumed>"dloohacdvsmtamwdqjkjifhplfnxikil"..., 442) = 442
15052 <... lseek resumed>)              = 309944320
15054 <... read resumed>"taihxxxclwolysfsaumqlskcjhqnzfuu"..., 1048576) = 1048576
15053 read(5,  <unfinished ...>
15052 read(4,  <unfinished ...>
15051 read(3,  <unfinished ...>
15052 <... read resumed>"ykyrengbzhtozyydmfzwducsnoolgowe"..., 475) = 475
15052 read(4,  <unfinished ...>
15055 <... read resumed>"mlmwcnkybzwnqzytyaocecjnxdupvqrj"..., 1048576) = 1048576
15054 lseek(6, 637284352, SEEK_SET)     = 637284352
15054 read(6, "sudpudifyuimpouteccflpqnfcswkrte"..., 398) = 398
15055 lseek(7, 798332928, SEEK_SET <unfinished ...>
15054 read(6,  <unfinished ...>
15055 <... lseek resumed>)              = 798332928
15055 read(7, "nrzimoqfhhoxlmbuoxojyvjmaiykyxso"..., 387) = 387
15055 read(7,  <unfinished ...>
15056 <... read resumed>"mlmwcnkybzwnqzytyaocecjnxdupvqrj"..., 1048576) = 1048576
15054 <... read resumed>"mlmwcnkybzwnqzytyaocecjnxdupvqrj"..., 1048576) = 1048576
15053 <... read resumed>"qqjplshlslmypnxjhmwktbjqlpurirxb"..., 1048576) = 1048576
15051 <... read resumed>"fbaigcovyvafxhsbsblrupyrpnsnhsun"..., 1048576) = 1048576
15052 <... read resumed>"fbaigcovyvafxhsbsblrupyrpnsnhsun"..., 1048576) = 1048576
15056 lseek(8, 958332928, SEEK_SET)     = 958332928
15051 lseek(3, 150992896, SEEK_SET <unfinished ...>
15056 read(8,  <unfinished ...>
15053 lseek(5, 474138624, SEEK_SET <unfinished ...>
15056 <... read resumed>"nrzimoqfhhoxlmbuoxojyvjmaiykyxso"..., 387) = 387
15054 lseek(6, 638332928, SEEK_SET <unfinished ...>
15052 lseek(4, 310992896, SEEK_SET <unfinished ...>
15051 <... lseek resumed>)              = 150992896
15056 read(8,  <unfinished ...>
15054 <... lseek resumed>)              = 638332928
15053 <... lseek resumed>)              = 474138624
15052 <... lseek resumed>)              = 310992896
15054 read(6,  <unfinished ...>
15053 read(5,  <unfinished ...>
15051 read(3,  <unfinished ...>
15055 <... read resumed>"nshvbidrqsbdfjkyfhigalieakmnsesf"..., 1048576) = 1048576
15054 <... read resumed>"nrzimoqfhhoxlmbuoxojyvjmaiykyxso"..., 387) = 387
15052 read(4,  <unfinished ...>
15054 read(6,  <unfinished ...>
15053 <... read resumed>"kxbqnfpfmcvyezcprnytteqcbjmvwrqh"..., 431) = 431
15051 <... read resumed>"hztqxcweydlrkbbxxeptskfzarxishia"..., 464) = 464
15053 read(5,  <unfinished ...>
15052 <... read resumed>"hztqxcweydlrkbbxxeptskfzarxishia"..., 464) = 464
15051 read(3,  <unfinished ...>
15052 read(4,  <unfinished ...>
15055 lseek(7, 799381504, SEEK_SET)     = 799381504
15055 read(7, "qplkzspjzbiipglnpwizgchsyudjquch"..., 376) = 376
15055 read(7,  <unfinished ...>
15054 <... read resumed>"nshvbidrqsbdfjkyfhigalieakmnsesf"..., 1048576) = 1048576
15056 <... read resumed>"nshvbidrqsbdfjkyfhigalieakmnsesf"..., 1048576) = 1048576
15054 lseek(6, 639381504, SEEK_SET)     = 639381504
15054 read(6, "qplkzspjzbiipglnpwizgchsyudjquch"..., 376) = 376
15055 <... read resumed>"jlgralqxxpklztliahliyjkuklbuiior"..., 617984) = 617984
15054 read(6,  <unfinished ...>
15055 read(7,  <unfinished ...>
15053 <... read resumed>"ltioudzszubzatftdxpdgesyazsvwerh"..., 1048576) = 1048576
15051 <... read resumed>"teelfmjcnmhdphwsrlkunklxqeiryrgr"..., 1048576) = 1048576
15055 <... read resumed>"wcstbtnfpaectnbepflymadiqvmkcrvy"..., 512) = 512
15052 <... read resumed>"teelfmjcnmhdphwsrlkunklxqeiryrgr"..., 1048576) = 1048576
15056 lseek(8, 959381504, SEEK_SET <unfinished ...>
15055 lseek(7, 800000376, SEEK_SET <unfinished ...>
15053 lseek(5, 475187200, SEEK_SET <unfinished ...>
15052 lseek(4, 312041472, SEEK_SET <unfinished ...>
15051 lseek(3, 152041472, SEEK_SET <unfinished ...>
15056 <... lseek resumed>)              = 959381504
15055 <... lseek resumed>)              = 800000376
15053 <... lseek resumed>)              = 475187200
15052 <... lseek resumed>)              = 312041472
15056 read(8,  <unfinished ...>
15055 munmap(0x79f9d851a000, 1052672 <unfinished ...>
15054 <... read resumed>"jlgralqxxpklztliahliyjkuklbuiior"..., 617984) = 617984
15053 read(5,  <unfinished ...>
15051 <... lseek resumed>)              = 152041472
15056 <... read resumed>"qplkzspjzbiipglnpwizgchsyudjquch"..., 376) = 376
15055 <... munmap resumed>)             = 0
15054 read(6,  <unfinished ...>
15053 <... read resumed>"kdfiogshxkcxjofpztgbgewyppojbmdo"..., 420) = 420
15052 read(4,  <unfinished ...>
15056 read(8,  <unfinished ...>
15055 close(7 <unfinished ...>
15054 <... read resumed>"wcstbtnfpaectnbepflymadiqvmkcrvy"..., 512) = 512
15053 read(5,  <unfinished ...>
15051 read(3,  <unfinished ...>
15055 <... close resumed>)              = 0
15052 <... read resumed>"zyqfpmfsancetygobffxkucxnffuncum"..., 453) = 453
15055 rt_sigprocmask(SIG_BLOCK, ~[RT_1],  <unfinished ...>
15051 <... read resumed>"zyqfpmfsancetygobffxkucxnffuncum"..., 453) = 453
15055 <... rt_sigprocmask resumed>NULL, 8) = 0
15052 read(4,  <unfinished ...>
15055 madvise(0x79f9d871c000, 8368128, MADV_DONTNEED <unfinished ...>
15051 read(3,  <unfinished ...>
15055 <... madvise resumed>)            = 0
15055 exit(0)                           = ?
15055 +++ exited with 0 +++
15054 lseek(6, 640000376, SEEK_SET)     = 640000376
15054 munmap(0x79f9d861b000, 1052672)   = 0
15054 close(6)                          = 0
15054 rt_sigprocmask(SIG_BLOCK, ~[RT_1],  <unfinished ...>
15056 <... read resumed>"jlgralqxxpklztliahliyjkuklbuiior"..., 617984) = 617984
15054 <... rt_sigprocmask resumed>NULL, 8) = 0
15056 read(8,  <unfinished ...>
15054 madvise(0x79f9d911f000, 8368128, MADV_DONTNEED) = 0
15056 <... read resumed>"wcstbtnfpaectnbepflymadiqvmkcrvy"..., 512) = 512
15054 exit(0)                           = ?
15053 <... read resumed>"ymavoevoashjjnvgdoidijfmtmzucyxc"..., 1048576) = 1048576
15054 +++ exited with 0 +++
15051 <... read resumed>"znpfeokybgvdxfgrapyjjjucvdexzhda"..., 1048576) = 1048576
15056 lseek(8, 960000376, SEEK_SET)     = 960000376
15056 munmap(0x79f9d8419000, 1052672)   = 0
15056 close(8 <unfinished ...>
15052 <... read resumed>"znpfeokybgvdxfgrapyjjjucvdexzhda"..., 1048576) = 1048576
15056 <... close resumed>)              = 0
15053 lseek(5, 476235776, SEEK_SET <unfinished ...>
15051 lseek(3, 153090048, SEEK_SET <unfinished ...>
15056 rt_sigprocmask(SIG_BLOCK, ~[RT_1],  <unfinished ...>
15053 <... lseek resumed>)              = 476235776
15056 <... rt_sigprocmask resumed>NULL, 8) = 0
15051 <... lseek resumed>)              = 153090048
15056 madvise(0x79f9cb7ff000, 8368128, MADV_DONTNEED <unfinished ...>
15053 read(5,  <unfinished ...>
15056 <... madvise resumed>)            = 0
15051 read(3,  <unfinished ...>
15056 exit(0 <unfinished ...>
15053 <... read resumed>"ijvokjtivzmopfmyxqrvwihlmjhopldx"..., 409) = 409
15056 <... exit resumed>)               = ?
15051 <... read resumed>"dloohacdvsmtamwdqjkjifhplfnxikil"..., 442) = 442
15056 +++ exited with 0 +++
15053 read(5,  <unfinished ...>
15052 lseek(4, 313090048, SEEK_SET <unfinished ...>
15051 read(3,  <unfinished ...>
15052 <... lseek resumed>)              = 313090048
15052 read(4, "dloohacdvsmtamwdqjkjifhplfnxikil"..., 442) = 442
15052 read(4,  <unfinished ...>
15053 <... read resumed>"taihxxxclwolysfsaumqlskcjhqnzfuu"..., 1048576) = 1048576
15051 <... read resumed>"qqjplshlslmypnxjhmwktbjqlpurirxb"..., 1048576) = 1048576
15051 lseek(3, 154138624, SEEK_SET <unfinished ...>
15053 lseek(5, 477284352, SEEK_SET <unfinished ...>
15051 <... lseek resumed>)              = 154138624
15053 <... lseek resumed>)              = 477284352
15052 <... read resumed>"qqjplshlslmypnxjhmwktbjqlpurirxb"..., 1048576) = 1048576
15051 read(3,  <unfinished ...>
15053 read(5,  <unfinished ...>
15051 <... read resumed>"kxbqnfpfmcvyezcprnytteqcbjmvwrqh"..., 431) = 431
15053 <... read resumed>"sudpudifyuimpouteccflpqnfcswkrte"..., 398) = 398
15051 read(3,  <unfinished ...>
15053 read(5,  <unfinished ...>
15052 lseek(4, 314138624, SEEK_SET)     = 314138624
15052 read(4, "kxbqnfpfmcvyezcprnytteqcbjmvwrqh"..., 431) = 431
15052 read(4,  <unfinished ...>
15051 <... read resumed>"ltioudzszubzatftdxpdgesyazsvwerh"..., 1048576) = 1048576
15053 <... read resumed>"mlmwcnkybzwnqzytyaocecjnxdupvqrj"..., 1048576) = 1048576
15051 lseek(3, 155187200, SEEK_SET)     = 155187200
15051 read(3,  <unfinished ...>
15053 lseek(5, 478332928, SEEK_SET <unfinished ...>
15051 <... read resumed>"kdfiogshxkcxjofpztgbgewyppojbmdo"..., 420) = 420
15053 <... lseek resumed>)              = 478332928
15051 read(3,  <unfinished ...>
15053 read(5, "nrzimoqfhhoxlmbuoxojyvjmaiykyxso"..., 387) = 387
15053 read(5,  <unfinished ...>
15051 <... read resumed>"ymavoevoashjjnvgdoidijfmtmzucyxc"..., 1048576) = 1048576
15053 <... read resumed>"nshvbidrqsbdfjkyfhigalieakmnsesf"..., 1048576) = 1048576
15052 <... read resumed>"ltioudzszubzatftdxpdgesyazsvwerh"..., 1048576) = 1048576
15051 lseek(3, 156235776, SEEK_SET)     = 156235776
15051 read(3,  <unfinished ...>
15052 lseek(4, 315187200, SEEK_SET <unfinished ...>
15051 <... read resumed>"ijvokjtivzmopfmyxqrvwihlmjhopldx"..., 409) = 409
15052 <... lseek resumed>)              = 315187200
15051 read(3,  <unfinished ...>
15052 read(4,  <unfinished ...>
15053 lseek(5, 479381504, SEEK_SET <unfinished ...>
15052 <... read resumed>"kdfiogshxkcxjofpztgbgewyppojbmdo"..., 420) = 420
15053 <... lseek resumed>)              = 479381504
15052 read(4,  <unfinished ...>
15053 read(5, "qplkzspjzbiipglnpwizgchsyudjquch"..., 376) = 376
15053 read(5,  <unfinished ...>
15051 <... read resumed>"taihxxxclwolysfsaumqlskcjhqnzfuu"..., 1048576) = 1048576
15053 <... read resumed>"jlgralqxxpklztliahliyjkuklbuiior"..., 617984) = 617984
15053 read(5, "wcstbtnfpaectnbepflymadiqvmkcrvy"..., 512) = 512
15053 lseek(5, 480000376, SEEK_SET <unfinished ...>
15051 lseek(3, 157284352, SEEK_SET <unfinished ...>
15053 <... lseek resumed>)              = 480000376
15051 <... lseek resumed>)              = 157284352
15053 munmap(0x79f9d901e000, 1052672 <unfinished ...>
15051 read(3,  <unfinished ...>
15053 <... munmap resumed>)             = 0
15051 <... read resumed>"sudpudifyuimpouteccflpqnfcswkrte"..., 398) = 398
15053 close(5 <unfinished ...>
15051 read(3,  <unfinished ...>
15053 <... close resumed>)              = 0
15053 rt_sigprocmask(SIG_BLOCK, ~[RT_1], NULL, 8) = 0
15052 <... read resumed>"ymavoevoashjjnvgdoidijfmtmzucyxc"..., 1048576) = 1048576
15053 madvise(0x79f9d9a21000, 8368128, MADV_DONTNEED) = 0
15053 exit(0)                           = ?
15053 +++ exited with 0 +++
15051 <... read resumed>"mlmwcnkybzwnqzytyaocecjnxdupvqrj"..., 1048576) = 1048576
15052 lseek(4, 316235776, SEEK_SET)     = 316235776
15052 read(4, "ijvokjtivzmopfmyxqrvwihlmjhopldx"..., 409) = 409
15052 read(4,  <unfinished ...>
15051 lseek(3, 158332928, SEEK_SET)     = 158332928
15051 read(3, "nrzimoqfhhoxlmbuoxojyvjmaiykyxso"..., 387) = 387
15051 read(3, "nshvbidrqsbdfjkyfhigalieakmnsesf"..., 1048576) = 1048576
15052 <... read resumed>"taihxxxclwolysfsaumqlskcjhqnzfuu"..., 1048576) = 1048576
15051 lseek(3, 159381504, SEEK_SET)     = 159381504
15051 read(3, "qplkzspjzbiipglnpwizgchsyudjquch"..., 376) = 376
15051 read(3,  <unfinished ...>
15052 lseek(4, 317284352, SEEK_SET)     = 317284352
15052 read(4, "sudpudifyuimpouteccflpqnfcswkrte"..., 398) = 398
15052 read(4,  <unfinished ...>
15051 <... read resumed>"jlgralqxxpklztliahliyjkuklbuiior"..., 617984) = 617984
15051 read(3, "wcstbtnfpaectnbepflymadiqvmkcrvy"..., 512) = 512
15051 lseek(3, 160000376, SEEK_SET)     = 160000376
15051 munmap(0x79f9d9920000, 1052672)   = 0
15051 close(3)                          = 0
15051 rt_sigprocmask(SIG_BLOCK, ~[RT_1], NULL, 8) = 0
15051 madvise(0x79f9daa23000, 8368128, MADV_DONTNEED) = 0
15051 exit(0)                           = ?
15050 <... futex resumed>)              = 0
15051 +++ exited with 0 +++
15050 futex(0x79f9daa22990, FUTEX_WAIT_BITSET|FUTEX_CLOCK_REALTIME, 15052, NULL, FUTEX_BITSET_MATCH_ANY <unfinished ...>
15052 <... read resumed>"mlmwcnkybzwnqzytyaocecjnxdupvqrj"..., 1048576) = 1048576
15052 lseek(4, 318332928, SEEK_SET)     = 318332928
15052 read(4, "nrzimoqfhhoxlmbuoxojyvjmaiykyxso"..., 387) = 387
15052 read(4, "nshvbidrqsbdfjkyfhigalieakmnsesf"..., 1048576) = 1048576
15052 lseek(4, 319381504, SEEK_SET)     = 319381504
15052 read(4, "qplkzspjzbiipglnpwizgchsyudjquch"..., 376) = 376
15052 read(4, "jlgralqxxpklztliahliyjkuklbuiior"..., 617984) = 617984
15052 read(4, "wcstbtnfpaectnbepflymadiqvmkcrvy"..., 512) = 512
15052 lseek(4, 320000376, SEEK_SET)     = 320000376
15052 munmap(0x79f9d8f1d000, 1052672)   = 0
15052 close(4)                          = 0
15052 rt_sigprocmask(SIG_BLOCK, ~[RT_1], NULL, 8) = 0
15052 madvise(0x79f9da222000, 8368128, MADV_DONTNEED) = 0
15052 exit(0)                           = ?
15050 <... futex resumed>)              = 0
15052 +++ exited with 0 +++
15050 munmap(0x79f9daa23000, 8392704)   = 0
15050 munmap(0x79f9da222000, 8392704)   = 0
15050 munmap(0x79f9d9a21000, 8392704)   = 0
15050 munmap(0x79f9d911f000, 8392704)   = 0
15050 fstat(1, {st_mode=S_IFCHR|0620, st_rdev=makedev(0x88, 0), ...}) = 0
15050 write(1, "file: ddata\n", 12)     = 12
15050 write(1, "zovzovzovzov\n", 13)    = 13
15050 write(1, "threads: 8\n", 11)      = 11
15050 write(1, "count: 640\n", 11)      = 11
15050 write(1, "time: 5.619437 s\n", 17) = 17
15050 exit_group(0)                     = ?
15050 +++ exited with 0 +++
