15050 execve("./lab", ["./lab", "ddata", "zovzovzovzov", "8"], 0x7ffde6180390 /* 30 vars */) = 0
15050 brk(NULL)                         = 0x9e66000
15050 mmap(NULL, 8192, PROT_READ|PROT_WRITE, MAP_PRIVATE|MAP_ANONYMOUS, -1, 0) = 0x79f9db425000
15050 access("/etc/ld.so.preload", R_OK) = -1 ENOENT (No such file or directory)
15050 openat(AT_FDCWD, "/etc/ld.so.cache", O_RDONLY|O_CLOEXEC) = 3
15050 fstat(3, {st_mode=S_IFREG|0644, st_size=29003, ...}) = 0
15050 mmap(NULL, 29003, PROT_READ, MAP_PRIVATE, 3, 0) = 0x79f9db41d000
15050 close(3)                          = 0
15050 openat(AT_FDCWD, "/lib/x86_64-linux-gnu/libc.so.6", O_RDONLY|O_CLOEXEC) = 3
15050 read(3, "\177ELF\2\1\1\3\0\0\0\0\0\0\0\0\3\0>\0\1\0\0\0p\236\2\0\0\0\0\0"..., 832) = 832
15050 pread64(3, "\6\0\0\0\4\0\0\0@\0\0\0\0\0\0\0@\0\0\0\0\0\0\0@\0\0\0\0\0\0\0"..., 840, 64) = 840
15050 fstat(3, {st_mode=S_IFREG|0755, st_size=2003408, ...}) = 0
15050 pread64(3, "\6\0\0\0\4\0\0\0@\0\0\0\0\0\0\0@\0\0\0\0\0\0\0@\0\0\0\0\0\0\0"..., 840, 64) = 840
15050 mmap(NULL, 2055800, PROT_READ, MAP_PRIVATE|MAP_DENYWRITE, 3, 0) = 0x79f9db227000
15050 mmap(0x79f9db24f000, 1462272, PROT_READ|PROT_EXEC, MAP_PRIVATE|MAP_FIXED|MAP_DENYWRITE, 3, 0x28000) = 0x79f9db24f000
15050 mmap(0x79f9db3b4000, 352256, PROT_READ, MAP_PRIVATE|MAP_FIXED|MAP_DENYWRITE, 3, 0x18d000) = 0x79f9db3b4000
15050 mmap(0x79f9db40a000, 24576, PROT_READ|PROT_WRITE, MAP_PRIVATE|MAP_FIXED|MAP_DENYWRITE, 3, 0x1e2000) = 0x79f9db40a000
15050 mmap(0x79f9db410000, 52856, PROT_READ|PROT_WRITE, MAP_PRIVATE|MAP_FIXED|MAP_ANONYMOUS, -1, 0) = 0x79f9db410000
15050 close(3)                          = 0
15050 mmap(NULL, 12288, PROT_READ|PROT_WRITE, MAP_PRIVATE|MAP_ANONYMOUS, -1, 0) = 0x79f9db224000
15050 arch_prctl(ARCH_SET_FS, 0x79f9db224740) = 0
15050 set_tid_address(0x79f9db224a10)   = 15050
15050 set_robust_list(0x79f9db224a20, 24) = 0
15050 rseq(0x79f9db224680, 0x20, 0, 0x53053053) = 0
15050 mprotect(0x79f9db40a000, 16384, PROT_READ) = 0
15050 mprotect(0x403000, 4096, PROT_READ) = 0
15050 mprotect(0x79f9db45b000, 8192, PROT_READ) = 0
15050 prlimit64(0, RLIMIT_STACK, NULL, {rlim_cur=8192*1024, rlim_max=RLIM64_INFINITY}) = 0
15050 munmap(0x79f9db41d000, 29003)     = 0
15050 getrandom("\x35\x0f\x96\xa0\x4a\x55\x3d\x90", 8, GRND_NONBLOCK) = 8
15050 brk(NULL)                         = 0x9e66000
15050 brk(0x9e87000)                    = 0x9e87000
15050 openat(AT_FDCWD, "ddata", O_RDONLY) = 3
15050 fstat(3, {st_mode=S_IFREG|0644, st_size=1280000000, ...}) = 0
15050 fstat(3, {st_mode=S_IFREG|0644, st_size=1280000000, ...}) = 0
15050 lseek(3, 1280000000, SEEK_SET)    = 1280000000
15050 close(3)                          = 0
15050 rt_sigaction(SIGRT_1, {sa_handler=0x79f9db2b74b0, sa_mask=[], sa_flags=SA_RESTORER|SA_ONSTACK|SA_RESTART|SA_SIGINFO, sa_restorer=0x79f9db266df0}, NULL, 8) = 0
15050 rt_sigprocmask(SIG_UNBLOCK, [RTMIN RT_1], NULL, 8) = 0
15050 mmap(NULL, 8392704, PROT_NONE, MAP_PRIVATE|MAP_ANONYMOUS|MAP_STACK, -1, 0) = 0x79f9daa23000
15050 mprotect(0x79f9daa24000, 8388608, PROT_READ|PROT_WRITE) = 0
15050 rt_sigprocmask(SIG_BLOCK, ~[], [], 8) = 0
15050 clone3({flags=CLONE_VM|CLONE_FS|CLONE_FILES|CLONE_SIGHAND|CLONE_THREAD|CLONE_SYSVSEM|CLONE_SETTLS|CLONE_PARENT_SETTID|CLONE_CHILD_CLEARTID, child_tid=0x79f9db223990, parent_tid=0x79f9db223990, exit_signal=0, stack=0x79f9daa23000, stack_size=0x7fff80, tls=0x79f9db2236c0}, 88) = -1 ENOSYS (Function not implemented)
15050 clone(child_stack=0x79f9db222f70, flags=CLONE_VM|CLONE_FS|CLONE_FILES|CLONE_SIGHAND|CLONE_THREAD|CLONE_SYSVSEM|CLONE_SETTLS|CLONE_PARENT_SETTID|CLONE_CHILD_CLEARTID, parent_tid=[15051], tls=0x79f9db2236c0, child_tidptr=0x79f9db223990) = 15051
15051 rseq(0x79f9db223600, 0x20, 0, 0x53053053 <unfinished ...>
15050 rt_sigprocmask(SIG_SETMASK, [],  <unfinished ...>
15051 <... rseq resumed>)               = 0
15050 <... rt_sigprocmask resumed>NULL, 8) = 0
15051 set_robust_list(0x79f9db2239a0, 24 <unfinished ...>
15050 mmap(NULL, 8392704, PROT_NONE, MAP_PRIVATE|MAP_ANONYMOUS|MAP_STACK, -1, 0 <unfinished ...>
15051 <... set_robust_list resumed>)    = 0
15050 <... mmap resumed>)               = 0x79f9da222000
15051 rt_sigprocmask(SIG_SETMASK, [],  <unfinished ...>
15050 mprotect(0x79f9da223000, 8388608, PROT_READ|PROT_WRITE <unfinished ...>
15051 <... rt_sigprocmask resumed>NULL, 8) = 0
15050 <... mprotect resumed>)           = 0
15051 mmap(NULL, 134217728, PROT_NONE, MAP_PRIVATE|MAP_ANONYMOUS, -1, 0 <unfinished ...>
15050 rt_sigprocmask(SIG_BLOCK, ~[],  <unfinished ...>
15051 <... mmap resumed>)               = 0x79f9d2222000
15050 <... rt_sigprocmask resumed>[], 8) = 0
15051 munmap(0x79f9d2222000, 31318016 <unfinished ...>
15050 clone(child_stack=0x79f9daa21f70, flags=CLONE_VM|CLONE_FS|CLONE_FILES|CLONE_SIGHAND|CLONE_THREAD|CLONE_SYSVSEM|CLONE_SETTLS|CLONE_PARENT_SETTID|CLONE_CHILD_CLEARTID <unfinished ...>
15051 <... munmap resumed>)             = 0
15050 <... clone resumed>, parent_tid=[15052], tls=0x79f9daa226c0, child_tidptr=0x79f9daa22990) = 15052
15051 munmap(0x79f9d8000000, 35790848 <unfinished ...>
15050 rt_sigprocmask(SIG_SETMASK, [],  <unfinished ...>
15052 rseq(0x79f9daa22600, 0x20, 0, 0x53053053 <unfinished ...>
15050 <... rt_sigprocmask resumed>NULL, 8) = 0
15052 <... rseq resumed>)               = 0
15051 <... munmap resumed>)             = 0
15050 mmap(NULL, 8392704, PROT_NONE, MAP_PRIVATE|MAP_ANONYMOUS|MAP_STACK, -1, 0 <unfinished ...>
15052 set_robust_list(0x79f9daa229a0, 24 <unfinished ...>
15050 <... mmap resumed>)               = 0x79f9d9a21000
15051 mprotect(0x79f9d4000000, 135168, PROT_READ|PROT_WRITE <unfinished ...>
15050 mprotect(0x79f9d9a22000, 8388608, PROT_READ|PROT_WRITE <unfinished ...>
15052 <... set_robust_list resumed>)    = 0
15050 <... mprotect resumed>)           = 0
15051 <... mprotect resumed>)           = 0
15050 rt_sigprocmask(SIG_BLOCK, ~[],  <unfinished ...>
15052 rt_sigprocmask(SIG_SETMASK, [],  <unfinished ...>
15050 <... rt_sigprocmask resumed>[], 8) = 0
15051 openat(AT_FDCWD, "ddata", O_RDONLY <unfinished ...>
15052 <... rt_sigprocmask resumed>NULL, 8) = 0
15050 clone(child_stack=0x79f9da220f70, flags=CLONE_VM|CLONE_FS|CLONE_FILES|CLONE_SIGHAND|CLONE_THREAD|CLONE_SYSVSEM|CLONE_SETTLS|CLONE_PARENT_SETTID|CLONE_CHILD_CLEARTID <unfinished ...>
15052 mmap(NULL, 134217728, PROT_NONE, MAP_PRIVATE|MAP_ANONYMOUS, -1, 0 <unfinished ...>
15051 <... openat resumed>)             = 3
15052 <... mmap resumed>)               = 0x79f9cc000000
15050 <... clone resumed>, parent_tid=[15053], tls=0x79f9da2216c0, child_tidptr=0x79f9da221990) = 15053
15053 rseq(0x79f9da221600, 0x20, 0, 0x53053053 <unfinished ...>
15051 mmap(NULL, 1052672, PROT_READ|PROT_WRITE, MAP_PRIVATE|MAP_ANONYMOUS, -1, 0 <unfinished ...>
15050 rt_sigprocmask(SIG_SETMASK, [],  <unfinished ...>
15053 <... rseq resumed>)               = 0
15052 munmap(0x79f9d0000000, 67108864 <unfinished ...>
15050 <... rt_sigprocmask resumed>NULL, 8) = 0
15053 set_robust_list(0x79f9da2219a0, 24 <unfinished ...>
15051 <... mmap resumed>)               = 0x79f9d9920000
15050 mmap(NULL, 8392704, PROT_NONE, MAP_PRIVATE|MAP_ANONYMOUS|MAP_STACK, -1, 0 <unfinished ...>
15053 <... set_robust_list resumed>)    = 0
15052 <... munmap resumed>)             = 0
15050 <... mmap resumed>)               = 0x79f9d911f000
15053 rt_sigprocmask(SIG_SETMASK, [],  <unfinished ...>
15051 fstat(3,  <unfinished ...>
15050 mprotect(0x79f9d9120000, 8388608, PROT_READ|PROT_WRITE <unfinished ...>
15053 <... rt_sigprocmask resumed>NULL, 8) = 0
15052 mprotect(0x79f9cc000000, 135168, PROT_READ|PROT_WRITE <unfinished ...>
15050 <... mprotect resumed>)           = 0
15053 mmap(0x79f9d0000000, 67108864, PROT_NONE, MAP_PRIVATE|MAP_ANONYMOUS, -1, 0 <unfinished ...>
15051 <... fstat resumed>{st_mode=S_IFREG|0644, st_size=1280000000, ...}) = 0
15050 rt_sigprocmask(SIG_BLOCK, ~[],  <unfinished ...>
15053 <... mmap resumed>)               = 0x79f9d0000000
15052 <... mprotect resumed>)           = 0
15050 <... rt_sigprocmask resumed>[], 8) = 0
15053 mprotect(0x79f9d0000000, 135168, PROT_READ|PROT_WRITE <unfinished ...>
15051 lseek(3, 0, SEEK_SET <unfinished ...>
15050 clone(child_stack=0x79f9d991ef70, flags=CLONE_VM|CLONE_FS|CLONE_FILES|CLONE_SIGHAND|CLONE_THREAD|CLONE_SYSVSEM|CLONE_SETTLS|CLONE_PARENT_SETTID|CLONE_CHILD_CLEARTID <unfinished ...>
15053 <... mprotect resumed>)           = 0
15052 openat(AT_FDCWD, "ddata", O_RDONLY <unfinished ...>
15053 openat(AT_FDCWD, "ddata", O_RDONLY <unfinished ...>
15051 <... lseek resumed>)              = 0
15050 <... clone resumed>, parent_tid=[15054], tls=0x79f9d991f6c0, child_tidptr=0x79f9d991f990) = 15054
15054 rseq(0x79f9d991f600, 0x20, 0, 0x53053053 <unfinished ...>
15052 <... openat resumed>)             = 4
15050 rt_sigprocmask(SIG_SETMASK, [],  <unfinished ...>
15054 <... rseq resumed>)               = 0
15053 <... openat resumed>)             = 5
15051 read(3,  <unfinished ...>
15050 <... rt_sigprocmask resumed>NULL, 8) = 0
15054 set_robust_list(0x79f9d991f9a0, 24 <unfinished ...>
15053 mmap(NULL, 1052672, PROT_READ|PROT_WRITE, MAP_PRIVATE|MAP_ANONYMOUS, -1, 0 <unfinished ...>
15052 mmap(NULL, 1052672, PROT_READ|PROT_WRITE, MAP_PRIVATE|MAP_ANONYMOUS, -1, 0 <unfinished ...>
15050 mmap(NULL, 8392704, PROT_NONE, MAP_PRIVATE|MAP_ANONYMOUS|MAP_STACK, -1, 0 <unfinished ...>
15054 <... set_robust_list resumed>)    = 0
15053 <... mmap resumed>)               = 0x79f9d901e000
15050 <... mmap resumed>)               = 0x79f9d871c000
15054 rt_sigprocmask(SIG_SETMASK, [],  <unfinished ...>
15052 <... mmap resumed>)               = 0x79f9d8f1d000
15050 mprotect(0x79f9d871d000, 8388608, PROT_READ|PROT_WRITE <unfinished ...>
15054 <... rt_sigprocmask resumed>NULL, 8) = 0
15053 fstat(5,  <unfinished ...>
15050 <... mprotect resumed>)           = 0
15054 mmap(NULL, 134217728, PROT_NONE, MAP_PRIVATE|MAP_ANONYMOUS, -1, 0 <unfinished ...>
15052 fstat(4,  <unfinished ...>
15050 rt_sigprocmask(SIG_BLOCK, ~[],  <unfinished ...>
15054 <... mmap resumed>)               = 0x79f9c4000000
15053 <... fstat resumed>{st_mode=S_IFREG|0644, st_size=1280000000, ...}) = 0
15050 <... rt_sigprocmask resumed>[], 8) = 0
15054 munmap(0x79f9c8000000, 67108864 <unfinished ...>
15052 <... fstat resumed>{st_mode=S_IFREG|0644, st_size=1280000000, ...}) = 0
15050 clone(child_stack=0x79f9d8f1bf70, flags=CLONE_VM|CLONE_FS|CLONE_FILES|CLONE_SIGHAND|CLONE_THREAD|CLONE_SYSVSEM|CLONE_SETTLS|CLONE_PARENT_SETTID|CLONE_CHILD_CLEARTID <unfinished ...>
15054 <... munmap resumed>)             = 0
15053 lseek(5, 320000000, SEEK_SET <unfinished ...>
15054 mprotect(0x79f9c4000000, 135168, PROT_READ|PROT_WRITE <unfinished ...>
15053 <... lseek resumed>)              = 320000000
15052 lseek(4, 160000000, SEEK_SET <unfinished ...>
15050 <... clone resumed>, parent_tid=[15055], tls=0x79f9d8f1c6c0, child_tidptr=0x79f9d8f1c990) = 15055
15055 rseq(0x79f9d8f1c600, 0x20, 0, 0x53053053 <unfinished ...>
15054 <... mprotect resumed>)           = 0
15053 read(5,  <unfinished ...>
15050 rt_sigprocmask(SIG_SETMASK, [],  <unfinished ...>
15055 <... rseq resumed>)               = 0
15054 openat(AT_FDCWD, "ddata", O_RDONLY <unfinished ...>
15052 <... lseek resumed>)              = 160000000
15050 <... rt_sigprocmask resumed>NULL, 8) = 0
15055 set_robust_list(0x79f9d8f1c9a0, 24 <unfinished ...>
15050 mmap(NULL, 8392704, PROT_NONE, MAP_PRIVATE|MAP_ANONYMOUS|MAP_STACK, -1, 0 <unfinished ...>
15054 <... openat resumed>)             = 6
15052 read(4,  <unfinished ...>
15050 <... mmap resumed>)               = 0x79f9cb7ff000
15055 <... set_robust_list resumed>)    = 0
15054 mmap(NULL, 1052672, PROT_READ|PROT_WRITE, MAP_PRIVATE|MAP_ANONYMOUS, -1, 0 <unfinished ...>
15050 mprotect(0x79f9cb800000, 8388608, PROT_READ|PROT_WRITE <unfinished ...>
15055 rt_sigprocmask(SIG_SETMASK, [],  <unfinished ...>
15050 <... mprotect resumed>)           = 0
15055 <... rt_sigprocmask resumed>NULL, 8) = 0
15054 <... mmap resumed>)               = 0x79f9d861b000
15050 rt_sigprocmask(SIG_BLOCK, ~[],  <unfinished ...>
15055 mmap(0x79f9c8000000, 67108864, PROT_NONE, MAP_PRIVATE|MAP_ANONYMOUS, -1, 0 <unfinished ...>
15051 <... read resumed>"xlecqlvihcjhhonlsmfwisygjbfnuawu"..., 1048576) = 1048576
15050 <... rt_sigprocmask resumed>[], 8) = 0
15055 <... mmap resumed>)               = 0x79f9c0000000
15054 fstat(6,  <unfinished ...>
15050 clone(child_stack=0x79f9cbffef70, flags=CLONE_VM|CLONE_FS|CLONE_FILES|CLONE_SIGHAND|CLONE_THREAD|CLONE_SYSVSEM|CLONE_SETTLS|CLONE_PARENT_SETTID|CLONE_CHILD_CLEARTID <unfinished ...>
15055 mprotect(0x79f9c0000000, 135168, PROT_READ|PROT_WRITE <unfinished ...>
15054 <... fstat resumed>{st_mode=S_IFREG|0644, st_size=1280000000, ...}) = 0
15050 <... clone resumed>, parent_tid=[15056], tls=0x79f9cbfff6c0, child_tidptr=0x79f9cbfff990) = 15056
15056 rseq(0x79f9cbfff600, 0x20, 0, 0x53053053 <unfinished ...>
15055 <... mprotect resumed>)           = 0
15050 rt_sigprocmask(SIG_SETMASK, [],  <unfinished ...>
15056 <... rseq resumed>)               = 0
15054 lseek(6, 480000000, SEEK_SET <unfinished ...>
15050 <... rt_sigprocmask resumed>NULL, 8) = 0
15056 set_robust_list(0x79f9cbfff9a0, 24 <unfinished ...>
15055 openat(AT_FDCWD, "ddata", O_RDONLY <unfinished ...>
15054 <... lseek resumed>)              = 480000000
15051 lseek(3, 1048064, SEEK_SET <unfinished ...>
15050 mmap(NULL, 8392704, PROT_NONE, MAP_PRIVATE|MAP_ANONYMOUS|MAP_STACK, -1, 0 <unfinished ...>
15056 <... set_robust_list resumed>)    = 0
15055 <... openat resumed>)             = 7
15054 read(6,  <unfinished ...>
15053 <... read resumed>"xlecqlvihcjhhonlsmfwisygjbfnuawu"..., 1048576) = 1048576
15050 <... mmap resumed>)               = 0x79f9caffe000
15056 rt_sigprocmask(SIG_SETMASK, [],  <unfinished ...>
15055 mmap(NULL, 1052672, PROT_READ|PROT_WRITE, MAP_PRIVATE|MAP_ANONYMOUS, -1, 0 <unfinished ...>
15051 <... lseek resumed>)              = 1048064
15050 mprotect(0x79f9cafff000, 8388608, PROT_READ|PROT_WRITE <unfinished ...>
15056 <... rt_sigprocmask resumed>NULL, 8) = 0
15055 <... mmap resumed>)               = 0x79f9d851a000
15050 <... mprotect resumed>)           = 0
15056 mmap(NULL, 134217728, PROT_NONE, MAP_PRIVATE|MAP_ANONYMOUS, -1, 0 <unfinished ...>
15051 read(3,  <unfinished ...>
15050 rt_sigprocmask(SIG_BLOCK, ~[],  <unfinished ...>
15056 <... mmap resumed>)               = 0x79f9b8000000
15055 fstat(7,  <unfinished ...>
15052 <... read resumed>"xlecqlvihcjhhonlsmfwisygjbfnuawu"..., 1048576) = 1048576
15050 <... rt_sigprocmask resumed>[], 8) = 0
15056 munmap(0x79f9bc000000, 67108864 <unfinished ...>
15055 <... fstat resumed>{st_mode=S_IFREG|0644, st_size=1280000000, ...}) = 0
15051 <... read resumed>"zeqtkrsyeohjwnygqxnganuaixnwhhng"..., 501) = 501
15050 clone(child_stack=0x79f9cb7fdf70, flags=CLONE_VM|CLONE_FS|CLONE_FILES|CLONE_SIGHAND|CLONE_THREAD|CLONE_SYSVSEM|CLONE_SETTLS|CLONE_PARENT_SETTID|CLONE_CHILD_CLEARTID <unfinished ...>
15056 <... munmap resumed>)             = 0
15055 lseek(7, 640000000, SEEK_SET <unfinished ...>
15056 mprotect(0x79f9b8000000, 135168, PROT_READ|PROT_WRITE <unfinished ...>
15053 lseek(5, 321048064, SEEK_SET <unfinished ...>
15051 read(3,  <unfinished ...>
15050 <... clone resumed>, parent_tid=[15057], tls=0x79f9cb7fe6c0, child_tidptr=0x79f9cb7fe990) = 15057
15057 rseq(0x79f9cb7fe600, 0x20, 0, 0x53053053 <unfinished ...>
15056 <... mprotect resumed>)           = 0
15055 <... lseek resumed>)              = 640000000
15053 <... lseek resumed>)              = 321048064
15050 rt_sigprocmask(SIG_SETMASK, [],  <unfinished ...>
15057 <... rseq resumed>)               = 0
15056 openat(AT_FDCWD, "ddata", O_RDONLY <unfinished ...>
15055 read(7,  <unfinished ...>
15052 lseek(4, 161048064, SEEK_SET <unfinished ...>
15050 <... rt_sigprocmask resumed>NULL, 8) = 0
15057 set_robust_list(0x79f9cb7fe9a0, 24 <unfinished ...>
15053 read(5,  <unfinished ...>
15050 mmap(NULL, 8392704, PROT_NONE, MAP_PRIVATE|MAP_ANONYMOUS|MAP_STACK, -1, 0 <unfinished ...>
15057 <... set_robust_list resumed>)    = 0
15056 <... openat resumed>)             = 8
15052 <... lseek resumed>)              = 161048064
15050 <... mmap resumed>)               = 0x79f9ca7fd000
15057 rt_sigprocmask(SIG_SETMASK, [],  <unfinished ...>
15056 mmap(NULL, 1052672, PROT_READ|PROT_WRITE, MAP_PRIVATE|MAP_ANONYMOUS, -1, 0 <unfinished ...>
15053 <... read resumed>"zeqtkrsyeohjwnygqxnganuaixnwhhng"..., 501) = 501
15050 mprotect(0x79f9ca7fe000, 8388608, PROT_READ|PROT_WRITE <unfinished ...>
15057 <... rt_sigprocmask resumed>NULL, 8) = 0
15056 <... mmap resumed>)               = 0x79f9d8419000
15054 <... read resumed>"xlecqlvihcjhhonlsmfwisygjbfnuawu"..., 1048576) = 1048576
15052 read(4,  <unfinished ...>
15050 <... mprotect resumed>)           = 0
15057 mmap(0x79f9bc000000, 67108864, PROT_NONE, MAP_PRIVATE|MAP_ANONYMOUS, -1, 0 <unfinished ...>
15056 fstat(8,  <unfinished ...>
15053 read(5,  <unfinished ...>
15050 rt_sigprocmask(SIG_BLOCK, ~[],  <unfinished ...>
15057 <... mmap resumed>)               = 0x79f9bc000000
15056 <... fstat resumed>{st_mode=S_IFREG|0644, st_size=1280000000, ...}) = 0
15052 <... read resumed>"zeqtkrsyeohjwnygqxnganuaixnwhhng"..., 501) = 501
15050 <... rt_sigprocmask resumed>[], 8) = 0
15057 mprotect(0x79f9bc000000, 135168, PROT_READ|PROT_WRITE <unfinished ...>
15056 lseek(8, 800000000, SEEK_SET <unfinished ...>
15050 clone(child_stack=0x79f9caffcf70, flags=CLONE_VM|CLONE_FS|CLONE_FILES|CLONE_SIGHAND|CLONE_THREAD|CLONE_SYSVSEM|CLONE_SETTLS|CLONE_PARENT_SETTID|CLONE_CHILD_CLEARTID <unfinished ...>
15057 <... mprotect resumed>)           = 0
15052 read(4,  <unfinished ...>
15057 openat(AT_FDCWD, "ddata", O_RDONLY <unfinished ...>
15056 <... lseek resumed>)              = 800000000
15051 <... read resumed>"lkjgghsddyqrlbmbgszamrnubxcyhodu"..., 1048576) = 1048576
15050 <... clone resumed>, parent_tid=[15058], tls=0x79f9caffd6c0, child_tidptr=0x79f9caffd990) = 15058
15058 rseq(0x79f9caffd600, 0x20, 0, 0x53053053 <unfinished ...>
15057 <... openat resumed>)             = 9
15056 read(8,  <unfinished ...>
15054 lseek(6, 481048064, SEEK_SET <unfinished ...>
15050 rt_sigprocmask(SIG_SETMASK, [],  <unfinished ...>
15058 <... rseq resumed>)               = 0
15057 mmap(NULL, 1052672, PROT_READ|PROT_WRITE, MAP_PRIVATE|MAP_ANONYMOUS, -1, 0 <unfinished ...>
15051 lseek(3, 2096640, SEEK_SET <unfinished ...>
15050 <... rt_sigprocmask resumed>NULL, 8) = 0
15058 set_robust_list(0x79f9caffd9a0, 24 <unfinished ...>
15057 <... mmap resumed>)               = 0x79f9d8318000
15055 <... read resumed>"xlecqlvihcjhhonlsmfwisygjbfnuawu"..., 1048576) = 1048576
15054 <... lseek resumed>)              = 481048064
15051 <... lseek resumed>)              = 2096640
15050 futex(0x79f9db223990, FUTEX_WAIT_BITSET|FUTEX_CLOCK_REALTIME, 15051, NULL, FUTEX_BITSET_MATCH_ANY <unfinished ...>
15058 <... set_robust_list resumed>)    = 0
15057 fstat(9,  <unfinished ...>
15054 read(6,  <unfinished ...>
15051 read(3,  <unfinished ...>
15058 rt_sigprocmask(SIG_SETMASK, [],  <unfinished ...>
15057 <... fstat resumed>{st_mode=S_IFREG|0644, st_size=1280000000, ...}) = 0
15058 <... rt_sigprocmask resumed>NULL, 8) = 0
15054 <... read resumed>"zeqtkrsyeohjwnygqxnganuaixnwhhng"..., 501) = 501
15051 <... read resumed>"qpjnuprbanfmzcwwevjnpbmstpbamwdf"..., 490) = 490
15058 mmap(NULL, 134217728, PROT_NONE, MAP_PRIVATE|MAP_ANONYMOUS, -1, 0 <unfinished ...>
15057 lseek(9, 960000000, SEEK_SET <unfinished ...>
15055 lseek(7, 641048064, SEEK_SET <unfinished ...>
15054 read(6,  <unfinished ...>
15053 <... read resumed>"lkjgghsddyqrlbmbgszamrnubxcyhodu"..., 1048576) = 1048576
15058 <... mmap resumed>)               = 0x79f9b0000000
15057 <... lseek resumed>)              = 960000000
15055 <... lseek resumed>)              = 641048064
15051 read(3,  <unfinished ...>
15058 munmap(0x79f9b4000000, 67108864 <unfinished ...>
15057 read(9,  <unfinished ...>
15055 read(7,  <unfinished ...>
15052 <... read resumed>"lkjgghsddyqrlbmbgszamrnubxcyhodu"..., 1048576) = 1048576
15058 <... munmap resumed>)             = 0
15055 <... read resumed>"zeqtkrsyeohjwnygqxnganuaixnwhhng"..., 501) = 501
15058 mprotect(0x79f9b0000000, 135168, PROT_READ|PROT_WRITE <unfinished ...>
15053 lseek(5, 322096640, SEEK_SET <unfinished ...>
15058 <... mprotect resumed>)           = 0
15056 <... read resumed>"xlecqlvihcjhhonlsmfwisygjbfnuawu"..., 1048576) = 1048576
15055 read(7,  <unfinished ...>
15058 openat(AT_FDCWD, "ddata", O_RDONLY <unfinished ...>
15053 <... lseek resumed>)              = 322096640
15053 read(5,  <unfinished ...>
15058 <... openat resumed>)             = 10
15053 <... read resumed>"qpjnuprbanfmzcwwevjnpbmstpbamwdf"..., 490) = 490
15052 lseek(4, 162096640, SEEK_SET <unfinished ...>
15058 mmap(NULL, 1052672, PROT_READ|PROT_WRITE, MAP_PRIVATE|MAP_ANONYMOUS, -1, 0 <unfinished ...>
15053 read(5,  <unfinished ...>
15058 <... mmap resumed>)               = 0x79f9d8217000
15052 <... lseek resumed>)              = 162096640
15058 fstat(10,  <unfinished ...>
15052 read(4,  <unfinished ...>
15058 <... fstat resumed>{st_mode=S_IFREG|0644, st_size=1280000000, ...}) = 0
15056 lseek(8, 801048064, SEEK_SET <unfinished ...>
15058 lseek(10, 1120000000, SEEK_SET <unfinished ...>
15052 <... read resumed>"qpjnuprbanfmzcwwevjnpbmstpbamwdf"..., 490) = 490
15058 <... lseek resumed>)              = 1120000000
15056 <... lseek resumed>)              = 801048064
15058 read(10,  <unfinished ...>
15052 read(4,  <unfinished ...>
15056 read(8,  <unfinished ...>
15054 <... read resumed>"lkjgghsddyqrlbmbgszamrnubxcyhodu"..., 1048576) = 1048576
15056 <... read resumed>"zeqtkrsyeohjwnygqxnganuaixnwhhng"..., 501) = 501
15056 read(8,  <unfinished ...>
15051 <... read resumed>"jpdelagdsxxhslnqqxgacgkfjebddvtm"..., 1048576) = 1048576
15057 <... read resumed>"xlecqlvihcjhhonlsmfwisygjbfnuawu"..., 1048576) = 1048576
15054 lseek(6, 482096640, SEEK_SET)     = 482096640
15054 read(6, "qpjnuprbanfmzcwwevjnpbmstpbamwdf"..., 490) = 490
15054 read(6,  <unfinished ...>
15051 lseek(3, 3145216, SEEK_SET)       = 3145216
15057 lseek(9, 961048064, SEEK_SET <unfinished ...>
15051 read(3,  <unfinished ...>
15057 <... lseek resumed>)              = 961048064
15051 <... read resumed>"bqgjmpfqnwsphzckmxkgsqsspgwckocl"..., 479) = 479
15057 read(9,  <unfinished ...>
15055 <... read resumed>"lkjgghsddyqrlbmbgszamrnubxcyhodu"..., 1048576) = 1048576
15051 read(3,  <unfinished ...>
15057 <... read resumed>"zeqtkrsyeohjwnygqxnganuaixnwhhng"..., 501) = 501
15057 read(9,  <unfinished ...>
15053 <... read resumed>"jpdelagdsxxhslnqqxgacgkfjebddvtm"..., 1048576) = 1048576
15055 lseek(7, 642096640, SEEK_SET)     = 642096640
15055 read(7, "qpjnuprbanfmzcwwevjnpbmstpbamwdf"..., 490) = 490
15058 <... read resumed>"xlecqlvihcjhhonlsmfwisygjbfnuawu"..., 1048576) = 1048576
15052 <... read resumed>"jpdelagdsxxhslnqqxgacgkfjebddvtm"..., 1048576) = 1048576
15055 read(7,  <unfinished ...>
15053 lseek(5, 323145216, SEEK_SET <unfinished ...>
15056 <... read resumed>"lkjgghsddyqrlbmbgszamrnubxcyhodu"..., 1048576) = 1048576
15053 <... lseek resumed>)              = 323145216
15053 read(5,  <unfinished ...>
15054 <... read resumed>"jpdelagdsxxhslnqqxgacgkfjebddvtm"..., 1048576) = 1048576
15053 <... read resumed>"bqgjmpfqnwsphzckmxkgsqsspgwckocl"..., 479) = 479
15053 read(5,  <unfinished ...>
15058 lseek(10, 1121048064, SEEK_SET)   = 1121048064
15058 read(10,  <unfinished ...>
15056 lseek(8, 802096640, SEEK_SET)     = 802096640
15058 <... read resumed>"zeqtkrsyeohjwnygqxnganuaixnwhhng"..., 501) = 501
15056 read(8,  <unfinished ...>
15058 read(10,  <unfinished ...>
15054 lseek(6, 483145216, SEEK_SET <unfinished ...>
15056 <... read resumed>"qpjnuprbanfmzcwwevjnpbmstpbamwdf"..., 490) = 490
15052 lseek(4, 163145216, SEEK_SET <unfinished ...>
15056 read(8,  <unfinished ...>
15054 <... lseek resumed>)              = 483145216
15052 <... lseek resumed>)              = 163145216
15054 read(6,  <unfinished ...>
15051 <... read resumed>"ecqohmuctxhrashbutzlafowczjsxxtc"..., 1048576) = 1048576
15057 <... read resumed>"lkjgghsddyqrlbmbgszamrnubxcyhodu"..., 1048576) = 1048576
15054 <... read resumed>"bqgjmpfqnwsphzckmxkgsqsspgwckocl"..., 479) = 479
15052 read(4,  <unfinished ...>
15054 read(6,  <unfinished ...>
15052 <... read resumed>"bqgjmpfqnwsphzckmxkgsqsspgwckocl"..., 479) = 479
15052 read(4,  <unfinished ...>
15051 lseek(3, 4193792, SEEK_SET <unfinished ...>
15057 lseek(9, 962096640, SEEK_SET <unfinished ...>
15051 <... lseek resumed>)              = 4193792
15057 <... lseek resumed>)              = 962096640
15051 read(3,  <unfinished ...>
15057 read(9,  <unfinished ...>
15055 <... read resumed>"jpdelagdsxxhslnqqxgacgkfjebddvtm"..., 1048576) = 1048576
15057 <... read resumed>"qpjnuprbanfmzcwwevjnpbmstpbamwdf"..., 490) = 490
15051 <... read resumed>"oorppuqotddsenfhmqlekthaiarehdmv"..., 468) = 468
15057 read(9,  <unfinished ...>
15051 read(3,  <unfinished ...>
15055 lseek(7, 643145216, SEEK_SET <unfinished ...>
15053 <... read resumed>"ecqohmuctxhrashbutzlafowczjsxxtc"..., 1048576) = 1048576
15055 <... lseek resumed>)              = 643145216
15058 <... read resumed>"lkjgghsddyqrlbmbgszamrnubxcyhodu"..., 1048576) = 1048576
15055 read(7,  <unfinished ...>
15053 lseek(5, 324193792, SEEK_SET <unfinished ...>
15055 <... read resumed>"bqgjmpfqnwsphzckmxkgsqsspgwckocl"..., 479) = 479
15056 <... read resumed>"jpdelagdsxxhslnqqxgacgkfjebddvtm"..., 1048576) = 1048576
15053 <... lseek resumed>)              = 324193792
15055 read(7,  <unfinished ...>
15053 read(5, "oorppuqotddsenfhmqlekthaiarehdmv"..., 468) = 468
15058 lseek(10, 1122096640, SEEK_SET <unfinished ...>
15054 <... read resumed>"ecqohmuctxhrashbutzlafowczjsxxtc"..., 1048576) = 1048576
15053 read(5,  <unfinished ...>
15058 <... lseek resumed>)              = 1122096640
15056 lseek(8, 803145216, SEEK_SET <unfinished ...>
15054 lseek(6, 484193792, SEEK_SET <unfinished ...>
15058 read(10,  <unfinished ...>
15056 <... lseek resumed>)              = 803145216
15054 <... lseek resumed>)              = 484193792
15058 <... read resumed>"qpjnuprbanfmzcwwevjnpbmstpbamwdf"..., 490) = 490
15056 read(8,  <unfinished ...>
15052 <... read resumed>"ecqohmuctxhrashbutzlafowczjsxxtc"..., 1048576) = 1048576
15058 read(10,  <unfinished ...>
15056 <... read resumed>"bqgjmpfqnwsphzckmxkgsqsspgwckocl"..., 479) = 479
15054 read(6,  <unfinished ...>
15056 read(8,  <unfinished ...>
15054 <... read resumed>"oorppuqotddsenfhmqlekthaiarehdmv"..., 468) = 468
15054 read(6,  <unfinished ...>
15052 lseek(4, 164193792, SEEK_SET)     = 164193792
15052 read(4, "oorppuqotddsenfhmqlekthaiarehdmv"..., 468) = 468
15052 read(4,  <unfinished ...>
15057 <... read resumed>"jpdelagdsxxhslnqqxgacgkfjebddvtm"..., 1048576) = 1048576
15057 lseek(9, 963145216, SEEK_SET <unfinished ...>
15051 <... read resumed>"fmcvawkfbxvlwtuqskrfkjqnnepgbyjg"..., 1048576) = 1048576
15057 <... lseek resumed>)              = 963145216
15057 read(9, "bqgjmpfqnwsphzckmxkgsqsspgwckocl"..., 479) = 479
15051 lseek(3, 5242368, SEEK_SET <unfinished ...>
15057 read(9,  <unfinished ...>
15051 <... lseek resumed>)              = 5242368
15055 <... read resumed>"ecqohmuctxhrashbutzlafowczjsxxtc"..., 1048576) = 1048576
15051 read(3,  <unfinished ...>
15053 <... read resumed>"fmcvawkfbxvlwtuqskrfkjqnnepgbyjg"..., 1048576) = 1048576
15051 <... read resumed>"wsqwxeljardpbiyipguyoqvixmvzkowg"..., 457) = 457
15051 read(3,  <unfinished ...>
15058 <... read resumed>"jpdelagdsxxhslnqqxgacgkfjebddvtm"..., 1048576) = 1048576
15055 lseek(7, 644193792, SEEK_SET)     = 644193792
15056 <... read resumed>"ecqohmuctxhrashbutzlafowczjsxxtc"..., 1048576) = 1048576
15055 read(7,  <unfinished ...>
15054 <... read resumed>"fmcvawkfbxvlwtuqskrfkjqnnepgbyjg"..., 1048576) = 1048576
15058 lseek(10, 1123145216, SEEK_SET <unfinished ...>
15056 lseek(8, 804193792, SEEK_SET <unfinished ...>
15055 <... read resumed>"oorppuqotddsenfhmqlekthaiarehdmv"..., 468) = 468
15053 lseek(5, 325242368, SEEK_SET <unfinished ...>
15058 <... lseek resumed>)              = 1123145216
15056 <... lseek resumed>)              = 804193792
15055 read(7,  <unfinished ...>
15058 read(10,  <unfinished ...>
15056 read(8,  <unfinished ...>
15053 <... lseek resumed>)              = 325242368
15058 <... read resumed>"bqgjmpfqnwsphzckmxkgsqsspgwckocl"..., 479) = 479
15056 <... read resumed>"oorppuqotddsenfhmqlekthaiarehdmv"..., 468) = 468
15054 lseek(6, 485242368, SEEK_SET <unfinished ...>
15052 <... read resumed>"fmcvawkfbxvlwtuqskrfkjqnnepgbyjg"..., 1048576) = 1048576
15058 read(10,  <unfinished ...>
15056 read(8,  <unfinished ...>
15054 <... lseek resumed>)              = 485242368
15053 read(5,  <unfinished ...>
15054 read(6,  <unfinished ...>
15053 <... read resumed>"wsqwxeljardpbiyipguyoqvixmvzkowg"..., 457) = 457
15054 <... read resumed>"wsqwxeljardpbiyipguyoqvixmvzkowg"..., 457) = 457
15053 read(5,  <unfinished ...>
15054 read(6,  <unfinished ...>
15052 lseek(4, 165242368, SEEK_SET)     = 165242368
15052 read(4, "wsqwxeljardpbiyipguyoqvixmvzkowg"..., 457) = 457
15052 read(4,  <unfinished ...>
15057 <... read resumed>"ecqohmuctxhrashbutzlafowczjsxxtc"..., 1048576) = 1048576
15057 lseek(9, 964193792, SEEK_SET)     = 964193792
15057 read(9,  <unfinished ...>
15051 <... read resumed>"cafvzhmnskfsudxcjdktkcyxwbknifok"..., 1048576) = 1048576
15057 <... read resumed>"oorppuqotddsenfhmqlekthaiarehdmv"..., 468) = 468
15057 read(9,  <unfinished ...>
15051 lseek(3, 6290944, SEEK_SET <unfinished ...>
15055 <... read resumed>"fmcvawkfbxvlwtuqskrfkjqnnepgbyjg"..., 1048576) = 1048576
15051 <... lseek resumed>)              = 6290944
15051 read(3, "giqcctvnidwcmzvelzltnjxgvukxbvmj"..., 446) = 446
15051 read(3,  <unfinished ...>
15058 <... read resumed>"ecqohmuctxhrashbutzlafowczjsxxtc"..., 1048576) = 1048576
15056 <... read resumed>"fmcvawkfbxvlwtuqskrfkjqnnepgbyjg"..., 1048576) = 1048576
15055 lseek(7, 645242368, SEEK_SET <unfinished ...>
15053 <... read resumed>"cafvzhmnskfsudxcjdktkcyxwbknifok"..., 1048576) = 1048576
15054 <... read resumed>"cafvzhmnskfsudxcjdktkcyxwbknifok"..., 1048576) = 1048576
15055 <... lseek resumed>)              = 645242368
15058 lseek(10, 1124193792, SEEK_SET <unfinished ...>
15056 lseek(8, 805242368, SEEK_SET <unfinished ...>
15054 lseek(6, 486290944, SEEK_SET <unfinished ...>
15053 lseek(5, 326290944, SEEK_SET <unfinished ...>
15058 <... lseek resumed>)              = 1124193792
15056 <... lseek resumed>)              = 805242368
15055 read(7,  <unfinished ...>
15054 <... lseek resumed>)              = 486290944
15052 <... read resumed>"cafvzhmnskfsudxcjdktkcyxwbknifok"..., 1048576) = 1048576
15058 read(10,  <unfinished ...>
15056 read(8,  <unfinished ...>
15055 <... read resumed>"wsqwxeljardpbiyipguyoqvixmvzkowg"..., 457) = 457
15054 read(6,  <unfinished ...>
15053 <... lseek resumed>)              = 326290944
15058 <... read resumed>"oorppuqotddsenfhmqlekthaiarehdmv"..., 468) = 468
15056 <... read resumed>"wsqwxeljardpbiyipguyoqvixmvzkowg"..., 457) = 457
15055 read(7,  <unfinished ...>
15054 <... read resumed>"giqcctvnidwcmzvelzltnjxgvukxbvmj"..., 446) = 446
15053 read(5,  <unfinished ...>
15058 read(10,  <unfinished ...>
15056 read(8,  <unfinished ...>
15054 read(6,  <unfinished ...>
15057 <... read resumed>"fmcvawkfbxvlwtuqskrfkjqnnepgbyjg"..., 1048576) = 1048576
15053 <... read resumed>"giqcctvnidwcmzvelzltnjxgvukxbvmj"..., 446) = 446
15052 lseek(4, 166290944, SEEK_SET <unfinished ...>
15053 read(5,  <unfinished ...>
15052 <... lseek resumed>)              = 166290944
15052 read(4,  <unfinished ...>
15057 lseek(9, 965242368, SEEK_SET <unfinished ...>
15052 <... read resumed>"giqcctvnidwcmzvelzltnjxgvukxbvmj"..., 446) = 446
15057 <... lseek resumed>)              = 965242368
15051 <... read resumed>"hvmpwvomhfyuxucdojtxirgjimuixdtg"..., 1048576) = 1048576
15057 read(9,  <unfinished ...>
15052 read(4,  <unfinished ...>
15057 <... read resumed>"wsqwxeljardpbiyipguyoqvixmvzkowg"..., 457) = 457
15057 read(9,  <unfinished ...>
15051 lseek(3, 7339520, SEEK_SET)       = 7339520
15051 read(3, "rwvlzbbjuxccywelazmhfmqacrcmykvp"..., 435) = 435
15051 read(3,  <unfinished ...>
15055 <... read resumed>"cafvzhmnskfsudxcjdktkcyxwbknifok"..., 1048576) = 1048576
15058 <... read resumed>"fmcvawkfbxvlwtuqskrfkjqnnepgbyjg"..., 1048576) = 1048576
15056 <... read resumed>"cafvzhmnskfsudxcjdktkcyxwbknifok"..., 1048576) = 1048576
15054 <... read resumed>"hvmpwvomhfyuxucdojtxirgjimuixdtg"..., 1048576) = 1048576
15055 lseek(7, 646290944, SEEK_SET)     = 646290944
15053 <... read resumed>"hvmpwvomhfyuxucdojtxirgjimuixdtg"..., 1048576) = 1048576
15055 read(7,  <unfinished ...>
15058 lseek(10, 1125242368, SEEK_SET <unfinished ...>
15055 <... read resumed>"giqcctvnidwcmzvelzltnjxgvukxbvmj"..., 446) = 446
15058 <... lseek resumed>)              = 1125242368
15055 read(7,  <unfinished ...>
15058 read(10,  <unfinished ...>
15054 lseek(6, 487339520, SEEK_SET <unfinished ...>
15052 <... read resumed>"hvmpwvomhfyuxucdojtxirgjimuixdtg"..., 1048576) = 1048576
15058 <... read resumed>"wsqwxeljardpbiyipguyoqvixmvzkowg"..., 457) = 457
15056 lseek(8, 806290944, SEEK_SET <unfinished ...>
15054 <... lseek resumed>)              = 487339520
15058 read(10,  <unfinished ...>
15057 <... read resumed>"cafvzhmnskfsudxcjdktkcyxwbknifok"..., 1048576) = 1048576
15056 <... lseek resumed>)              = 806290944
15057 lseek(9, 966290944, SEEK_SET <unfinished ...>
15054 read(6,  <unfinished ...>
15053 lseek(5, 327339520, SEEK_SET <unfinished ...>
15052 lseek(4, 167339520, SEEK_SET <unfinished ...>
15057 <... lseek resumed>)              = 966290944
15056 read(8,  <unfinished ...>
15054 <... read resumed>"rwvlzbbjuxccywelazmhfmqacrcmykvp"..., 435) = 435
15053 <... lseek resumed>)              = 327339520
15057 read(9,  <unfinished ...>
15056 <... read resumed>"giqcctvnidwcmzvelzltnjxgvukxbvmj"..., 446) = 446
15054 read(6,  <unfinished ...>
15052 <... lseek resumed>)              = 167339520
15051 <... read resumed>"xgtdtericclezgiyhatcsslwctczfxfe"..., 1048576) = 1048576
15057 <... read resumed>"giqcctvnidwcmzvelzltnjxgvukxbvmj"..., 446) = 446
15056 read(8,  <unfinished ...>
15053 read(5,  <unfinished ...>
15052 read(4,  <unfinished ...>
15057 read(9,  <unfinished ...>
15053 <... read resumed>"rwvlzbbjuxccywelazmhfmqacrcmykvp"..., 435) = 435
15052 <... read resumed>"rwvlzbbjuxccywelazmhfmqacrcmykvp"..., 435) = 435
15053 read(5,  <unfinished ...>
15052 read(4,  <unfinished ...>
15051 lseek(3, 8388096, SEEK_SET)       = 8388096
15051 read(3, "vxjltvxzotpsekqewpdtbsipesctebrc"..., 424) = 424
15051 read(3,  <unfinished ...>
15055 <... read resumed>"hvmpwvomhfyuxucdojtxirgjimuixdtg"..., 1048576) = 1048576
15058 <... read resumed>"cafvzhmnskfsudxcjdktkcyxwbknifok"..., 1048576) = 1048576
15055 lseek(7, 647339520, SEEK_SET)     = 647339520
15055 read(7, "rwvlzbbjuxccywelazmhfmqacrcmykvp"..., 435) = 435
15058 lseek(10, 1126290944, SEEK_SET <unfinished ...>
15055 read(7,  <unfinished ...>
15058 <... lseek resumed>)              = 1126290944
15054 <... read resumed>"xgtdtericclezgiyhatcsslwctczfxfe"..., 1048576) = 1048576
15058 read(10,  <unfinished ...>
15056 <... read resumed>"hvmpwvomhfyuxucdojtxirgjimuixdtg"..., 1048576) = 1048576
15058 <... read resumed>"giqcctvnidwcmzvelzltnjxgvukxbvmj"..., 446) = 446
15057 <... read resumed>"hvmpwvomhfyuxucdojtxirgjimuixdtg"..., 1048576) = 1048576
15058 read(10,  <unfinished ...>
15053 <... read resumed>"xgtdtericclezgiyhatcsslwctczfxfe"..., 1048576) = 1048576
15054 lseek(6, 488388096, SEEK_SET <unfinished ...>
15052 <... read resumed>"xgtdtericclezgiyhatcsslwctczfxfe"..., 1048576) = 1048576
15054 <... lseek resumed>)              = 488388096
15054 read(6,  <unfinished ...>
15051 <... read resumed>"ebtsmthdbhzhclkjlgflikgtgxsxcqwi"..., 1048576) = 1048576
15054 <... read resumed>"vxjltvxzotpsekqewpdtbsipesctebrc"..., 424) = 424
15054 read(6,  <unfinished ...>
15056 lseek(8, 807339520, SEEK_SET)     = 807339520
15056 read(8, "rwvlzbbjuxccywelazmhfmqacrcmykvp"..., 435) = 435
15056 read(8,  <unfinished ...>
15057 lseek(9, 967339520, SEEK_SET)     = 967339520
15057 read(9, "rwvlzbbjuxccywelazmhfmqacrcmykvp"..., 435) = 435
15052 lseek(4, 168388096, SEEK_SET <unfinished ...>
15051 lseek(3, 9436672, SEEK_SET <unfinished ...>
15057 read(9,  <unfinished ...>
15052 <... lseek resumed>)              = 168388096
15053 lseek(5, 328388096, SEEK_SET <unfinished ...>
15052 read(4,  <unfinished ...>
15051 <... lseek resumed>)              = 9436672
15055 <... read resumed>"xgtdtericclezgiyhatcsslwctczfxfe"..., 1048576) = 1048576
15053 <... lseek resumed>)              = 328388096
15052 <... read resumed>"vxjltvxzotpsekqewpdtbsipesctebrc"..., 424) = 424
15051 read(3,  <unfinished ...>
15053 read(5,  <unfinished ...>
15052 read(4,  <unfinished ...>
15051 <... read resumed>"oqzmtdfjyszifyfjdyjsgdakbjxycfgs"..., 413) = 413
15053 <... read resumed>"vxjltvxzotpsekqewpdtbsipesctebrc"..., 424) = 424
15051 read(3,  <unfinished ...>
15053 read(5,  <unfinished ...>
15058 <... read resumed>"hvmpwvomhfyuxucdojtxirgjimuixdtg"..., 1048576) = 1048576
15055 lseek(7, 648388096, SEEK_SET)     = 648388096
15055 read(7, "vxjltvxzotpsekqewpdtbsipesctebrc"..., 424) = 424
15055 read(7,  <unfinished ...>
15058 lseek(10, 1127339520, SEEK_SET <unfinished ...>
15054 <... read resumed>"ebtsmthdbhzhclkjlgflikgtgxsxcqwi"..., 1048576) = 1048576
15058 <... lseek resumed>)              = 1127339520
15058 read(10,  <unfinished ...>
15056 <... read resumed>"xgtdtericclezgiyhatcsslwctczfxfe"..., 1048576) = 1048576
15058 <... read resumed>"rwvlzbbjuxccywelazmhfmqacrcmykvp"..., 435) = 435
15058 read(10,  <unfinished ...>
15054 lseek(6, 489436672, SEEK_SET)     = 489436672
15057 <... read resumed>"xgtdtericclezgiyhatcsslwctczfxfe"..., 1048576) = 1048576
15054 read(6,  <unfinished ...>
15056 lseek(8, 808388096, SEEK_SET <unfinished ...>
15054 <... read resumed>"oqzmtdfjyszifyfjdyjsgdakbjxycfgs"..., 413) = 413
15056 <... lseek resumed>)              = 808388096
15054 read(6,  <unfinished ...>
15057 lseek(9, 968388096, SEEK_SET <unfinished ...>
15056 read(8,  <unfinished ...>
15057 <... lseek resumed>)              = 968388096
15052 <... read resumed>"ebtsmthdbhzhclkjlgflikgtgxsxcqwi"..., 1048576) = 1048576
15057 read(9,  <unfinished ...>
15056 <... read resumed>"vxjltvxzotpsekqewpdtbsipesctebrc"..., 424) = 424
15053 <... read resumed>"ebtsmthdbhzhclkjlgflikgtgxsxcqwi"..., 1048576) = 1048576
15051 <... read resumed>"qojlqhntcfytowxpzdofxhgzassjifzy"..., 1048576) = 1048576
15057 <... read resumed>"vxjltvxzotpsekqewpdtbsipesctebrc"..., 424) = 424
15056 read(8,  <unfinished ...>
15057 read(9,  <unfinished ...>
15055 <... read resumed>"ebtsmthdbhzhclkjlgflikgtgxsxcqwi"..., 1048576) = 1048576
15052 lseek(4, 169436672, SEEK_SET)     = 169436672
15053 lseek(5, 329436672, SEEK_SET <unfinished ...>
15052 read(4,  <unfinished ...>
15053 <... lseek resumed>)              = 329436672
15051 lseek(3, 10485248, SEEK_SET <unfinished ...>
15053 read(5,  <unfinished ...>
15052 <... read resumed>"oqzmtdfjyszifyfjdyjsgdakbjxycfgs"..., 413) = 413
15058 <... read resumed>"xgtdtericclezgiyhatcsslwctczfxfe"..., 1048576) = 1048576
15053 <... read resumed>"oqzmtdfjyszifyfjdyjsgdakbjxycfgs"..., 413) = 413
15051 <... lseek resumed>)              = 10485248
15055 lseek(7, 649436672, SEEK_SET <unfinished ...>
15053 read(5,  <unfinished ...>
15052 read(4,  <unfinished ...>
15055 <... lseek resumed>)              = 649436672
15051 read(3,  <unfinished ...>
15055 read(7,  <unfinished ...>
15051 <... read resumed>"cvlerfwjbnwatfyoghjcmebwrisgflrh"..., 402) = 402
15051 read(3,  <unfinished ...>
15058 lseek(10, 1128388096, SEEK_SET <unfinished ...>
15055 <... read resumed>"oqzmtdfjyszifyfjdyjsgdakbjxycfgs"..., 413) = 413
15054 <... read resumed>"qojlqhntcfytowxpzdofxhgzassjifzy"..., 1048576) = 1048576
15058 <... lseek resumed>)              = 1128388096
15055 read(7,  <unfinished ...>
15058 read(10, "vxjltvxzotpsekqewpdtbsipesctebrc"..., 424) = 424
15058 read(10,  <unfinished ...>
15056 <... read resumed>"ebtsmthdbhzhclkjlgflikgtgxsxcqwi"..., 1048576) = 1048576
15057 <... read resumed>"ebtsmthdbhzhclkjlgflikgtgxsxcqwi"..., 1048576) = 1048576
15054 lseek(6, 490485248, SEEK_SET)     = 490485248
15054 read(6, "cvlerfwjbnwatfyoghjcmebwrisgflrh"..., 402) = 402
15054 read(6,  <unfinished ...>
15056 lseek(8, 809436672, SEEK_SET <unfinished ...>
15057 lseek(9, 969436672, SEEK_SET <unfinished ...>
15056 <... lseek resumed>)              = 809436672
15057 <... lseek resumed>)              = 969436672
15056 read(8,  <unfinished ...>
15057 read(9,  <unfinished ...>
15056 <... read resumed>"oqzmtdfjyszifyfjdyjsgdakbjxycfgs"..., 413) = 413
15053 <... read resumed>"qojlqhntcfytowxpzdofxhgzassjifzy"..., 1048576) = 1048576
15052 <... read resumed>"qojlqhntcfytowxpzdofxhgzassjifzy"..., 1048576) = 1048576
15057 <... read resumed>"oqzmtdfjyszifyfjdyjsgdakbjxycfgs"..., 413) = 413
15056 read(8,  <unfinished ...>
15057 read(9,  <unfinished ...>
15051 <... read resumed>"qtgiggngcaouwokyfmpvsndhfhfadtlv"..., 1048576) = 1048576
15055 <... read resumed>"qojlqhntcfytowxpzdofxhgzassjifzy"..., 1048576) = 1048576
15053 lseek(5, 330485248, SEEK_SET <unfinished ...>
15052 lseek(4, 170485248, SEEK_SET <unfinished ...>
15053 <... lseek resumed>)              = 330485248
15058 <... read resumed>"ebtsmthdbhzhclkjlgflikgtgxsxcqwi"..., 1048576) = 1048576
15052 <... lseek resumed>)              = 170485248
15053 read(5,  <unfinished ...>
15052 read(4,  <unfinished ...>
15051 lseek(3, 11533824, SEEK_SET <unfinished ...>
15053 <... read resumed>"cvlerfwjbnwatfyoghjcmebwrisgflrh"..., 402) = 402
15052 <... read resumed>"cvlerfwjbnwatfyoghjcmebwrisgflrh"..., 402) = 402
15051 <... lseek resumed>)              = 11533824
15053 read(5,  <unfinished ...>
15052 read(4,  <unfinished ...>
15051 read(3,  <unfinished ...>
15054 <... read resumed>"qtgiggngcaouwokyfmpvsndhfhfadtlv"..., 1048576) = 1048576
15051 <... read resumed>"zwridbdiqmbyweyzmnbilqpdurdobwda"..., 391) = 391
15058 lseek(10, 1129436672, SEEK_SET)   = 1129436672
15051 read(3,  <unfinished ...>
15058 read(10,  <unfinished ...>
15055 lseek(7, 650485248, SEEK_SET <unfinished ...>
15058 <... read resumed>"oqzmtdfjyszifyfjdyjsgdakbjxycfgs"..., 413) = 413
15055 <... lseek resumed>)              = 650485248
15058 read(10,  <unfinished ...>
15055 read(7,  <unfinished ...>
15054 lseek(6, 491533824, SEEK_SET <unfinished ...>
15055 <... read resumed>"cvlerfwjbnwatfyoghjcmebwrisgflrh"..., 402) = 402
15054 <... lseek resumed>)              = 491533824
15056 <... read resumed>"qojlqhntcfytowxpzdofxhgzassjifzy"..., 1048576) = 1048576
15055 read(7,  <unfinished ...>
15057 <... read resumed>"qojlqhntcfytowxpzdofxhgzassjifzy"..., 1048576) = 1048576
15054 read(6, "zwridbdiqmbyweyzmnbilqpdurdobwda"..., 391) = 391
15054 read(6,  <unfinished ...>
15056 lseek(8, 810485248, SEEK_SET <unfinished ...>
15057 lseek(9, 970485248, SEEK_SET <unfinished ...>
15056 <... lseek resumed>)              = 810485248
15057 <... lseek resumed>)              = 970485248
15056 read(8,  <unfinished ...>
15057 read(9,  <unfinished ...>
15056 <... read resumed>"cvlerfwjbnwatfyoghjcmebwrisgflrh"..., 402) = 402
15057 <... read resumed>"cvlerfwjbnwatfyoghjcmebwrisgflrh"..., 402) = 402
15053 <... read resumed>"qtgiggngcaouwokyfmpvsndhfhfadtlv"..., 1048576) = 1048576
15057 read(9,  <unfinished ...>
15056 read(8,  <unfinished ...>
15052 <... read resumed>"qtgiggngcaouwokyfmpvsndhfhfadtlv"..., 1048576) = 1048576
15051 <... read resumed>"yhtwtuzefzwqgcpngtxwgbzhslkxjmdj"..., 1048576) = 1048576
15053 lseek(5, 331533824, SEEK_SET)     = 331533824
15058 <... read resumed>"qojlqhntcfytowxpzdofxhgzassjifzy"..., 1048576) = 1048576
15053 read(5,  <unfinished ...>
15052 lseek(4, 171533824, SEEK_SET <unfinished ...>
15053 <... read resumed>"zwridbdiqmbyweyzmnbilqpdurdobwda"..., 391) = 391
15052 <... lseek resumed>)              = 171533824
15053 read(5,  <unfinished ...>
15052 read(4, "zwridbdiqmbyweyzmnbilqpdurdobwda"..., 391) = 391
15055 <... read resumed>"qtgiggngcaouwokyfmpvsndhfhfadtlv"..., 1048576) = 1048576
15051 lseek(3, 12582400, SEEK_SET <unfinished ...>
15052 read(4,  <unfinished ...>
15051 <... lseek resumed>)              = 12582400
15058 lseek(10, 1130485248, SEEK_SET <unfinished ...>
15054 <... read resumed>"yhtwtuzefzwqgcpngtxwgbzhslkxjmdj"..., 1048576) = 1048576
15058 <... lseek resumed>)              = 1130485248
15051 read(3,  <unfinished ...>
15058 read(10,  <unfinished ...>
15051 <... read resumed>"kkdvofnsntlkjuzsjysyrqkwosrcijou"..., 380) = 380
15058 <... read resumed>"cvlerfwjbnwatfyoghjcmebwrisgflrh"..., 402) = 402
15055 lseek(7, 651533824, SEEK_SET <unfinished ...>
15058 read(10,  <unfinished ...>
15051 read(3,  <unfinished ...>
15055 <... lseek resumed>)              = 651533824
15057 <... read resumed>"qtgiggngcaouwokyfmpvsndhfhfadtlv"..., 1048576) = 1048576
15054 lseek(6, 492582400, SEEK_SET <unfinished ...>
15056 <... read resumed>"qtgiggngcaouwokyfmpvsndhfhfadtlv"..., 1048576) = 1048576
15055 read(7,  <unfinished ...>
15054 <... lseek resumed>)              = 492582400
15055 <... read resumed>"zwridbdiqmbyweyzmnbilqpdurdobwda"..., 391) = 391
15054 read(6,  <unfinished ...>
15055 read(7,  <unfinished ...>
15054 <... read resumed>"kkdvofnsntlkjuzsjysyrqkwosrcijou"..., 380) = 380
15054 read(6,  <unfinished ...>
15057 lseek(9, 971533824, SEEK_SET)     = 971533824
15056 lseek(8, 811533824, SEEK_SET <unfinished ...>
15053 <... read resumed>"yhtwtuzefzwqgcpngtxwgbzhslkxjmdj"..., 1048576) = 1048576
15057 read(9,  <unfinished ...>
15056 <... lseek resumed>)              = 811533824
15057 <... read resumed>"zwridbdiqmbyweyzmnbilqpdurdobwda"..., 391) = 391
15056 read(8,  <unfinished ...>
15057 read(9,  <unfinished ...>
15052 <... read resumed>"yhtwtuzefzwqgcpngtxwgbzhslkxjmdj"..., 1048576) = 1048576
15056 <... read resumed>"zwridbdiqmbyweyzmnbilqpdurdobwda"..., 391) = 391
15056 read(8,  <unfinished ...>
15053 lseek(5, 332582400, SEEK_SET)     = 332582400
15053 read(5,  <unfinished ...>
15052 lseek(4, 172582400, SEEK_SET <unfinished ...>
15058 <... read resumed>"qtgiggngcaouwokyfmpvsndhfhfadtlv"..., 1048576) = 1048576
15053 <... read resumed>"kkdvofnsntlkjuzsjysyrqkwosrcijou"..., 380) = 380
15052 <... lseek resumed>)              = 172582400
15051 <... read resumed>"clugznjhxjgvcbyzbawipcclmcacjuzl"..., 1048576) = 1048576
15053 read(5,  <unfinished ...>
15052 read(4, "kkdvofnsntlkjuzsjysyrqkwosrcijou"..., 380) = 380
15058 lseek(10, 1131533824, SEEK_SET <unfinished ...>
15055 <... read resumed>"yhtwtuzefzwqgcpngtxwgbzhslkxjmdj"..., 1048576) = 1048576
15054 <... read resumed>"clugznjhxjgvcbyzbawipcclmcacjuzl"..., 1048576) = 1048576
15052 read(4,  <unfinished ...>
15058 <... lseek resumed>)              = 1131533824
15055 lseek(7, 652582400, SEEK_SET <unfinished ...>
15051 lseek(3, 13630976, SEEK_SET <unfinished ...>
15058 read(10,  <unfinished ...>
15055 <... lseek resumed>)              = 652582400
15051 <... lseek resumed>)              = 13630976
15058 <... read resumed>"zwridbdiqmbyweyzmnbilqpdurdobwda"..., 391) = 391
15055 read(7,  <unfinished ...>
15058 read(10,  <unfinished ...>
15051 read(3,  <unfinished ...>
15055 <... read resumed>"kkdvofnsntlkjuzsjysyrqkwosrcijou"..., 380) = 380
15054 lseek(6, 493630976, SEEK_SET <unfinished ...>
15057 <... read resumed>"yhtwtuzefzwqgcpngtxwgbzhslkxjmdj"..., 1048576) = 1048576
15055 read(7,  <unfinished ...>
15054 <... lseek resumed>)              = 493630976
15051 <... read resumed>"suwjzofadxczkywwpzrdqkxyusdanhcf"..., 369) = 369
15056 <... read resumed>"yhtwtuzefzwqgcpngtxwgbzhslkxjmdj"..., 1048576) = 1048576
15054 read(6,  <unfinished ...>
15051 read(3,  <unfinished ...>
15054 <... read resumed>"suwjzofadxczkywwpzrdqkxyusdanhcf"..., 369) = 369
15054 read(6,  <unfinished ...>
15057 lseek(9, 972582400, SEEK_SET)     = 972582400
15057 read(9,  <unfinished ...>
15056 lseek(8, 812582400, SEEK_SET <unfinished ...>
15057 <... read resumed>"kkdvofnsntlkjuzsjysyrqkwosrcijou"..., 380) = 380
15056 <... lseek resumed>)              = 812582400
15053 <... read resumed>"clugznjhxjgvcbyzbawipcclmcacjuzl"..., 1048576) = 1048576
15057 read(9,  <unfinished ...>
15056 read(8, "kkdvofnsntlkjuzsjysyrqkwosrcijou"..., 380) = 380
15052 <... read resumed>"clugznjhxjgvcbyzbawipcclmcacjuzl"..., 1048576) = 1048576
15056 read(8,  <unfinished ...>
15053 lseek(5, 333630976, SEEK_SET)     = 333630976
15053 read(5,  <unfinished ...>
15058 <... read resumed>"yhtwtuzefzwqgcpngtxwgbzhslkxjmdj"..., 1048576) = 1048576
15053 <... read resumed>"suwjzofadxczkywwpzrdqkxyusdanhcf"..., 369) = 369
15053 read(5,  <unfinished ...>
15052 lseek(4, 173630976, SEEK_SET)     = 173630976
15052 read(4,  <unfinished ...>
15055 <... read resumed>"clugznjhxjgvcbyzbawipcclmcacjuzl"..., 1048576) = 1048576
15052 <... read resumed>"suwjzofadxczkywwpzrdqkxyusdanhcf"..., 369) = 369
15058 lseek(10, 1132582400, SEEK_SET <unfinished ...>
15052 read(4,  <unfinished ...>
15058 <... lseek resumed>)              = 1132582400
15051 <... read resumed>"pgcknkykqsajkgakiqsxojupdifxusyj"..., 1048576) = 1048576
15058 read(10,  <unfinished ...>
15054 <... read resumed>"pgcknkykqsajkgakiqsxojupdifxusyj"..., 1048576) = 1048576
15058 <... read resumed>"kkdvofnsntlkjuzsjysyrqkwosrcijou"..., 380) = 380
15058 read(10,  <unfinished ...>
15055 lseek(7, 653630976, SEEK_SET)     = 653630976
15055 read(7,  <unfinished ...>
15057 <... read resumed>"clugznjhxjgvcbyzbawipcclmcacjuzl"..., 1048576) = 1048576
15051 lseek(3, 14679552, SEEK_SET <unfinished ...>
15055 <... read resumed>"suwjzofadxczkywwpzrdqkxyusdanhcf"..., 369) = 369
15051 <... lseek resumed>)              = 14679552
15055 read(7,  <unfinished ...>
15054 lseek(6, 494679552, SEEK_SET <unfinished ...>
15051 read(3,  <unfinished ...>
15056 <... read resumed>"clugznjhxjgvcbyzbawipcclmcacjuzl"..., 1048576) = 1048576
15054 <... lseek resumed>)              = 494679552
15057 lseek(9, 973630976, SEEK_SET <unfinished ...>
15051 <... read resumed>"mhtnazwjzmfizocdmpeptvdxggvbuvii"..., 358) = 358
15057 <... lseek resumed>)              = 973630976
15054 read(6,  <unfinished ...>
15057 read(9,  <unfinished ...>
15053 <... read resumed>"pgcknkykqsajkgakiqsxojupdifxusyj"..., 1048576) = 1048576
