15055 lseek(7, 741710336, SEEK_SET <unfinished ...>
15054 <... read resumed>"bkbkklaggylhluupboohyddmstiwppdq"..., 1048576) = 1048576
15057 read(9,  <unfinished ...>
15055 <... lseek resumed>)              = 741710336
15058 <... read resumed>"nowbpczegmjeeunhjobwkzxorxklukcj"..., 1048576) = 1048576
15057 <... read resumed>"wcayefsgxruwvmxcftywwccbbvvevnot"..., 447) = 447
15054 lseek(6, 580661760, SEEK_SET <unfinished ...>
15052 lseek(4, 257516544, SEEK_SET <unfinished ...>
15057 read(9,  <unfinished ...>
15055 read(7,  <unfinished ...>
15054 <... lseek resumed>)              = 580661760
15055 <... read resumed>"dftvopqwryodjheeaxhackagszdoxzpa"..., 469) = 469
15052 <... lseek resumed>)              = 257516544
15055 read(7,  <unfinished ...>
15054 read(6,  <unfinished ...>
15052 read(4,  <unfinished ...>
15054 <... read resumed>"fabubvzolkgvmnfyvvvlorewmpyfjzaq"..., 480) = 480
15052 <... read resumed>"i", 1)         = 1
15054 read(6,  <unfinished ...>
15052 read(4,  <unfinished ...>
15058 lseek(10, 1223807488, SEEK_SET)   = 1223807488
15058 read(10,  <unfinished ...>
15053 <... read resumed>"fmlshoqyzmbwdwmqjlsstmlvbgsgkstr"..., 1048576) = 1048576
15058 <... read resumed>"wcayefsgxruwvmxcftywwccbbvvevnot"..., 447) = 447
15051 <... read resumed>"fszwckvkatpjjdanlryxgiafnuslhrkp"..., 1048576) = 1048576
15058 read(10,  <unfinished ...>
15053 lseek(5, 419613184, SEEK_SET)     = 419613184
15053 read(5,  <unfinished ...>
15051 lseek(3, 97516544, SEEK_SET)      = 97516544
15053 <... read resumed>"zpuusipwvpuygrqoouktsinbgokeries"..., 491) = 491
15051 read(3,  <unfinished ...>
15056 <... read resumed>"reftkyuveftlmksibfyriftlfitmgoea"..., 1048576) = 1048576
15053 read(5,  <unfinished ...>
15051 <... read resumed>"i", 1)         = 1
15051 read(3,  <unfinished ...>
15056 lseek(8, 901710336, SEEK_SET)     = 901710336
15056 read(8, "dftvopqwryodjheeaxhackagszdoxzpa"..., 469) = 469
15055 <... read resumed>"wwpgvoapbutpggsnrixicgabpqhbcdiy"..., 1048576) = 1048576
15057 <... read resumed>"fmbvzdqjwauneqmcwhxcffmnpqqxpyow"..., 1048576) = 1048576
15056 read(8,  <unfinished ...>
15054 <... read resumed>"reftkyuveftlmksibfyriftlfitmgoea"..., 1048576) = 1048576
15052 <... read resumed>"wzbzsnydvkvrefztxsvehqdwjxtvgjfd"..., 1048576) = 1048576
15055 lseek(7, 742758912, SEEK_SET <unfinished ...>
15058 <... read resumed>"fmbvzdqjwauneqmcwhxcffmnpqqxpyow"..., 1048576) = 1048576
15055 <... lseek resumed>)              = 742758912
15055 read(7, "gfzxiohhbyqttdvzebngnxnhpaqbrtdz"..., 458) = 458
15055 read(7,  <unfinished ...>
15052 lseek(4, 258564608, SEEK_SET)     = 258564608
15054 lseek(6, 581710336, SEEK_SET <unfinished ...>
15057 lseek(9, 1064856064, SEEK_SET <unfinished ...>
15052 read(4,  <unfinished ...>
15057 <... lseek resumed>)              = 1064856064
15054 <... lseek resumed>)              = 581710336
15057 read(9,  <unfinished ...>
15052 <... read resumed>"qboxqcbvgzjrhliwfhsyfastocuvoyzf"..., 502) = 502
15058 lseek(10, 1224856064, SEEK_SET <unfinished ...>
15057 <... read resumed>"fnwwdxeiwhygkxfmlfypvsavoxyxdobi"..., 436) = 436
15054 read(6,  <unfinished ...>
15058 <... lseek resumed>)              = 1224856064
15057 read(9,  <unfinished ...>
15052 read(4,  <unfinished ...>
15058 read(10,  <unfinished ...>
15054 <... read resumed>"dftvopqwryodjheeaxhackagszdoxzpa"..., 469) = 469
15053 <... read resumed>"bkbkklaggylhluupboohyddmstiwppdq"..., 1048576) = 1048576
15058 <... read resumed>"fnwwdxeiwhygkxfmlfypvsavoxyxdobi"..., 436) = 436
15054 read(6,  <unfinished ...>
15051 <... read resumed>"wzbzsnydvkvrefztxsvehqdwjxtvgjfd"..., 1048576) = 1048576
15058 read(10,  <unfinished ...>
15053 lseek(5, 420661760, SEEK_SET)     = 420661760
15053 read(5, "fabubvzolkgvmnfyvvvlorewmpyfjzaq"..., 480) = 480
15051 lseek(3, 98564608, SEEK_SET <unfinished ...>
15053 read(5,  <unfinished ...>
15051 <... lseek resumed>)              = 98564608
15051 read(3,  <unfinished ...>
15056 <... read resumed>"wwpgvoapbutpggsnrixicgabpqhbcdiy"..., 1048576) = 1048576
15051 <... read resumed>"qboxqcbvgzjrhliwfhsyfastocuvoyzf"..., 502) = 502
15051 read(3,  <unfinished ...>
15055 <... read resumed>"nowbpczegmjeeunhjobwkzxorxklukcj"..., 1048576) = 1048576
15056 lseek(8, 902758912, SEEK_SET)     = 902758912
15056 read(8, "gfzxiohhbyqttdvzebngnxnhpaqbrtdz"..., 458) = 458
15055 lseek(7, 743807488, SEEK_SET <unfinished ...>
15056 read(8,  <unfinished ...>
15055 <... lseek resumed>)              = 743807488
15055 read(7, "wcayefsgxruwvmxcftywwccbbvvevnot"..., 447) = 447
15055 read(7,  <unfinished ...>
15054 <... read resumed>"wwpgvoapbutpggsnrixicgabpqhbcdiy"..., 1048576) = 1048576
15052 <... read resumed>"fmlshoqyzmbwdwmqjlsstmlvbgsgkstr"..., 1048576) = 1048576
15058 <... read resumed>"wegcrmhdkifjdfdaqutbfxeehxiesafq"..., 1048576) = 1048576
15057 <... read resumed>"wegcrmhdkifjdfdaqutbfxeehxiesafq"..., 1048576) = 1048576
15054 lseek(6, 582758912, SEEK_SET)     = 582758912
15058 lseek(10, 1225904640, SEEK_SET <unfinished ...>
15054 read(6,  <unfinished ...>
15058 <... lseek resumed>)              = 1225904640
15053 <... read resumed>"reftkyuveftlmksibfyriftlfitmgoea"..., 1048576) = 1048576
15052 lseek(4, 259613184, SEEK_SET <unfinished ...>
15058 read(10,  <unfinished ...>
15054 <... read resumed>"gfzxiohhbyqttdvzebngnxnhpaqbrtdz"..., 458) = 458
15058 <... read resumed>"qsnwvmulcofkcogmojqqekrpsphftbll"..., 425) = 425
15052 <... lseek resumed>)              = 259613184
15058 read(10,  <unfinished ...>
15057 lseek(9, 1065904640, SEEK_SET <unfinished ...>
15054 read(6,  <unfinished ...>
15057 <... lseek resumed>)              = 1065904640
15052 read(4,  <unfinished ...>
15057 read(9,  <unfinished ...>
15052 <... read resumed>"zpuusipwvpuygrqoouktsinbgokeries"..., 491) = 491
15057 <... read resumed>"qsnwvmulcofkcogmojqqekrpsphftbll"..., 425) = 425
15052 read(4,  <unfinished ...>
15057 read(9,  <unfinished ...>
15051 <... read resumed>"fmlshoqyzmbwdwmqjlsstmlvbgsgkstr"..., 1048576) = 1048576
15053 lseek(5, 421710336, SEEK_SET)     = 421710336
15053 read(5, "dftvopqwryodjheeaxhackagszdoxzpa"..., 469) = 469
15053 read(5,  <unfinished ...>
15051 lseek(3, 99613184, SEEK_SET)      = 99613184
15055 <... read resumed>"fmbvzdqjwauneqmcwhxcffmnpqqxpyow"..., 1048576) = 1048576
15051 read(3, "zpuusipwvpuygrqoouktsinbgokeries"..., 491) = 491
15051 read(3,  <unfinished ...>
15056 <... read resumed>"nowbpczegmjeeunhjobwkzxorxklukcj"..., 1048576) = 1048576
15055 lseek(7, 744856064, SEEK_SET)     = 744856064
15055 read(7, "fnwwdxeiwhygkxfmlfypvsavoxyxdobi"..., 436) = 436
15055 read(7,  <unfinished ...>
15056 lseek(8, 903807488, SEEK_SET)     = 903807488
15056 read(8, "wcayefsgxruwvmxcftywwccbbvvevnot"..., 447) = 447
15056 read(8,  <unfinished ...>
15058 <... read resumed>"wzspohfxkelhkaxylkzxfvqzcxneieve"..., 1048576) = 1048576
15054 <... read resumed>"nowbpczegmjeeunhjobwkzxorxklukcj"..., 1048576) = 1048576
15057 <... read resumed>"wzspohfxkelhkaxylkzxfvqzcxneieve"..., 1048576) = 1048576
15052 <... read resumed>"bkbkklaggylhluupboohyddmstiwppdq"..., 1048576) = 1048576
15058 lseek(10, 1226953216, SEEK_SET)   = 1226953216
15058 read(10, "lfjsouefydehjxjofqgzfjuxviutukmi"..., 414) = 414
15058 read(10,  <unfinished ...>
15053 <... read resumed>"wwpgvoapbutpggsnrixicgabpqhbcdiy"..., 1048576) = 1048576
15054 lseek(6, 583807488, SEEK_SET)     = 583807488
15054 read(6, "wcayefsgxruwvmxcftywwccbbvvevnot"..., 447) = 447
15057 lseek(9, 1066953216, SEEK_SET <unfinished ...>
15052 lseek(4, 260661760, SEEK_SET <unfinished ...>
15057 <... lseek resumed>)              = 1066953216
15054 read(6,  <unfinished ...>
15051 <... read resumed>"bkbkklaggylhluupboohyddmstiwppdq"..., 1048576) = 1048576
15057 read(9,  <unfinished ...>
15052 <... lseek resumed>)              = 260661760
15057 <... read resumed>"lfjsouefydehjxjofqgzfjuxviutukmi"..., 414) = 414
15053 lseek(5, 422758912, SEEK_SET <unfinished ...>
15057 read(9,  <unfinished ...>
15052 read(4,  <unfinished ...>
15053 <... lseek resumed>)              = 422758912
15053 read(5,  <unfinished ...>
15052 <... read resumed>"fabubvzolkgvmnfyvvvlorewmpyfjzaq"..., 480) = 480
15055 <... read resumed>"wegcrmhdkifjdfdaqutbfxeehxiesafq"..., 1048576) = 1048576
15053 <... read resumed>"gfzxiohhbyqttdvzebngnxnhpaqbrtdz"..., 458) = 458
15051 lseek(3, 100661760, SEEK_SET <unfinished ...>
15053 read(5,  <unfinished ...>
15052 read(4,  <unfinished ...>
15051 <... lseek resumed>)              = 100661760
15056 <... read resumed>"fmbvzdqjwauneqmcwhxcffmnpqqxpyow"..., 1048576) = 1048576
15051 read(3, "fabubvzolkgvmnfyvvvlorewmpyfjzaq"..., 480) = 480
15055 lseek(7, 745904640, SEEK_SET <unfinished ...>
15051 read(3,  <unfinished ...>
15055 <... lseek resumed>)              = 745904640
15055 read(7, "qsnwvmulcofkcogmojqqekrpsphftbll"..., 425) = 425
15058 <... read resumed>"rpgxaaukdprzovctnotyotvaiusdxklq"..., 1048576) = 1048576
15055 read(7,  <unfinished ...>
15056 lseek(8, 904856064, SEEK_SET)     = 904856064
15056 read(8, "fnwwdxeiwhygkxfmlfypvsavoxyxdobi"..., 436) = 436
15054 <... read resumed>"fmbvzdqjwauneqmcwhxcffmnpqqxpyow"..., 1048576) = 1048576
15058 lseek(10, 1228001792, SEEK_SET <unfinished ...>
15056 read(8,  <unfinished ...>
15058 <... lseek resumed>)              = 1228001792
15057 <... read resumed>"rpgxaaukdprzovctnotyotvaiusdxklq"..., 1048576) = 1048576
15058 read(10, "ykkyimenwvltrwxrxkqnlcvarsptctza"..., 403) = 403
15054 lseek(6, 584856064, SEEK_SET <unfinished ...>
15058 read(10,  <unfinished ...>
15054 <... lseek resumed>)              = 584856064
15054 read(6,  <unfinished ...>
15057 lseek(9, 1068001792, SEEK_SET <unfinished ...>
15054 <... read resumed>"fnwwdxeiwhygkxfmlfypvsavoxyxdobi"..., 436) = 436
15053 <... read resumed>"nowbpczegmjeeunhjobwkzxorxklukcj"..., 1048576) = 1048576
15057 <... lseek resumed>)              = 1068001792
15054 read(6,  <unfinished ...>
15052 <... read resumed>"reftkyuveftlmksibfyriftlfitmgoea"..., 1048576) = 1048576
15057 read(9, "ykkyimenwvltrwxrxkqnlcvarsptctza"..., 403) = 403
15051 <... read resumed>"reftkyuveftlmksibfyriftlfitmgoea"..., 1048576) = 1048576
15057 read(9,  <unfinished ...>
15053 lseek(5, 423807488, SEEK_SET <unfinished ...>
15055 <... read resumed>"wzspohfxkelhkaxylkzxfvqzcxneieve"..., 1048576) = 1048576
15053 <... lseek resumed>)              = 423807488
15053 read(5, "wcayefsgxruwvmxcftywwccbbvvevnot"..., 447) = 447
15053 read(5,  <unfinished ...>
15051 lseek(3, 101710336, SEEK_SET)     = 101710336
15051 read(3,  <unfinished ...>
15056 <... read resumed>"wegcrmhdkifjdfdaqutbfxeehxiesafq"..., 1048576) = 1048576
15052 lseek(4, 261710336, SEEK_SET <unfinished ...>
15055 lseek(7, 746953216, SEEK_SET <unfinished ...>
15051 <... read resumed>"dftvopqwryodjheeaxhackagszdoxzpa"..., 469) = 469
15055 <... lseek resumed>)              = 746953216
15052 <... lseek resumed>)              = 261710336
15055 read(7,  <unfinished ...>
15051 read(3,  <unfinished ...>
15055 <... read resumed>"lfjsouefydehjxjofqgzfjuxviutukmi"..., 414) = 414
15052 read(4,  <unfinished ...>
15058 <... read resumed>"hljsybdyuqcdqdzpdhuqfacwqrvofyvm"..., 1048576) = 1048576
15055 read(7,  <unfinished ...>
15056 lseek(8, 905904640, SEEK_SET <unfinished ...>
15052 <... read resumed>"dftvopqwryodjheeaxhackagszdoxzpa"..., 469) = 469
15056 <... lseek resumed>)              = 905904640
15052 read(4,  <unfinished ...>
15056 read(8,  <unfinished ...>
15054 <... read resumed>"wegcrmhdkifjdfdaqutbfxeehxiesafq"..., 1048576) = 1048576
15056 <... read resumed>"qsnwvmulcofkcogmojqqekrpsphftbll"..., 425) = 425
15058 lseek(10, 1229050368, SEEK_SET <unfinished ...>
15056 read(8,  <unfinished ...>
15058 <... lseek resumed>)              = 1229050368
15057 <... read resumed>"hljsybdyuqcdqdzpdhuqfacwqrvofyvm"..., 1048576) = 1048576
15058 read(10,  <unfinished ...>
15054 lseek(6, 585904640, SEEK_SET <unfinished ...>
15058 <... read resumed>"khfavbrxmniicecfhsmfhlgzrrhfhoyt"..., 392) = 392
15054 <... lseek resumed>)              = 585904640
15058 read(10,  <unfinished ...>
15054 read(6,  <unfinished ...>
15057 lseek(9, 1069050368, SEEK_SET <unfinished ...>
15053 <... read resumed>"fmbvzdqjwauneqmcwhxcffmnpqqxpyow"..., 1048576) = 1048576
15057 <... lseek resumed>)              = 1069050368
15054 <... read resumed>"qsnwvmulcofkcogmojqqekrpsphftbll"..., 425) = 425
15057 read(9,  <unfinished ...>
15054 read(6,  <unfinished ...>
15057 <... read resumed>"khfavbrxmniicecfhsmfhlgzrrhfhoyt"..., 392) = 392
15053 lseek(5, 424856064, SEEK_SET <unfinished ...>
15051 <... read resumed>"wwpgvoapbutpggsnrixicgabpqhbcdiy"..., 1048576) = 1048576
15057 read(9,  <unfinished ...>
15053 <... lseek resumed>)              = 424856064
15055 <... read resumed>"rpgxaaukdprzovctnotyotvaiusdxklq"..., 1048576) = 1048576
15053 read(5, "fnwwdxeiwhygkxfmlfypvsavoxyxdobi"..., 436) = 436
15051 lseek(3, 102758912, SEEK_SET <unfinished ...>
15053 read(5,  <unfinished ...>
15052 <... read resumed>"wwpgvoapbutpggsnrixicgabpqhbcdiy"..., 1048576) = 1048576
15051 <... lseek resumed>)              = 102758912
15051 read(3,  <unfinished ...>
15056 <... read resumed>"wzspohfxkelhkaxylkzxfvqzcxneieve"..., 1048576) = 1048576
15055 lseek(7, 748001792, SEEK_SET <unfinished ...>
15051 <... read resumed>"gfzxiohhbyqttdvzebngnxnhpaqbrtdz"..., 458) = 458
15055 <... lseek resumed>)              = 748001792
15051 read(3,  <unfinished ...>
15055 read(7,  <unfinished ...>
15052 lseek(4, 262758912, SEEK_SET <unfinished ...>
15055 <... read resumed>"ykkyimenwvltrwxrxkqnlcvarsptctza"..., 403) = 403
15052 <... lseek resumed>)              = 262758912
15055 read(7,  <unfinished ...>
15058 <... read resumed>"xofzssbjwoeqtvmiyxnkrraizkezhrrh"..., 1048576) = 1048576
15052 read(4,  <unfinished ...>
15056 lseek(8, 906953216, SEEK_SET)     = 906953216
15052 <... read resumed>"gfzxiohhbyqttdvzebngnxnhpaqbrtdz"..., 458) = 458
15056 read(8,  <unfinished ...>
15052 read(4,  <unfinished ...>
15056 <... read resumed>"lfjsouefydehjxjofqgzfjuxviutukmi"..., 414) = 414
15054 <... read resumed>"wzspohfxkelhkaxylkzxfvqzcxneieve"..., 1048576) = 1048576
15056 read(8,  <unfinished ...>
15058 lseek(10, 1230098944, SEEK_SET)   = 1230098944
15058 read(10,  <unfinished ...>
15057 <... read resumed>"xofzssbjwoeqtvmiyxnkrraizkezhrrh"..., 1048576) = 1048576
15058 <... read resumed>"zjtfyyoyattnfrabaduemacpdcvvusnu"..., 381) = 381
15058 read(10,  <unfinished ...>
15054 lseek(6, 586953216, SEEK_SET)     = 586953216
15053 <... read resumed>"wegcrmhdkifjdfdaqutbfxeehxiesafq"..., 1048576) = 1048576
15057 lseek(9, 1070098944, SEEK_SET <unfinished ...>
15054 read(6,  <unfinished ...>
15057 <... lseek resumed>)              = 1070098944
15054 <... read resumed>"lfjsouefydehjxjofqgzfjuxviutukmi"..., 414) = 414
15057 read(9,  <unfinished ...>
15051 <... read resumed>"nowbpczegmjeeunhjobwkzxorxklukcj"..., 1048576) = 1048576
15057 <... read resumed>"zjtfyyoyattnfrabaduemacpdcvvusnu"..., 381) = 381
15054 read(6,  <unfinished ...>
15053 lseek(5, 425904640, SEEK_SET <unfinished ...>
15057 read(9,  <unfinished ...>
15055 <... read resumed>"hljsybdyuqcdqdzpdhuqfacwqrvofyvm"..., 1048576) = 1048576
15053 <... lseek resumed>)              = 425904640
15053 read(5,  <unfinished ...>
15051 lseek(3, 103807488, SEEK_SET <unfinished ...>
15053 <... read resumed>"qsnwvmulcofkcogmojqqekrpsphftbll"..., 425) = 425
15052 <... read resumed>"nowbpczegmjeeunhjobwkzxorxklukcj"..., 1048576) = 1048576
15051 <... lseek resumed>)              = 103807488
15056 <... read resumed>"rpgxaaukdprzovctnotyotvaiusdxklq"..., 1048576) = 1048576
15055 lseek(7, 749050368, SEEK_SET <unfinished ...>
15053 read(5,  <unfinished ...>
15051 read(3,  <unfinished ...>
15055 <... lseek resumed>)              = 749050368
15055 read(7,  <unfinished ...>
15051 <... read resumed>"wcayefsgxruwvmxcftywwccbbvvevnot"..., 447) = 447
15058 <... read resumed>"sukguldmlrkbyzvswwswsbvsvjwshoqz"..., 1048576) = 1048576
15056 lseek(8, 908001792, SEEK_SET <unfinished ...>
15055 <... read resumed>"khfavbrxmniicecfhsmfhlgzrrhfhoyt"..., 392) = 392
15058 lseek(10, 1231147520, SEEK_SET <unfinished ...>
15056 <... lseek resumed>)              = 908001792
15052 lseek(4, 263807488, SEEK_SET <unfinished ...>
15051 read(3,  <unfinished ...>
15058 <... lseek resumed>)              = 1231147520
15056 read(8,  <unfinished ...>
15055 read(7,  <unfinished ...>
15052 <... lseek resumed>)              = 263807488
15058 read(10,  <unfinished ...>
15056 <... read resumed>"ykkyimenwvltrwxrxkqnlcvarsptctza"..., 403) = 403
15058 <... read resumed>"gyqchcksqeawhtcxvlbmctzskdmqisco"..., 370) = 370
15052 read(4,  <unfinished ...>
15058 read(10,  <unfinished ...>
15056 read(8,  <unfinished ...>
15054 <... read resumed>"rpgxaaukdprzovctnotyotvaiusdxklq"..., 1048576) = 1048576
15052 <... read resumed>"wcayefsgxruwvmxcftywwccbbvvevnot"..., 447) = 447
15057 <... read resumed>"sukguldmlrkbyzvswwswsbvsvjwshoqz"..., 1048576) = 1048576
15052 read(4,  <unfinished ...>
15054 lseek(6, 588001792, SEEK_SET)     = 588001792
15057 lseek(9, 1071147520, SEEK_SET <unfinished ...>
15054 read(6,  <unfinished ...>
15053 <... read resumed>"wzspohfxkelhkaxylkzxfvqzcxneieve"..., 1048576) = 1048576
15057 <... lseek resumed>)              = 1071147520
15054 <... read resumed>"ykkyimenwvltrwxrxkqnlcvarsptctza"..., 403) = 403
15057 read(9,  <unfinished ...>
15054 read(6,  <unfinished ...>
15057 <... read resumed>"gyqchcksqeawhtcxvlbmctzskdmqisco"..., 370) = 370
15057 read(9,  <unfinished ...>
15053 lseek(5, 426953216, SEEK_SET <unfinished ...>
15051 <... read resumed>"fmbvzdqjwauneqmcwhxcffmnpqqxpyow"..., 1048576) = 1048576
15053 <... lseek resumed>)              = 426953216
15055 <... read resumed>"xofzssbjwoeqtvmiyxnkrraizkezhrrh"..., 1048576) = 1048576
15053 read(5, "lfjsouefydehjxjofqgzfjuxviutukmi"..., 414) = 414
15053 read(5,  <unfinished ...>
15058 <... read resumed>"ybuojfpaczuuuziaryqultynlzbvxzmv"..., 1048576) = 1048576
15056 <... read resumed>"hljsybdyuqcdqdzpdhuqfacwqrvofyvm"..., 1048576) = 1048576
15051 lseek(3, 104856064, SEEK_SET <unfinished ...>
15058 lseek(10, 1232196096, SEEK_SET <unfinished ...>
15056 lseek(8, 909050368, SEEK_SET <unfinished ...>
15055 lseek(7, 750098944, SEEK_SET <unfinished ...>
15058 <... lseek resumed>)              = 1232196096
15056 <... lseek resumed>)              = 909050368
15052 <... read resumed>"fmbvzdqjwauneqmcwhxcffmnpqqxpyow"..., 1048576) = 1048576
15055 <... lseek resumed>)              = 750098944
15051 <... lseek resumed>)              = 104856064
15058 read(10,  <unfinished ...>
15056 read(8,  <unfinished ...>
15055 read(7,  <unfinished ...>
15058 <... read resumed>"nahbssoxpeoeddbshtfuaqsxpptpzjlm"..., 359) = 359
15051 read(3,  <unfinished ...>
15058 read(10,  <unfinished ...>
15056 <... read resumed>"khfavbrxmniicecfhsmfhlgzrrhfhoyt"..., 392) = 392
15055 <... read resumed>"zjtfyyoyattnfrabaduemacpdcvvusnu"..., 381) = 381
15052 lseek(4, 264856064, SEEK_SET <unfinished ...>
15057 <... read resumed>"ybuojfpaczuuuziaryqultynlzbvxzmv"..., 1048576) = 1048576
15056 read(8,  <unfinished ...>
15055 read(7,  <unfinished ...>
15054 <... read resumed>"hljsybdyuqcdqdzpdhuqfacwqrvofyvm"..., 1048576) = 1048576
15052 <... lseek resumed>)              = 264856064
15051 <... read resumed>"fnwwdxeiwhygkxfmlfypvsavoxyxdobi"..., 436) = 436
15053 <... read resumed>"rpgxaaukdprzovctnotyotvaiusdxklq"..., 1048576) = 1048576
15052 read(4,  <unfinished ...>
15051 read(3,  <unfinished ...>
15052 <... read resumed>"fnwwdxeiwhygkxfmlfypvsavoxyxdobi"..., 436) = 436
15052 read(4,  <unfinished ...>
15057 lseek(9, 1072196096, SEEK_SET <unfinished ...>
15053 lseek(5, 428001792, SEEK_SET <unfinished ...>
15057 <... lseek resumed>)              = 1072196096
15054 lseek(6, 589050368, SEEK_SET <unfinished ...>
15057 read(9,  <unfinished ...>
15054 <... lseek resumed>)              = 589050368
15053 <... lseek resumed>)              = 428001792
15057 <... read resumed>"nahbssoxpeoeddbshtfuaqsxpptpzjlm"..., 359) = 359
15054 read(6,  <unfinished ...>
15057 read(9,  <unfinished ...>
15053 read(5,  <unfinished ...>
15054 <... read resumed>"khfavbrxmniicecfhsmfhlgzrrhfhoyt"..., 392) = 392
15053 <... read resumed>"ykkyimenwvltrwxrxkqnlcvarsptctza"..., 403) = 403
15058 <... read resumed>"brfnpzupelhnjmpzgqqckxxouqtakhfl"..., 1048576) = 1048576
15054 read(6,  <unfinished ...>
15053 read(5,  <unfinished ...>
15056 <... read resumed>"xofzssbjwoeqtvmiyxnkrraizkezhrrh"..., 1048576) = 1048576
15058 lseek(10, 1233244672, SEEK_SET <unfinished ...>
15055 <... read resumed>"sukguldmlrkbyzvswwswsbvsvjwshoqz"..., 1048576) = 1048576
15058 <... lseek resumed>)              = 1233244672
15058 read(10,  <unfinished ...>
15051 <... read resumed>"wegcrmhdkifjdfdaqutbfxeehxiesafq"..., 1048576) = 1048576
15058 <... read resumed>"ucbtqepshuekmtsmkpoysgtdrweldgpx"..., 348) = 348
15052 <... read resumed>"wegcrmhdkifjdfdaqutbfxeehxiesafq"..., 1048576) = 1048576
15058 read(10,  <unfinished ...>
15056 lseek(8, 910098944, SEEK_SET)     = 910098944
15056 read(8, "zjtfyyoyattnfrabaduemacpdcvvusnu"..., 381) = 381
15055 lseek(7, 751147520, SEEK_SET <unfinished ...>
15056 read(8,  <unfinished ...>
15055 <... lseek resumed>)              = 751147520
15051 lseek(3, 105904640, SEEK_SET <unfinished ...>
15055 read(7,  <unfinished ...>
15052 lseek(4, 265904640, SEEK_SET <unfinished ...>
15057 <... read resumed>"brfnpzupelhnjmpzgqqckxxouqtakhfl"..., 1048576) = 1048576
15055 <... read resumed>"gyqchcksqeawhtcxvlbmctzskdmqisco"..., 370) = 370
15051 <... lseek resumed>)              = 105904640
15055 read(7,  <unfinished ...>
15052 <... lseek resumed>)              = 265904640
15051 read(3,  <unfinished ...>
15052 read(4,  <unfinished ...>
15054 <... read resumed>"xofzssbjwoeqtvmiyxnkrraizkezhrrh"..., 1048576) = 1048576
15053 <... read resumed>"hljsybdyuqcdqdzpdhuqfacwqrvofyvm"..., 1048576) = 1048576
15051 <... read resumed>"qsnwvmulcofkcogmojqqekrpsphftbll"..., 425) = 425
15057 lseek(9, 1073244672, SEEK_SET <unfinished ...>
15053 lseek(5, 429050368, SEEK_SET <unfinished ...>
15052 <... read resumed>"qsnwvmulcofkcogmojqqekrpsphftbll"..., 425) = 425
15057 <... lseek resumed>)              = 1073244672
15054 lseek(6, 590098944, SEEK_SET <unfinished ...>
15053 <... lseek resumed>)              = 429050368
15051 read(3,  <unfinished ...>
15057 read(9,  <unfinished ...>
15054 <... lseek resumed>)              = 590098944
15053 read(5,  <unfinished ...>
15052 read(4,  <unfinished ...>
15058 <... read resumed>"cpdgkkaypmtsylwbkzewxcineymkydmc"..., 1048576) = 1048576
15057 <... read resumed>"ucbtqepshuekmtsmkpoysgtdrweldgpx"..., 348) = 348
15054 read(6,  <unfinished ...>
15057 read(9,  <unfinished ...>
15053 <... read resumed>"khfavbrxmniicecfhsmfhlgzrrhfhoyt"..., 392) = 392
15058 lseek(10, 1234293248, SEEK_SET <unfinished ...>
15054 <... read resumed>"zjtfyyoyattnfrabaduemacpdcvvusnu"..., 381) = 381
15058 <... lseek resumed>)              = 1234293248
15056 <... read resumed>"sukguldmlrkbyzvswwswsbvsvjwshoqz"..., 1048576) = 1048576
15053 read(5,  <unfinished ...>
15058 read(10,  <unfinished ...>
15054 read(6,  <unfinished ...>
15058 <... read resumed>"apfjqfwlncwxrhrusuzrsqicmseviezi"..., 337) = 337
15056 lseek(8, 911147520, SEEK_SET <unfinished ...>
15055 <... read resumed>"ybuojfpaczuuuziaryqultynlzbvxzmv"..., 1048576) = 1048576
15058 read(10,  <unfinished ...>
15056 <... lseek resumed>)              = 911147520
15056 read(8, "gyqchcksqeawhtcxvlbmctzskdmqisco"..., 370) = 370
15055 lseek(7, 752196096, SEEK_SET <unfinished ...>
15056 read(8,  <unfinished ...>
15051 <... read resumed>"wzspohfxkelhkaxylkzxfvqzcxneieve"..., 1048576) = 1048576
15055 <... lseek resumed>)              = 752196096
15055 read(7,  <unfinished ...>
15052 <... read resumed>"wzspohfxkelhkaxylkzxfvqzcxneieve"..., 1048576) = 1048576
15055 <... read resumed>"nahbssoxpeoeddbshtfuaqsxpptpzjlm"..., 359) = 359
15051 lseek(3, 106953216, SEEK_SET <unfinished ...>
15057 <... read resumed>"cpdgkkaypmtsylwbkzewxcineymkydmc"..., 1048576) = 1048576
15055 read(7,  <unfinished ...>
15051 <... lseek resumed>)              = 106953216
15052 lseek(4, 266953216, SEEK_SET <unfinished ...>
15051 read(3,  <unfinished ...>
15052 <... lseek resumed>)              = 266953216
15057 lseek(9, 1074293248, SEEK_SET <unfinished ...>
15053 <... read resumed>"xofzssbjwoeqtvmiyxnkrraizkezhrrh"..., 1048576) = 1048576
15051 <... read resumed>"lfjsouefydehjxjofqgzfjuxviutukmi"..., 414) = 414
15057 <... lseek resumed>)              = 1074293248
15054 <... read resumed>"sukguldmlrkbyzvswwswsbvsvjwshoqz"..., 1048576) = 1048576
15052 read(4,  <unfinished ...>
15058 <... read resumed>"rlzypdirdlldizrvjboxfdqiptpvtfgk"..., 1048576) = 1048576
15057 read(9,  <unfinished ...>
15054 lseek(6, 591147520, SEEK_SET <unfinished ...>
15053 lseek(5, 430098944, SEEK_SET <unfinished ...>
15051 read(3,  <unfinished ...>
15057 <... read resumed>"apfjqfwlncwxrhrusuzrsqicmseviezi"..., 337) = 337
15054 <... lseek resumed>)              = 591147520
15053 <... lseek resumed>)              = 430098944
15052 <... read resumed>"lfjsouefydehjxjofqgzfjuxviutukmi"..., 414) = 414
15057 read(9,  <unfinished ...>
15056 <... read resumed>"ybuojfpaczuuuziaryqultynlzbvxzmv"..., 1048576) = 1048576
15054 read(6,  <unfinished ...>
15053 read(5,  <unfinished ...>
15058 lseek(10, 1235341824, SEEK_SET <unfinished ...>
15054 <... read resumed>"gyqchcksqeawhtcxvlbmctzskdmqisco"..., 370) = 370
15052 read(4,  <unfinished ...>
15058 <... lseek resumed>)              = 1235341824
15056 lseek(8, 912196096, SEEK_SET <unfinished ...>
15054 read(6,  <unfinished ...>
15053 <... read resumed>"zjtfyyoyattnfrabaduemacpdcvvusnu"..., 381) = 381
15058 read(10,  <unfinished ...>
15056 <... lseek resumed>)              = 912196096
15055 <... read resumed>"brfnpzupelhnjmpzgqqckxxouqtakhfl"..., 1048576) = 1048576
15058 <... read resumed>"orryxjhzvdefghaqbtiqatatoeujkgib"..., 326) = 326
15056 read(8,  <unfinished ...>
15053 read(5,  <unfinished ...>
15058 read(10,  <unfinished ...>
15056 <... read resumed>"nahbssoxpeoeddbshtfuaqsxpptpzjlm"..., 359) = 359
15056 read(8,  <unfinished ...>
15055 lseek(7, 753244672, SEEK_SET)     = 753244672
15055 read(7,  <unfinished ...>
15051 <... read resumed>"rpgxaaukdprzovctnotyotvaiusdxklq"..., 1048576) = 1048576
15055 <... read resumed>"ucbtqepshuekmtsmkpoysgtdrweldgpx"..., 348) = 348
15055 read(7,  <unfinished ...>
15051 lseek(3, 108001792, SEEK_SET)     = 108001792
15051 read(3, "ykkyimenwvltrwxrxkqnlcvarsptctza"..., 403) = 403
15057 <... read resumed>"rlzypdirdlldizrvjboxfdqiptpvtfgk"..., 1048576) = 1048576
15051 read(3,  <unfinished ...>
15057 lseek(9, 1075341824, SEEK_SET)    = 1075341824
15057 read(9, "orryxjhzvdefghaqbtiqatatoeujkgib"..., 326) = 326
15057 read(9,  <unfinished ...>
15052 <... read resumed>"rpgxaaukdprzovctnotyotvaiusdxklq"..., 1048576) = 1048576
15054 <... read resumed>"ybuojfpaczuuuziaryqultynlzbvxzmv"..., 1048576) = 1048576
15052 lseek(4, 268001792, SEEK_SET <unfinished ...>
15054 lseek(6, 592196096, SEEK_SET <unfinished ...>
15052 <... lseek resumed>)              = 268001792
15054 <... lseek resumed>)              = 592196096
15052 read(4,  <unfinished ...>
15054 read(6,  <unfinished ...>
15052 <... read resumed>"ykkyimenwvltrwxrxkqnlcvarsptctza"..., 403) = 403
15054 <... read resumed>"nahbssoxpeoeddbshtfuaqsxpptpzjlm"..., 359) = 359
15052 read(4,  <unfinished ...>
15054 read(6,  <unfinished ...>
15053 <... read resumed>"sukguldmlrkbyzvswwswsbvsvjwshoqz"..., 1048576) = 1048576
15058 <... read resumed>"vwrxvxfwdmqucevjajxmafnsymlinnnk"..., 1048576) = 1048576
15056 <... read resumed>"brfnpzupelhnjmpzgqqckxxouqtakhfl"..., 1048576) = 1048576
15056 lseek(8, 913244672, SEEK_SET <unfinished ...>
15058 lseek(10, 1236390400, SEEK_SET <unfinished ...>
15053 lseek(5, 431147520, SEEK_SET <unfinished ...>
15058 <... lseek resumed>)              = 1236390400
15056 <... lseek resumed>)              = 913244672
15058 read(10,  <unfinished ...>
15053 <... lseek resumed>)              = 431147520
15058 <... read resumed>"kegggtnhdwqplpqlxesldflpnbveycoi"..., 315) = 315
15056 read(8,  <unfinished ...>
15058 read(10,  <unfinished ...>
15053 read(5,  <unfinished ...>
15056 <... read resumed>"ucbtqepshuekmtsmkpoysgtdrweldgpx"..., 348) = 348
15056 read(8,  <unfinished ...>
15053 <... read resumed>"gyqchcksqeawhtcxvlbmctzskdmqisco"..., 370) = 370
15055 <... read resumed>"cpdgkkaypmtsylwbkzewxcineymkydmc"..., 1048576) = 1048576
15053 read(5,  <unfinished ...>
15051 <... read resumed>"hljsybdyuqcdqdzpdhuqfacwqrvofyvm"..., 1048576) = 1048576
15055 lseek(7, 754293248, SEEK_SET <unfinished ...>
15051 lseek(3, 109050368, SEEK_SET <unfinished ...>
15055 <... lseek resumed>)              = 754293248
15051 <... lseek resumed>)              = 109050368
15055 read(7,  <unfinished ...>
15051 read(3,  <unfinished ...>
15055 <... read resumed>"apfjqfwlncwxrhrusuzrsqicmseviezi"..., 337) = 337
15051 <... read resumed>"khfavbrxmniicecfhsmfhlgzrrhfhoyt"..., 392) = 392
15055 read(7,  <unfinished ...>
15057 <... read resumed>"vwrxvxfwdmqucevjajxmafnsymlinnnk"..., 1048576) = 1048576
15051 read(3,  <unfinished ...>
15057 lseek(9, 1076390400, SEEK_SET)    = 1076390400
15057 read(9, "kegggtnhdwqplpqlxesldflpnbveycoi"..., 315) = 315
15057 read(9,  <unfinished ...>
15052 <... read resumed>"hljsybdyuqcdqdzpdhuqfacwqrvofyvm"..., 1048576) = 1048576
15054 <... read resumed>"brfnpzupelhnjmpzgqqckxxouqtakhfl"..., 1048576) = 1048576
15052 lseek(4, 269050368, SEEK_SET)     = 269050368
15052 read(4, "khfavbrxmniicecfhsmfhlgzrrhfhoyt"..., 392) = 392
15052 read(4,  <unfinished ...>
15054 lseek(6, 593244672, SEEK_SET)     = 593244672
15054 read(6, "ucbtqepshuekmtsmkpoysgtdrweldgpx"..., 348) = 348
15054 read(6,  <unfinished ...>
15058 <... read resumed>"kznaoecnqjebhmmjwfdcfydszjmhdebq"..., 1048576) = 1048576
15056 <... read resumed>"cpdgkkaypmtsylwbkzewxcineymkydmc"..., 1048576) = 1048576
15058 lseek(10, 1237438976, SEEK_SET <unfinished ...>
15056 lseek(8, 914293248, SEEK_SET <unfinished ...>
15058 <... lseek resumed>)              = 1237438976
15053 <... read resumed>"ybuojfpaczuuuziaryqultynlzbvxzmv"..., 1048576) = 1048576
15058 read(10,  <unfinished ...>
15056 <... lseek resumed>)              = 914293248
15058 <... read resumed>"omymnxbomidxlttqvjxmplwldeaxszkg"..., 304) = 304
15056 read(8,  <unfinished ...>
15058 read(10,  <unfinished ...>
15056 <... read resumed>"apfjqfwlncwxrhrusuzrsqicmseviezi"..., 337) = 337
15056 read(8,  <unfinished ...>
15053 lseek(5, 432196096, SEEK_SET)     = 432196096
15053 read(5, "nahbssoxpeoeddbshtfuaqsxpptpzjlm"..., 359) = 359
15053 read(5,  <unfinished ...>
15051 <... read resumed>"xofzssbjwoeqtvmiyxnkrraizkezhrrh"..., 1048576) = 1048576
15055 <... read resumed>"rlzypdirdlldizrvjboxfdqiptpvtfgk"..., 1048576) = 1048576
15051 lseek(3, 110098944, SEEK_SET <unfinished ...>
15057 <... read resumed>"kznaoecnqjebhmmjwfdcfydszjmhdebq"..., 1048576) = 1048576
15051 <... lseek resumed>)              = 110098944
15051 read(3,  <unfinished ...>
15055 lseek(7, 755341824, SEEK_SET <unfinished ...>
15051 <... read resumed>"zjtfyyoyattnfrabaduemacpdcvvusnu"..., 381) = 381
15055 <... lseek resumed>)              = 755341824
15051 read(3,  <unfinished ...>
15055 read(7, "orryxjhzvdefghaqbtiqatatoeujkgib"..., 326) = 326
15055 read(7,  <unfinished ...>
15057 lseek(9, 1077438976, SEEK_SET)    = 1077438976
15057 read(9, "omymnxbomidxlttqvjxmplwldeaxszkg"..., 304) = 304
15057 read(9,  <unfinished ...>
15052 <... read resumed>"xofzssbjwoeqtvmiyxnkrraizkezhrrh"..., 1048576) = 1048576
15054 <... read resumed>"cpdgkkaypmtsylwbkzewxcineymkydmc"..., 1048576) = 1048576
15052 lseek(4, 270098944, SEEK_SET)     = 270098944
15052 read(4, "zjtfyyoyattnfrabaduemacpdcvvusnu"..., 381) = 381
15052 read(4,  <unfinished ...>
15054 lseek(6, 594293248, SEEK_SET)     = 594293248
15054 read(6, "apfjqfwlncwxrhrusuzrsqicmseviezi"..., 337) = 337
15054 read(6,  <unfinished ...>
15058 <... read resumed>"dvobmnbrafqazywuocjarzedlnfyybsb"..., 1048576) = 1048576
15056 <... read resumed>"rlzypdirdlldizrvjboxfdqiptpvtfgk"..., 1048576) = 1048576
15053 <... read resumed>"brfnpzupelhnjmpzgqqckxxouqtakhfl"..., 1048576) = 1048576
15058 lseek(10, 1238487552, SEEK_SET)   = 1238487552
15058 read(10, "cgutkovkgkpraszudfvkgtrnypeuyatd"..., 293) = 293
15058 read(10,  <unfinished ...>
15056 lseek(8, 915341824, SEEK_SET <unfinished ...>
15053 lseek(5, 433244672, SEEK_SET <unfinished ...>
15056 <... lseek resumed>)              = 915341824
15053 <... lseek resumed>)              = 433244672
15056 read(8,  <unfinished ...>
15053 read(5,  <unfinished ...>
15051 <... read resumed>"sukguldmlrkbyzvswwswsbvsvjwshoqz"..., 1048576) = 1048576
15056 <... read resumed>"orryxjhzvdefghaqbtiqatatoeujkgib"..., 326) = 326
15055 <... read resumed>"vwrxvxfwdmqucevjajxmafnsymlinnnk"..., 1048576) = 1048576
15053 <... read resumed>"ucbtqepshuekmtsmkpoysgtdrweldgpx"..., 348) = 348
15056 read(8,  <unfinished ...>
15053 read(5,  <unfinished ...>
15055 lseek(7, 756390400, SEEK_SET)     = 756390400
15051 lseek(3, 111147520, SEEK_SET <unfinished ...>
15055 read(7,  <unfinished ...>
15051 <... lseek resumed>)              = 111147520
15055 <... read resumed>"kegggtnhdwqplpqlxesldflpnbveycoi"..., 315) = 315
15051 read(3,  <unfinished ...>
15057 <... read resumed>"dvobmnbrafqazywuocjarzedlnfyybsb"..., 1048576) = 1048576
15055 read(7,  <unfinished ...>
15051 <... read resumed>"gyqchcksqeawhtcxvlbmctzskdmqisco"..., 370) = 370
15051 read(3,  <unfinished ...>
15057 lseek(9, 1078487552, SEEK_SET)    = 1078487552
15057 read(9, "cgutkovkgkpraszudfvkgtrnypeuyatd"..., 293) = 293
15057 read(9,  <unfinished ...>
15052 <... read resumed>"sukguldmlrkbyzvswwswsbvsvjwshoqz"..., 1048576) = 1048576
15054 <... read resumed>"rlzypdirdlldizrvjboxfdqiptpvtfgk"..., 1048576) = 1048576
15052 lseek(4, 271147520, SEEK_SET)     = 271147520
15052 read(4, "gyqchcksqeawhtcxvlbmctzskdmqisco"..., 370) = 370
15054 lseek(6, 595341824, SEEK_SET <unfinished ...>
15052 read(4,  <unfinished ...>
15054 <... lseek resumed>)              = 595341824
15054 read(6, "orryxjhzvdefghaqbtiqatatoeujkgib"..., 326) = 326
15054 read(6,  <unfinished ...>
15058 <... read resumed>"rieppjkbazileogyvqxkgxonqkksilvz"..., 1048576) = 1048576
15058 lseek(10, 1239536128, SEEK_SET)   = 1239536128
15058 read(10, "kmtnorgkgeoqmlxjarvrhsiqegwdmpmw"..., 282) = 282
15058 read(10,  <unfinished ...>
15056 <... read resumed>"vwrxvxfwdmqucevjajxmafnsymlinnnk"..., 1048576) = 1048576
15053 <... read resumed>"cpdgkkaypmtsylwbkzewxcineymkydmc"..., 1048576) = 1048576
15055 <... read resumed>"kznaoecnqjebhmmjwfdcfydszjmhdebq"..., 1048576) = 1048576
15053 lseek(5, 434293248, SEEK_SET <unfinished ...>
15056 lseek(8, 916390400, SEEK_SET <unfinished ...>
15053 <... lseek resumed>)              = 434293248
15056 <... lseek resumed>)              = 916390400
15051 <... read resumed>"ybuojfpaczuuuziaryqultynlzbvxzmv"..., 1048576) = 1048576
15056 read(8,  <unfinished ...>
15053 read(5,  <unfinished ...>
15056 <... read resumed>"kegggtnhdwqplpqlxesldflpnbveycoi"..., 315) = 315
15053 <... read resumed>"apfjqfwlncwxrhrusuzrsqicmseviezi"..., 337) = 337
15056 read(8,  <unfinished ...>
15053 read(5,  <unfinished ...>
15055 lseek(7, 757438976, SEEK_SET)     = 757438976
15055 read(7, "omymnxbomidxlttqvjxmplwldeaxszkg"..., 304) = 304
15055 read(7,  <unfinished ...>
15051 lseek(3, 112196096, SEEK_SET <unfinished ...>
15057 <... read resumed>"rieppjkbazileogyvqxkgxonqkksilvz"..., 1048576) = 1048576
15051 <... lseek resumed>)              = 112196096
15051 read(3, "nahbssoxpeoeddbshtfuaqsxpptpzjlm"..., 359) = 359
15051 read(3,  <unfinished ...>
15057 lseek(9, 1079536128, SEEK_SET)    = 1079536128
15057 read(9,  <unfinished ...>
15052 <... read resumed>"ybuojfpaczuuuziaryqultynlzbvxzmv"..., 1048576) = 1048576
15057 <... read resumed>"kmtnorgkgeoqmlxjarvrhsiqegwdmpmw"..., 282) = 282
15054 <... read resumed>"vwrxvxfwdmqucevjajxmafnsymlinnnk"..., 1048576) = 1048576
15057 read(9,  <unfinished ...>
15052 lseek(4, 272196096, SEEK_SET)     = 272196096
15054 lseek(6, 596390400, SEEK_SET <unfinished ...>
15058 <... read resumed>"xocaaglpwmcsgucmarwaljdgloxjixvg"..., 1048576) = 1048576
15052 read(4,  <unfinished ...>
15054 <... lseek resumed>)              = 596390400
15052 <... read resumed>"nahbssoxpeoeddbshtfuaqsxpptpzjlm"..., 359) = 359
15054 read(6,  <unfinished ...>
15052 read(4,  <unfinished ...>
15054 <... read resumed>"kegggtnhdwqplpqlxesldflpnbveycoi"..., 315) = 315
15056 <... read resumed>"kznaoecnqjebhmmjwfdcfydszjmhdebq"..., 1048576) = 1048576
15058 lseek(10, 1240584704, SEEK_SET <unfinished ...>
15055 <... read resumed>"dvobmnbrafqazywuocjarzedlnfyybsb"..., 1048576) = 1048576
15054 read(6,  <unfinished ...>
15053 <... read resumed>"rlzypdirdlldizrvjboxfdqiptpvtfgk"..., 1048576) = 1048576
15058 <... lseek resumed>)              = 1240584704
15051 <... read resumed>"brfnpzupelhnjmpzgqqckxxouqtakhfl"..., 1048576) = 1048576
15058 read(10, "xlyyywqtjtafcundddamukwzgxbbjvkj"..., 271) = 271
15058 read(10,  <unfinished ...>
15056 lseek(8, 917438976, SEEK_SET)     = 917438976
15056 read(8,  <unfinished ...>
15053 lseek(5, 435341824, SEEK_SET <unfinished ...>
15057 <... read resumed>"xocaaglpwmcsgucmarwaljdgloxjixvg"..., 1048576) = 1048576
15056 <... read resumed>"omymnxbomidxlttqvjxmplwldeaxszkg"..., 304) = 304
15055 lseek(7, 758487552, SEEK_SET <unfinished ...>
15053 <... lseek resumed>)              = 435341824
15051 lseek(3, 113244672, SEEK_SET <unfinished ...>
15056 read(8,  <unfinished ...>
15055 <... lseek resumed>)              = 758487552
15053 read(5,  <unfinished ...>
15055 read(7,  <unfinished ...>
15051 <... lseek resumed>)              = 113244672
15055 <... read resumed>"cgutkovkgkpraszudfvkgtrnypeuyatd"..., 293) = 293
15053 <... read resumed>"orryxjhzvdefghaqbtiqatatoeujkgib"..., 326) = 326
15051 read(3,  <unfinished ...>
15057 lseek(9, 1080584704, SEEK_SET <unfinished ...>
15055 read(7,  <unfinished ...>
15053 read(5,  <unfinished ...>
15057 <... lseek resumed>)              = 1080584704
15051 <... read resumed>"ucbtqepshuekmtsmkpoysgtdrweldgpx"..., 348) = 348
15057 read(9,  <unfinished ...>
15052 <... read resumed>"brfnpzupelhnjmpzgqqckxxouqtakhfl"..., 1048576) = 1048576
15057 <... read resumed>"xlyyywqtjtafcundddamukwzgxbbjvkj"..., 271) = 271
15051 read(3,  <unfinished ...>
15057 read(9,  <unfinished ...>
15054 <... read resumed>"kznaoecnqjebhmmjwfdcfydszjmhdebq"..., 1048576) = 1048576
15052 lseek(4, 273244672, SEEK_SET)     = 273244672
15058 <... read resumed>"fczxsvtqbhfepjjomipzbqfravgbghwn"..., 1048576) = 1048576
15052 read(4,  <unfinished ...>
15054 lseek(6, 597438976, SEEK_SET <unfinished ...>
15052 <... read resumed>"ucbtqepshuekmtsmkpoysgtdrweldgpx"..., 348) = 348
15054 <... lseek resumed>)              = 597438976
15052 read(4,  <unfinished ...>
15054 read(6,  <unfinished ...>
15056 <... read resumed>"dvobmnbrafqazywuocjarzedlnfyybsb"..., 1048576) = 1048576
15058 lseek(10, 1241633280, SEEK_SET <unfinished ...>
15054 <... read resumed>"omymnxbomidxlttqvjxmplwldeaxszkg"..., 304) = 304
15058 <... lseek resumed>)              = 1241633280
15054 read(6,  <unfinished ...>
15058 read(10,  <unfinished ...>
15056 lseek(8, 918487552, SEEK_SET <unfinished ...>
15058 <... read resumed>"rvcinifbhvyxwnvovwqzchoaennwfiyx"..., 260) = 260
15055 <... read resumed>"rieppjkbazileogyvqxkgxonqkksilvz"..., 1048576) = 1048576
15053 <... read resumed>"vwrxvxfwdmqucevjajxmafnsymlinnnk"..., 1048576) = 1048576
15058 read(10,  <unfinished ...>
15056 <... lseek resumed>)              = 918487552
15056 read(8, "cgutkovkgkpraszudfvkgtrnypeuyatd"..., 293) = 293
15051 <... read resumed>"cpdgkkaypmtsylwbkzewxcineymkydmc"..., 1048576) = 1048576
15057 <... read resumed>"fczxsvtqbhfepjjomipzbqfravgbghwn"..., 1048576) = 1048576
15056 read(8,  <unfinished ...>
15055 lseek(7, 759536128, SEEK_SET <unfinished ...>
15053 lseek(5, 436390400, SEEK_SET <unfinished ...>
15055 <... lseek resumed>)              = 759536128
15053 <... lseek resumed>)              = 436390400
15055 read(7,  <unfinished ...>
15053 read(5,  <unfinished ...>
15055 <... read resumed>"kmtnorgkgeoqmlxjarvrhsiqegwdmpmw"..., 282) = 282
15053 <... read resumed>"kegggtnhdwqplpqlxesldflpnbveycoi"..., 315) = 315
15051 lseek(3, 114293248, SEEK_SET <unfinished ...>
15057 lseek(9, 1081633280, SEEK_SET <unfinished ...>
15055 read(7,  <unfinished ...>
15053 read(5,  <unfinished ...>
15057 <... lseek resumed>)              = 1081633280
15052 <... read resumed>"cpdgkkaypmtsylwbkzewxcineymkydmc"..., 1048576) = 1048576
15051 <... lseek resumed>)              = 114293248
15057 read(9,  <unfinished ...>
15051 read(3,  <unfinished ...>
15057 <... read resumed>"rvcinifbhvyxwnvovwqzchoaennwfiyx"..., 260) = 260
15051 <... read resumed>"apfjqfwlncwxrhrusuzrsqicmseviezi"..., 337) = 337
15057 read(9,  <unfinished ...>
15054 <... read resumed>"dvobmnbrafqazywuocjarzedlnfyybsb"..., 1048576) = 1048576
15052 lseek(4, 274293248, SEEK_SET <unfinished ...>
15051 read(3,  <unfinished ...>
15052 <... lseek resumed>)              = 274293248
15052 read(4, "apfjqfwlncwxrhrusuzrsqicmseviezi"..., 337) = 337
15052 read(4,  <unfinished ...>
15054 lseek(6, 598487552, SEEK_SET)     = 598487552
15054 read(6,  <unfinished ...>
15058 <... read resumed>"comukmnggfiyqdglfjmklmjokzpjvuba"..., 1048576) = 1048576
15054 <... read resumed>"cgutkovkgkpraszudfvkgtrnypeuyatd"..., 293) = 293
15054 read(6,  <unfinished ...>
15056 <... read resumed>"rieppjkbazileogyvqxkgxonqkksilvz"..., 1048576) = 1048576
15058 lseek(10, 1242681856, SEEK_SET)   = 1242681856
15058 read(10, "jdtscnbsqedxpctsjmcppcgmqrwejips"..., 249) = 249
15058 read(10,  <unfinished ...>
15056 lseek(8, 919536128, SEEK_SET)     = 919536128
15056 read(8,  <unfinished ...>
15055 <... read resumed>"xocaaglpwmcsgucmarwaljdgloxjixvg"..., 1048576) = 1048576
15053 <... read resumed>"kznaoecnqjebhmmjwfdcfydszjmhdebq"..., 1048576) = 1048576
15056 <... read resumed>"kmtnorgkgeoqmlxjarvrhsiqegwdmpmw"..., 282) = 282
15056 read(8,  <unfinished ...>
15057 <... read resumed>"comukmnggfiyqdglfjmklmjokzpjvuba"..., 1048576) = 1048576
15052 <... read resumed>"rlzypdirdlldizrvjboxfdqiptpvtfgk"..., 1048576) = 1048576
15051 <... read resumed>"rlzypdirdlldizrvjboxfdqiptpvtfgk"..., 1048576) = 1048576
15055 lseek(7, 760584704, SEEK_SET <unfinished ...>
15057 lseek(9, 1082681856, SEEK_SET <unfinished ...>
15053 lseek(5, 437438976, SEEK_SET <unfinished ...>
15052 lseek(4, 275341824, SEEK_SET <unfinished ...>
15051 lseek(3, 115341824, SEEK_SET <unfinished ...>
15057 <... lseek resumed>)              = 1082681856
15055 <... lseek resumed>)              = 760584704
15054 <... read resumed>"rieppjkbazileogyvqxkgxonqkksilvz"..., 1048576) = 1048576
15053 <... lseek resumed>)              = 437438976
15052 <... lseek resumed>)              = 275341824
15051 <... lseek resumed>)              = 115341824
15057 read(9,  <unfinished ...>
15055 read(7,  <unfinished ...>
15053 read(5,  <unfinished ...>
15052 read(4,  <unfinished ...>
15057 <... read resumed>"jdtscnbsqedxpctsjmcppcgmqrwejips"..., 249) = 249
15055 <... read resumed>"xlyyywqtjtafcundddamukwzgxbbjvkj"..., 271) = 271
15053 <... read resumed>"omymnxbomidxlttqvjxmplwldeaxszkg"..., 304) = 304
15051 read(3,  <unfinished ...>
15057 read(9,  <unfinished ...>
15055 read(7,  <unfinished ...>
15053 read(5,  <unfinished ...>
15052 <... read resumed>"orryxjhzvdefghaqbtiqatatoeujkgib"..., 326) = 326
15058 <... read resumed>"hxbctfzxksrijgchxwuhyweixsskjrqt"..., 1048576) = 1048576
15054 lseek(6, 599536128, SEEK_SET <unfinished ...>
15051 <... read resumed>"orryxjhzvdefghaqbtiqatatoeujkgib"..., 326) = 326
15054 <... lseek resumed>)              = 599536128
15052 read(4,  <unfinished ...>
15054 read(6,  <unfinished ...>
15051 read(3,  <unfinished ...>
15054 <... read resumed>"kmtnorgkgeoqmlxjarvrhsiqegwdmpmw"..., 282) = 282
15054 read(6,  <unfinished ...>
15056 <... read resumed>"xocaaglpwmcsgucmarwaljdgloxjixvg"..., 1048576) = 1048576
15058 lseek(10, 1243730432, SEEK_SET)   = 1243730432
15058 read(10, "gnnzolbniwtmtxrohittbkgytryvuirc"..., 238) = 238
15058 read(10,  <unfinished ...>
15056 lseek(8, 920584704, SEEK_SET <unfinished ...>
15057 <... read resumed>"hxbctfzxksrijgchxwuhyweixsskjrqt"..., 1048576) = 1048576
15056 <... lseek resumed>)              = 920584704
15055 <... read resumed>"fczxsvtqbhfepjjomipzbqfravgbghwn"..., 1048576) = 1048576
15053 <... read resumed>"dvobmnbrafqazywuocjarzedlnfyybsb"..., 1048576) = 1048576
15056 read(8, "xlyyywqtjtafcundddamukwzgxbbjvkj"..., 271) = 271
15056 read(8,  <unfinished ...>
15052 <... read resumed>"vwrxvxfwdmqucevjajxmafnsymlinnnk"..., 1048576) = 1048576
15051 <... read resumed>"vwrxvxfwdmqucevjajxmafnsymlinnnk"..., 1048576) = 1048576
15054 <... read resumed>"xocaaglpwmcsgucmarwaljdgloxjixvg"..., 1048576) = 1048576
15057 lseek(9, 1083730432, SEEK_SET)    = 1083730432
15057 read(9, "gnnzolbniwtmtxrohittbkgytryvuirc"..., 238) = 238
15053 lseek(5, 438487552, SEEK_SET <unfinished ...>
15057 read(9,  <unfinished ...>
15055 lseek(7, 761633280, SEEK_SET <unfinished ...>
15058 <... read resumed>"ygpwrspxobliakypfujnwhysyfrzwdju"..., 1048576) = 1048576
15053 <... lseek resumed>)              = 438487552
15058 lseek(10, 1244779008, SEEK_SET <unfinished ...>
15055 <... lseek resumed>)              = 761633280
15054 lseek(6, 600584704, SEEK_SET <unfinished ...>
15052 lseek(4, 276390400, SEEK_SET <unfinished ...>
15051 lseek(3, 116390400, SEEK_SET <unfinished ...>
15058 <... lseek resumed>)              = 1244779008
15055 read(7,  <unfinished ...>
15054 <... lseek resumed>)              = 600584704
15053 read(5,  <unfinished ...>
15052 <... lseek resumed>)              = 276390400
15058 read(10,  <unfinished ...>
15055 <... read resumed>"rvcinifbhvyxwnvovwqzchoaennwfiyx"..., 260) = 260
15054 read(6,  <unfinished ...>
15053 <... read resumed>"cgutkovkgkpraszudfvkgtrnypeuyatd"..., 293) = 293
15051 <... lseek resumed>)              = 116390400
15058 <... read resumed>"wysfchztteaxrpuuoesstzrpjcsbgone"..., 227) = 227
15055 read(7,  <unfinished ...>
15054 <... read resumed>"xlyyywqtjtafcundddamukwzgxbbjvkj"..., 271) = 271
15053 read(5,  <unfinished ...>
15052 read(4,  <unfinished ...>
15058 read(10,  <unfinished ...>
15054 read(6,  <unfinished ...>
15051 read(3,  <unfinished ...>
15052 <... read resumed>"kegggtnhdwqplpqlxesldflpnbveycoi"..., 315) = 315
15051 <... read resumed>"kegggtnhdwqplpqlxesldflpnbveycoi"..., 315) = 315
15052 read(4,  <unfinished ...>
15056 <... read resumed>"fczxsvtqbhfepjjomipzbqfravgbghwn"..., 1048576) = 1048576
15051 read(3,  <unfinished ...>
15057 <... read resumed>"ygpwrspxobliakypfujnwhysyfrzwdju"..., 1048576) = 1048576
15056 lseek(8, 921633280, SEEK_SET)     = 921633280
15056 read(8, "rvcinifbhvyxwnvovwqzchoaennwfiyx"..., 260) = 260
15056 read(8,  <unfinished ...>
15057 lseek(9, 1084779008, SEEK_SET)    = 1084779008
15057 read(9, "wysfchztteaxrpuuoesstzrpjcsbgone"..., 227) = 227
15057 read(9,  <unfinished ...>
15055 <... read resumed>"comukmnggfiyqdglfjmklmjokzpjvuba"..., 1048576) = 1048576
15053 <... read resumed>"rieppjkbazileogyvqxkgxonqkksilvz"..., 1048576) = 1048576
15058 <... read resumed>"wudbdylaayreusildygszeihntekqmwm"..., 1048576) = 1048576
15055 lseek(7, 762681856, SEEK_SET <unfinished ...>
15054 <... read resumed>"fczxsvtqbhfepjjomipzbqfravgbghwn"..., 1048576) = 1048576
15053 lseek(5, 439536128, SEEK_SET <unfinished ...>
15055 <... lseek resumed>)              = 762681856
15053 <... lseek resumed>)              = 439536128
15052 <... read resumed>"kznaoecnqjebhmmjwfdcfydszjmhdebq"..., 1048576) = 1048576
15055 read(7,  <unfinished ...>
15053 read(5,  <unfinished ...>
15051 <... read resumed>"kznaoecnqjebhmmjwfdcfydszjmhdebq"..., 1048576) = 1048576
15055 <... read resumed>"jdtscnbsqedxpctsjmcppcgmqrwejips"..., 249) = 249
15053 <... read resumed>"kmtnorgkgeoqmlxjarvrhsiqegwdmpmw"..., 282) = 282
15058 lseek(10, 1245827584, SEEK_SET <unfinished ...>
15055 read(7,  <unfinished ...>
15058 <... lseek resumed>)              = 1245827584
15053 read(5,  <unfinished ...>
15058 read(10,  <unfinished ...>
15054 lseek(6, 601633280, SEEK_SET)     = 601633280
15058 <... read resumed>"ejfzhxzmvrhztujodurkdcazkqtesvay"..., 216) = 216
15052 lseek(4, 277438976, SEEK_SET <unfinished ...>
15058 read(10,  <unfinished ...>
15054 read(6,  <unfinished ...>
15056 <... read resumed>"comukmnggfiyqdglfjmklmjokzpjvuba"..., 1048576) = 1048576
15052 <... lseek resumed>)              = 277438976
15051 lseek(3, 117438976, SEEK_SET <unfinished ...>
15054 <... read resumed>"rvcinifbhvyxwnvovwqzchoaennwfiyx"..., 260) = 260
15052 read(4,  <unfinished ...>
15054 read(6,  <unfinished ...>
15051 <... lseek resumed>)              = 117438976
15052 <... read resumed>"omymnxbomidxlttqvjxmplwldeaxszkg"..., 304) = 304
15051 read(3,  <unfinished ...>
15057 <... read resumed>"wudbdylaayreusildygszeihntekqmwm"..., 1048576) = 1048576
15056 lseek(8, 922681856, SEEK_SET <unfinished ...>
15052 read(4,  <unfinished ...>
15056 <... lseek resumed>)              = 922681856
15051 <... read resumed>"omymnxbomidxlttqvjxmplwldeaxszkg"..., 304) = 304
15056 read(8,  <unfinished ...>
15051 read(3,  <unfinished ...>
15057 lseek(9, 1085827584, SEEK_SET <unfinished ...>
15056 <... read resumed>"jdtscnbsqedxpctsjmcppcgmqrwejips"..., 249) = 249
15057 <... lseek resumed>)              = 1085827584
15056 read(8,  <unfinished ...>
15057 read(9,  <unfinished ...>
15055 <... read resumed>"hxbctfzxksrijgchxwuhyweixsskjrqt"..., 1048576) = 1048576
15057 <... read resumed>"ejfzhxzmvrhztujodurkdcazkqtesvay"..., 216) = 216
15057 read(9,  <unfinished ...>
15053 <... read resumed>"xocaaglpwmcsgucmarwaljdgloxjixvg"..., 1048576) = 1048576
15055 lseek(7, 763730432, SEEK_SET)     = 763730432
15055 read(7,  <unfinished ...>
15058 <... read resumed>"afbnfsjqgkoisiscflogtxbtczplwxyy"..., 1048576) = 1048576
15055 <... read resumed>"gnnzolbniwtmtxrohittbkgytryvuirc"..., 238) = 238
15053 lseek(5, 440584704, SEEK_SET <unfinished ...>
15055 read(7,  <unfinished ...>
15053 <... lseek resumed>)              = 440584704
15058 lseek(10, 1246876160, SEEK_SET <unfinished ...>
15054 <... read resumed>"comukmnggfiyqdglfjmklmjokzpjvuba"..., 1048576) = 1048576
